Component: ARM Compiler 5.06 update 7 (build 960) Tool: armlink [4d3601]

==============================================================================

Section Cross References

    main.o(i.Delay_ms) refers to main.o(.data) for TimingDelay
    main.o(i.IO_Init) refers to stm32f4xx_rcc.o(i.RCC_AHB1PeriphClockCmd) for RCC_AHB1PeriphClockCmd
    main.o(i.IO_Init) refers to stm32f4xx_gpio.o(i.GPIO_Init) for GPIO_Init
    main.o(i.IO_Init) refers to stm32f4xx_gpio.o(i.GPIO_SetBits) for GPIO_SetBits
    main.o(i.Init_Devices) refers to misc.o(i.NVIC_PriorityGroupConfig) for NVIC_PriorityGroupConfig
    main.o(i.Init_Devices) refers to main.o(i.Init_SysTick) for Init_SysTick
    main.o(i.Init_Devices) refers to wdg.o(i.WDG_Init) for WDG_Init
    main.o(i.Init_Devices) refers to main.o(i.IO_Init) for IO_Init
    main.o(i.Init_Devices) refers to debug_uart.o(i.Usart6_Init) for Usart6_Init
    main.o(i.Init_Devices) refers to printfa.o(i.__0printf) for __2printf
    main.o(i.Init_Devices) refers to main.o(i.get_RCCCLOCK) for get_RCCCLOCK
    main.o(i.Init_Devices) refers to main.o(i.Delay_ms) for Delay_ms
    main.o(i.Init_Devices) refers to led.o(i.LED_Init) for LED_Init
    main.o(i.Init_Devices) refers to beep.o(i.Beep_Init) for Beep_Init
    main.o(i.Init_Devices) refers to at24c64iic.o(i.IIC_Init) for IIC_Init
    main.o(i.Init_Devices) refers to key.o(i.Btn_Init) for Btn_Init
    main.o(i.Init_Devices) refers to dac.o(i.AD5542_Init) for AD5542_Init
    main.o(i.Init_Devices) refers to dac.o(i.AD5542_Output) for AD5542_Output
    main.o(i.Init_Devices) refers to codec.o(i.Codec_Init) for Codec_Init
    main.o(i.Init_Devices) refers to trigger.o(i.TriggerExIN01_Init) for TriggerExIN01_Init
    main.o(i.Init_Devices) refers to trigger.o(i.TriggerOUT_Init) for TriggerOUT_Init
    main.o(i.Init_Devices) refers to at24c64.o(i.AT24CXX_Init) for AT24CXX_Init
    main.o(i.Init_Devices) refers to usart1.o(i.Uart1_Init) for Uart1_Init
    main.o(i.Init_Devices) refers to malloc.o(i.My_Mem_Init) for My_Mem_Init
    main.o(i.Init_Devices) refers to switch.o(i.Switch_Init) for Switch_Init
    main.o(i.Init_Devices) refers to wdg.o(i.WDG_Feed) for WDG_Feed
    main.o(i.Init_Devices) refers to ssd1961.o(i.LCDRST_Init) for LCDRST_Init
    main.o(i.Init_Devices) refers to ssd1961.o(i.LCD_Init) for LCD_Init
    main.o(i.Init_Devices) refers to at24c64memdata.o(i.Memory_ConfigLoad) for Memory_ConfigLoad
    main.o(i.Init_Devices) refers to ui.o(i.UI_DeskTopInit) for UI_DeskTopInit
    main.o(i.Init_Devices) refers to timer6.o(i.Timer6_Init) for Timer6_Init
    main.o(i.Init_Devices) refers to timer.o(i.Timer5_Init) for Timer5_Init
    main.o(i.Init_Devices) refers to trigger.o(i.TriggerExIN23_Init) for TriggerExIN23_Init
    main.o(i.Init_Devices) refers to main.o(.conststring) for .conststring
    main.o(i.Init_Devices) refers to ssd1961.o(.bss) for lcddev
    main.o(i.Init_Devices) refers to manual.o(.data) for Wave_type
    main.o(i.Init_SysTick) refers to main.o(i.NVIC_SetPriority) for NVIC_SetPriority
    main.o(i.Init_SysTick) refers to system_stm32f4xx_1.o(.data) for SystemCoreClock
    main.o(i.get_RCCCLOCK) refers to stm32f4xx_rcc.o(i.RCC_GetClocksFreq) for RCC_GetClocksFreq
    main.o(i.get_RCCCLOCK) refers to dfltui.o(.text) for __aeabi_ui2d
    main.o(i.get_RCCCLOCK) refers to ddiv.o(.text) for __aeabi_ddiv
    main.o(i.get_RCCCLOCK) refers to printfa.o(i.__0printf) for __2printf
    main.o(i.main) refers to main.o(i.Init_Devices) for Init_Devices
    main.o(i.main) refers to manual.o(i.Manual_Poll) for Manual_Poll
    main.o(i.main) refers to at24c64memdata.o(i.Memory_Poll) for Memory_Poll
    main.o(i.main) refers to ui.o(i.UI_Poll) for UI_Poll
    main.o(i.main) refers to led.o(i.Led_ShortOn_Poll) for Led_ShortOn_Poll
    main.o(i.main) refers to wdg.o(i.WDG_Feed) for WDG_Feed
    main.o(i.main) refers to main.o(i.Delay_ms) for Delay_ms
    stm32f4xx_it.o(i.SysTick_Handler) refers to main.o(.data) for TimingDelay
    manual.o(i.Manual_Poll) refers to key.o(i.bsp_GetKey) for bsp_GetKey
    manual.o(i.Manual_Poll) refers to protocol.o(i.Process_COMMAND_STOP) for Process_COMMAND_STOP
    manual.o(i.Manual_Poll) refers to output.o(i.Output_VorC) for Output_VorC
    manual.o(i.Manual_Poll) refers to ui.o(i.ParamEdit_RefreshPre) for ParamEdit_RefreshPre
    manual.o(i.Manual_Poll) refers to led.o(i.Led_ParamPartOff) for Led_ParamPartOff
    manual.o(i.Manual_Poll) refers to trigger.o(i.UO_Update) for UO_Update
    manual.o(i.Manual_Poll) refers to protocol.o(i.Process_COMMAND_START) for Process_COMMAND_START
    manual.o(i.Manual_Poll) refers to protocol.o(i.Process_COMMAND_PAUSE) for Process_COMMAND_PAUSE
    manual.o(i.Manual_Poll) refers to protocol.o(i.Process_COMMAND_CONTINUE) for Process_COMMAND_CONTINUE
    manual.o(i.Manual_Poll) refers to led.o(i.Led_ModePartOff) for Led_ModePartOff
    manual.o(i.Manual_Poll) refers to switch.o(i.Switch_Ctrl) for Switch_Ctrl
[...]
    i.IWDG_WriteAccessCmd                    0x08001cd4   Section        0  stm32f4xx_iwdg.o(i.IWDG_WriteAccessCmd)
    i.Init_Devices                           0x08001ce0   Section        0  main.o(i.Init_Devices)
    i.Init_SysTick                           0x0800209c   Section        0  main.o(i.Init_SysTick)
    i.IsKeyDown                              0x080020e4   Section        0  key.o(i.IsKeyDown)
    IsKeyDown                                0x080020e5   Thumb Code   686  key.o(i.IsKeyDown)
    i.LCDRST_Init                            0x0800239c   Section        0  ssd1961.o(i.LCDRST_Init)
    i.LCD_Clear                              0x080023e4   Section        0  ssd1961.o(i.LCD_Clear)
    i.LCD_Display_Dir                        0x08002450   Section        0  ssd1961.o(i.LCD_Display_Dir)
    i.LCD_Fast_DrawPoint                     0x080024d0   Section        0  ssd1961.o(i.LCD_Fast_DrawPoint)
    i.LCD_Fill                               0x08002548   Section        0  ssd1961.o(i.LCD_Fill)
    i.LCD_Init                               0x0800259c   Section        0  ssd1961.o(i.LCD_Init)
    i.LCD_RD_DATA                            0x08002904   Section        0  ssd1961.o(i.LCD_RD_DATA)
    i.LCD_ReadReg                            0x08002918   Section        0  ssd1961.o(i.LCD_ReadReg)
    i.LCD_SSD_BackLightSet                   0x08002930   Section        0  ssd1961.o(i.LCD_SSD_BackLightSet)
    i.LCD_Scan_Dir                           0x08002990   Section        0  ssd1961.o(i.LCD_Scan_Dir)
    i.LCD_SetCursor                          0x08002c7c   Section        0  ssd1961.o(i.LCD_SetCursor)
    i.LCD_ShowChar_WithColor                 0x08002d24   Section        0  ssd1961.o(i.LCD_ShowChar_WithColor)
    LCD_ShowChar_WithColor                   0x08002d25   Thumb Code   268  ssd1961.o(i.LCD_ShowChar_WithColor)
    i.LCD_ShowString_WithColor               0x08002e40   Section        0  ssd1961.o(i.LCD_ShowString_WithColor)
    i.LCD_WR_DATA                            0x08002eac   Section        0  ssd1961.o(i.LCD_WR_DATA)
    i.LCD_WR_REG                             0x08002eb8   Section        0  ssd1961.o(i.LCD_WR_REG)
    i.LCD_WriteRAM_Prepare                   0x08002ec4   Section        0  ssd1961.o(i.LCD_WriteRAM_Prepare)
    i.LCD_WriteReg                           0x08002ed8   Section        0  ssd1961.o(i.LCD_WriteReg)
    i.LED_Init                               0x08002ee8   Section        0  led.o(i.LED_Init)
    i.Led_ModePartOff                        0x08002f9c   Section        0  led.o(i.Led_ModePartOff)
    i.Led_ParamPartOff                       0x08002fc4   Section        0  led.o(i.Led_ParamPartOff)
    i.Led_ShortOn_Poll                       0x08002fe8   Section        0  led.o(i.Led_ShortOn_Poll)
    i.Manual_Poll                            0x08003088   Section        0  manual.o(i.Manual_Poll)
    i.MemManage_Handler                      0x08003b4c   Section        0  stm32f4xx_it.o(i.MemManage_Handler)
    i.Memory_ConfigLoad                      0x08003b50   Section        0  at24c64memdata.o(i.Memory_ConfigLoad)
    i.Memory_OverLimit_Process               0x08004658   Section        0  at24c64memdata.o(i.Memory_OverLimit_Process)
    i.Memory_Poll                            0x08004670   Section        0  at24c64memdata.o(i.Memory_Poll)
    i.My_Mem_Init                            0x08004b70   Section        0  malloc.o(i.My_Mem_Init)
    i.NMI_Handler                            0x08004bb4   Section        0  stm32f4xx_it.o(i.NMI_Handler)
    i.NVIC_Init                              0x08004bb8   Section        0  misc.o(i.NVIC_Init)
    i.NVIC_PriorityGroupConfig               0x08004c30   Section        0  misc.o(i.NVIC_PriorityGroupConfig)
    i.NVIC_SetPriority                       0x08004c44   Section        0  main.o(i.NVIC_SetPriority)
    NVIC_SetPriority                         0x08004c45   Thumb Code    32  main.o(i.NVIC_SetPriority)
    i.Output_VorC                            0x08004c6c   Section        0  output.o(i.Output_VorC)
    i.ParamEdit_RefreshPre                   0x08004d7c   Section        0  ui.o(i.ParamEdit_RefreshPre)
    i.PartialArea_Refresh                    0x08004ecc   Section        0  ui.o(i.PartialArea_Refresh)
    PartialArea_Refresh                      0x08004ecd   Thumb Code   566  ui.o(i.PartialArea_Refresh)
    i.PendSV_Handler                         0x08005114   Section        0  stm32f4xx_it.o(i.PendSV_Handler)
    i.Process_COMMAND_CONTINUE               0x08005118   Section        0  protocol.o(i.Process_COMMAND_CONTINUE)
    i.Process_COMMAND_PAUSE                  0x08005138   Section        0  protocol.o(i.Process_COMMAND_PAUSE)
    i.Process_COMMAND_START                  0x08005158   Section        0  protocol.o(i.Process_COMMAND_START)
    i.Process_COMMAND_STOP                   0x080055ac   Section        0  protocol.o(i.Process_COMMAND_STOP)
    i.PulseTran_FreeRun                      0x080055fc   Section        0  pulsetran.o(i.PulseTran_FreeRun)
    i.PulseTran_Single                       0x08005750   Section        0  pulsetran.o(i.PulseTran_Single)
    i.PulseTran_Sub_CalcPwmPara              0x080058cc   Section        0  pulsetran.o(i.PulseTran_Sub_CalcPwmPara)
    PulseTran_Sub_CalcPwmPara                0x080058cd   Thumb Code   620  pulsetran.o(i.PulseTran_Sub_CalcPwmPara)
    i.PulseTran_Train                        0x08005b84   Section        0  pulsetran.o(i.PulseTran_Train)
    i.RCC_AHB1PeriphClockCmd                 0x08005d74   Section        0  stm32f4xx_rcc.o(i.RCC_AHB1PeriphClockCmd)
    i.RCC_AHB3PeriphClockCmd                 0x08005d94   Section        0  stm32f4xx_rcc.o(i.RCC_AHB3PeriphClockCmd)
    i.RCC_APB1PeriphClockCmd                 0x08005db4   Section        0  stm32f4xx_rcc.o(i.RCC_APB1PeriphClockCmd)
    i.RCC_APB2PeriphClockCmd                 0x08005dd4   Section        0  stm32f4xx_rcc.o(i.RCC_APB2PeriphClockCmd)
    i.RCC_GetClocksFreq                      0x08005df4   Section        0  stm32f4xx_rcc.o(i.RCC_GetClocksFreq)
    i.RCC_HSEConfig                          0x08005edc   Section        0  stm32f4xx_rcc.o(i.RCC_HSEConfig)
    i.SUB_SettingInfo_Get                    0x08005eec   Section        0  manual.o(i.SUB_SettingInfo_Get)
    SUB_SettingInfo_Get                      0x08005eed   Thumb Code   182  manual.o(i.SUB_SettingInfo_Get)
    i.SVC_Handler                            0x08005fb0   Section        0  stm32f4xx_it.o(i.SVC_Handler)
    i.SYSCFG_EXTILineConfig                  0x08005fb4   Section        0  stm32f4xx_syscfg.o(i.SYSCFG_EXTILineConfig)
    i.SetSysClock                            0x08005ff4   Section        0  system_stm32f4xx_1.o(i.SetSysClock)
    SetSysClock                              0x08005ff5   Thumb Code   226  system_stm32f4xx_1.o(i.SetSysClock)
    i.SettingInfo_Get                        0x080060e8   Section        0  manual.o(i.SettingInfo_Get)
    SettingInfo_Get                          0x080060e9   Thumb Code   270  manual.o(i.SettingInfo_Get)
    i.SettingInfo_Modify                     0x0800620c   Section        0  manual.o(i.SettingInfo_Modify)
    i.Switch_Ctrl                            0x08006b48   Section        0  switch.o(i.Switch_Ctrl)
    i.Switch_Init                            0x08006c6c   Section        0  switch.o(i.Switch_Init)
    i.SysTick_Handler                        0x08006cbc   Section        0  stm32f4xx_it.o(i.SysTick_Handler)
    i.SystemInit                             0x08006d10   Section        0  system_stm32f4xx_1.o(i.SystemInit)
    i.TIM2_IRQHandler                        0x08006d78   Section        0  timer.o(i.TIM2_IRQHandler)
    i.TIM5_IRQHandler                        0x08006dd0   Section        0  timer.o(i.TIM5_IRQHandler)
    i.TIM6_DAC_IRQHandler                    0x08006f68   Section        0  timer6.o(i.TIM6_DAC_IRQHandler)
    i.TIM_ClearITPendingBit                  0x08006fa8   Section        0  stm32f4xx_tim.o(i.TIM_ClearITPendingBit)
    i.TIM_Cmd                                0x08006fae   Section        0  stm32f4xx_tim.o(i.TIM_Cmd)
    i.TIM_GetITStatus                        0x08006fc6   Section        0  stm32f4xx_tim.o(i.TIM_GetITStatus)
    i.TIM_ITConfig                           0x08006fe8   Section        0  stm32f4xx_tim.o(i.TIM_ITConfig)
    i.TIM_TimeBaseInit                       0x08006ffc   Section        0  stm32f4xx_tim.o(i.TIM_TimeBaseInit)
    i.T_Codec_Process                        0x08007080   Section        0  timer6.o(i.T_Codec_Process)
    T_Codec_Process                          0x08007081   Thumb Code   116  timer6.o(i.T_Codec_Process)
    i.T_SelfAddition                         0x08007100   Section        0  timer6.o(i.T_SelfAddition)
    T_SelfAddition                           0x08007101   Thumb Code    20  timer6.o(i.T_SelfAddition)
    i.T_SelfSubtraction                      0x08007114   Section        0  timer6.o(i.T_SelfSubtraction)
    T_SelfSubtraction                        0x08007115   Thumb Code    14  timer6.o(i.T_SelfSubtraction)
    i.Timer2_Init                            0x08007122   Section        0  timer.o(i.Timer2_Init)
    i.Timer5_Init                            0x08007174   Section        0  timer.o(i.Timer5_Init)
    i.Timer6_Init                            0x08007204   Section        0  timer6.o(i.Timer6_Init)
    i.Timer_Execute_Per10ms                  0x08007260   Section        0  timer6.o(i.Timer_Execute_Per10ms)
    Timer_Execute_Per10ms                    0x08007261   Thumb Code     8  timer6.o(i.Timer_Execute_Per10ms)
    i.Timer_Execute_Per1ms                   0x08007268   Section        0  timer6.o(i.Timer_Execute_Per1ms)
    Timer_Execute_Per1ms                     0x08007269   Thumb Code    86  timer6.o(i.Timer_Execute_Per1ms)
    i.TriggerExIN01_Init                     0x080072cc   Section        0  trigger.o(i.TriggerExIN01_Init)
    i.TriggerExIN23_Init                     0x08007360   Section        0  trigger.o(i.TriggerExIN23_Init)
    i.TriggerOUT_Init                        0x080073f4   Section        0  trigger.o(i.TriggerOUT_Init)
    i.UI_ContentScan                         0x08007434   Section        0  ui.o(i.UI_ContentScan)
    UI_ContentScan                           0x08007435   Thumb Code  6824  ui.o(i.UI_ContentScan)
    i.UI_DeskTopInit                         0x08008eec   Section        0  ui.o(i.UI_DeskTopInit)
    i.UI_DisplayFlush                        0x08008f0c   Section        0  ui.o(i.UI_DisplayFlush)
    UI_DisplayFlush                          0x08008f0d   Thumb Code  2574  ui.o(i.UI_DisplayFlush)
    i.UI_Poll                                0x0800992c   Section        0  ui.o(i.UI_Poll)
    i.UO_Update                              0x08009950   Section        0  trigger.o(i.UO_Update)
    i.USART1_IRQHandler                      0x08009b94   Section        0  usart1.o(i.USART1_IRQHandler)
    i.USART6_IRQHandler                      0x08009c0c   Section        0  debug_uart.o(i.USART6_IRQHandler)
    i.USART_ClearFlag                        0x08009c6c   Section        0  stm32f4xx_usart.o(i.USART_ClearFlag)
    i.USART_Cmd                              0x08009c7e   Section        0  stm32f4xx_usart.o(i.USART_Cmd)
    i.USART_ITConfig                         0x08009c96   Section        0  stm32f4xx_usart.o(i.USART_ITConfig)
    i.USART_Init                             0x08009ce0   Section        0  stm32f4xx_usart.o(i.USART_Init)
    i.Uart1_Init                             0x08009db4   Section        0  usart1.o(i.Uart1_Init)
    i.UsageFault_Handler                     0x08009e74   Section        0  stm32f4xx_it.o(i.UsageFault_Handler)
    i.Usart6_Init                            0x08009e78   Section        0  debug_uart.o(i.Usart6_Init)
    i.ValueDisplay_Control                   0x08009efc   Section        0  ui.o(i.ValueDisplay_Control)
    ValueDisplay_Control                     0x08009efd   Thumb Code   194  ui.o(i.ValueDisplay_Control)
    i.WDG_Feed                               0x08009fcc   Section        0  wdg.o(i.WDG_Feed)
    i.WDG_Init                               0x08009fd4   Section        0  wdg.o(i.WDG_Init)
    i.__0printf                              0x08009ff8   Section        0  printfa.o(i.__0printf)
    i.__0sprintf                             0x0800a018   Section        0  printfa.o(i.__0sprintf)
    i.__hardfp_sqrt                          0x0800a040   Section        0  sqrt.o(i.__hardfp_sqrt)
    i.__scatterload_copy                     0x0800a0ba   Section       14  handlers.o(i.__scatterload_copy)
    i.__scatterload_null                     0x0800a0c8   Section        2  handlers.o(i.__scatterload_null)
    i.__scatterload_zeroinit                 0x0800a0ca   Section       14  handlers.o(i.__scatterload_zeroinit)
    i.__set_errno                            0x0800a0d8   Section        0  errno.o(i.__set_errno)
    i._fp_digits                             0x0800a0e4   Section        0  printfa.o(i._fp_digits)
    _fp_digits                               0x0800a0e5   Thumb Code   366  printfa.o(i._fp_digits)
    i._printf_core                           0x0800a268   Section        0  printfa.o(i._printf_core)
    _printf_core                             0x0800a269   Thumb Code  1704  printfa.o(i._printf_core)
    i._printf_post_padding                   0x0800a91c   Section        0  printfa.o(i._printf_post_padding)
    _printf_post_padding                     0x0800a91d   Thumb Code    36  printfa.o(i._printf_post_padding)
    i._printf_pre_padding                    0x0800a940   Section        0  printfa.o(i._printf_pre_padding)
    _printf_pre_padding                      0x0800a941   Thumb Code    46  printfa.o(i._printf_pre_padding)
    i._sputc                                 0x0800a96e   Section        0  printfa.o(i._sputc)
    _sputc                                   0x0800a96f   Thumb Code    10  printfa.o(i._sputc)
    i.bsp_DetectKey                          0x0800a978   Section        0  key.o(i.bsp_DetectKey)
    bsp_DetectKey                            0x0800a979   Thumb Code   204  key.o(i.bsp_DetectKey)
    i.bsp_GetKey                             0x0800aa48   Section        0  key.o(i.bsp_GetKey)
    i.bsp_InitKeyVar                         0x0800aa88   Section        0  key.o(i.bsp_InitKeyVar)
    i.bsp_KeyScan                            0x0800aae8   Section        0  key.o(i.bsp_KeyScan)
    i.bsp_PutKey                             0x0800ab00   Section        0  key.o(i.bsp_PutKey)
    i.delay_us                               0x0800ab28   Section        0  main.o(i.delay_us)
    i.fputc                                  0x0800ab50   Section        0  debug_uart.o(i.fputc)
    i.get_RCCCLOCK                           0x0800ab6c   Section        0  main.o(i.get_RCCCLOCK)
    i.main                                   0x0800ac8c   Section        0  main.o(i.main)
    i.my_mem_free                            0x0800acb0   Section        0  malloc.o(i.my_mem_free)
    i.my_mem_malloc                          0x0800ad1c   Section        0  malloc.o(i.my_mem_malloc)
    i.my_mem_perused                         0x0800adc4   Section        0  malloc.o(i.my_mem_perused)
    i.myfree                                 0x0800ae04   Section        0  malloc.o(i.myfree)
    i.mymalloc                               0x0800ae28   Section        0  malloc.o(i.mymalloc)
    i.mymemset                               0x0800ae50   Section        0  malloc.o(i.mymemset)
    i.sprintf_value                          0x0800ae64   Section        0  ui.o(i.sprintf_value)
    sprintf_value                            0x0800ae65   Thumb Code  1448  ui.o(i.sprintf_value)
    .constdata                               0x0800b40c   Section       24  malloc.o(.constdata)
    .constdata                               0x0800b424   Section     6080  ssd1961.o(.constdata)
    .conststring                             0x0800cbe4   Section       67  main.o(.conststring)
    .conststring                             0x0800cc28   Section       65  protocol.o(.conststring)
    .data                                    0x20000000   Section       16  main.o(.data)
    uwTimingDelay                            0x20000000   Data           4  main.o(.data)
    .data                                    0x20000010   Section      416  manual.o(.data)
    .data                                    0x200001b0   Section        3  switch.o(.data)
    bphase_pre                               0x200001b2   Data           1  switch.o(.data)
    .data                                    0x200001b4   Section        4  trigger.o(.data)
    .data                                    0x200001b8   Section      259  pulse.o(.data)
    .data                                    0x200002c0   Section       36  pulsetran.o(.data)
    dTempVar                                 0x200002e0   Data           4  pulsetran.o(.data)
    .data                                    0x200002e4   Section        5  ui.o(.data)
    firstin                                  0x200002e8   Data           1  ui.o(.data)
    .data                                    0x200002ec   Section        8  timer.o(.data)
    .data                                    0x200002f8   Section       16  dac.o(.data)
    ch_pre                                   0x200002f8   Data           1  dac.o(.data)
    value_pre                                0x20000300   Data           8  dac.o(.data)
    .data                                    0x20000308   Section        2  codec.o(.data)
    .data                                    0x2000030c   Section       28  malloc.o(.data)
    .data                                    0x20000328   Section       20  protocol.o(.data)
    statusbar                                0x20000328   Data           1  protocol.o(.data)
    temp_runcnt                              0x2000032c   Data           4  protocol.o(.data)
    .data                                    0x2000033c   Section        4  debug_uart.o(.data)
    .data                                    0x20000340   Section       16  stm32f4xx_rcc.o(.data)
    APBAHBPrescTable                         0x20000340   Data          16  stm32f4xx_rcc.o(.data)
    .data                                    0x20000350   Section       20  system_stm32f4xx_1.o(.data)
    .data                                    0x20000364   Section        4  errno.o(.data)
    _errno                                   0x20000364   Data           4  errno.o(.data)
    .bss                                     0x20000368   Section       18  manual.o(.bss)
    .bss                                     0x2000037a   Section      200  at24c64memdata.o(.bss)
    Tbl_MemData                              0x2000037a   Data         200  at24c64memdata.o(.bss)
    .bss                                     0x20000442   Section       80  pulse.o(.bss)
    .bss                                     0x20000492   Section      128  pulsetran.o(.bss)
    .bss                                     0x20000512   Section      443  ui.o(.bss)
    .bss                                     0x200006d0   Section       16  timer6.o(.bss)
    .bss                                     0x200006e0   Section       12  led.o(.bss)
    .bss                                     0x200006ec   Section      413  key.o(.bss)
    s_tKey                                   0x20000854   Data          53  key.o(.bss)
    .bss                                     0x20000889   Section      322  usart1.o(.bss)
    .bss                                     0x200009e0   Section     8704  malloc.o(.bss)
    .bss                                     0x20002be0   Section     6048  protocol.o(.bss)
    Tbl_Temp_CCRx                            0x20002be0   Data          16  protocol.o(.bss)
    Tbl_Temp_CNT                             0x20002bf0   Data          16  protocol.o(.bss)
    .bss                                     0x20004380   Section       14  ssd1961.o(.bss)
    .bss                                     0x2000438e   Section       12  debug_uart.o(.bss)
    STACK                                    0x200043a0   Section     1024  startup_stm32f40_41xxx.o(STACK)
    .ARM.__AT_0x68000000                     0x68000000   Section     1024  malloc.o(.ARM.__AT_0x68000000)
    .ARM.__AT_0x68000400                     0x68000400   Section       64  malloc.o(.ARM.__AT_0x68000400)

    Global Symbols

    Symbol Name                              Value     Ov Type        Size  Object(Section)

    BuildAttributes$$THM_ISAv4$E$P$D$K$B$S$7EM$VFPi3$EXTD16$VFPS$VFMA$PE$A:L22UL41UL21$X:L11$S22US41US21$IEEE1$IW$USESV6$~STKCKD$USESV7$~SHL$OTIME$ROPI$IEEEJ$EBA8$MICROLIB$REQ8$PRES8$EABIv2 0x00000000   Number         0  anon$$obj.o ABSOLUTE
    __ARM_use_no_argv                        0x00000000   Number         0  main.o ABSOLUTE
    _printf_a                                0x00000000   Number         0  stubs.o ABSOLUTE
    _printf_c                                0x00000000   Number         0  stubs.o ABSOLUTE
    _printf_charcount                        0x00000000   Number         0  stubs.o ABSOLUTE
    _printf_d                                0x00000000   Number         0  stubs.o ABSOLUTE
    _printf_e                                0x00000000   Number         0  stubs.o ABSOLUTE
    _printf_f                                0x00000000   Number         0  stubs.o ABSOLUTE
    _printf_flags                            0x00000000   Number         0  stubs.o ABSOLUTE
    _printf_fp_dec                           0x00000000   Number         0  stubs.o ABSOLUTE
    _printf_fp_hex                           0x00000000   Number         0  stubs.o ABSOLUTE
    _printf_g                                0x00000000   Number         0  stubs.o ABSOLUTE
    _printf_i                                0x00000000   Number         0  stubs.o ABSOLUTE
    _printf_int_dec                          0x00000000   Number         0  stubs.o ABSOLUTE
    _printf_l                                0x00000000   Number         0  stubs.o ABSOLUTE
    _printf_lc                               0x00000000   Number         0  stubs.o ABSOLUTE
    _printf_ll                               0x00000000   Number         0  stubs.o ABSOLUTE
    _printf_lld                              0x00000000   Number         0  stubs.o ABSOLUTE
    _printf_lli                              0x00000000   Number         0  stubs.o ABSOLUTE
    _printf_llo                              0x00000000   Number         0  stubs.o ABSOLUTE
    _printf_llu                              0x00000000   Number         0  stubs.o ABSOLUTE
    _printf_llx                              0x00000000   Number         0  stubs.o ABSOLUTE
    _printf_longlong_dec                     0x00000000   Number         0  stubs.o ABSOLUTE
    _printf_longlong_hex                     0x00000000   Number         0  stubs.o ABSOLUTE
    _printf_longlong_oct                     0x00000000   Number         0  stubs.o ABSOLUTE
    _printf_ls                               0x00000000   Number         0  stubs.o ABSOLUTE
    _printf_mbtowc                           0x00000000   Number         0  stubs.o ABSOLUTE
    _printf_n                                0x00000000   Number         0  stubs.o ABSOLUTE
    _printf_o                                0x00000000   Number         0  stubs.o ABSOLUTE
    _printf_p                                0x00000000   Number         0  stubs.o ABSOLUTE
    _printf_percent                          0x00000000   Number         0  stubs.o ABSOLUTE
    _printf_pre_padding                      0x00000000   Number         0  stubs.o ABSOLUTE
    _printf_return_value                     0x00000000   Number         0  stubs.o ABSOLUTE
    _printf_s                                0x00000000   Number         0  stubs.o ABSOLUTE
    _printf_sizespec                         0x00000000   Number         0  stubs.o ABSOLUTE
    _printf_str                              0x00000000   Number         0  stubs.o ABSOLUTE
    _printf_truncate_signed                  0x00000000   Number         0  stubs.o ABSOLUTE
    _printf_truncate_unsigned                0x00000000   Number         0  stubs.o ABSOLUTE
    _printf_u                                0x00000000   Number         0  stubs.o ABSOLUTE
    _printf_wc                               0x00000000   Number         0  stubs.o ABSOLUTE
    _printf_wctomb                           0x00000000   Number         0  stubs.o ABSOLUTE
    _printf_widthprec                        0x00000000   Number         0  stubs.o ABSOLUTE
    _printf_x                                0x00000000   Number         0  stubs.o ABSOLUTE
    __arm_fini_                               - Undefined Weak Reference
    __cpp_initialize__aeabi_                  - Undefined Weak Reference
    __cxa_finalize                            - Undefined Weak Reference
    _clock_init                               - Undefined Weak Reference
    _microlib_exit                            - Undefined Weak Reference
    __Vectors_Size                           0x00000188   Number         0  startup_stm32f40_41xxx.o ABSOLUTE
    __Vectors                                0x08000000   Data           4  startup_stm32f40_41xxx.o(RESET)
    __Vectors_End                            0x08000188   Data           0  startup_stm32f40_41xxx.o(RESET)
    __main                                   0x08000189   Thumb Code     0  entry.o(.ARM.Collect$$$$00000000)
    _main_stk                                0x08000189   Thumb Code     0  entry2.o(.ARM.Collect$$$$00000001)
    _main_scatterload                        0x0800018d   Thumb Code     0  entry5.o(.ARM.Collect$$$$00000004)
    __main_after_scatterload                 0x08000191   Thumb Code     0  entry5.o(.ARM.Collect$$$$00000004)
    _main_clock                              0x08000191   Thumb Code     0  entry7b.o(.ARM.Collect$$$$00000008)
    _main_cpp_init                           0x08000191   Thumb Code     0  entry8b.o(.ARM.Collect$$$$0000000A)
    _main_init                               0x08000191   Thumb Code     0  entry9a.o(.ARM.Collect$$$$0000000B)
    __rt_lib_shutdown_fini                   0x08000199   Thumb Code     0  entry12b.o(.ARM.Collect$$$$0000000E)
    __rt_final_cpp                           0x0800019d   Thumb Code     0  entry10a.o(.ARM.Collect$$$$0000000F)
    __rt_final_exit                          0x0800019d   Thumb Code     0  entry11a.o(.ARM.Collect$$$$00000011)
    WFI_SET                                  0x080001a1   Thumb Code     2  sys.o(.emb_text)
    INTX_DISABLE                             0x080001a3   Thumb Code     4  sys.o(.emb_text)
    INTX_ENABLE                              0x080001a7   Thumb Code     4  sys.o(.emb_text)
    MSR_MSP                                  0x080001ab   Thumb Code     6  sys.o(.emb_text)
    Reset_Handler                            0x080001b1   Thumb Code     8  startup_stm32f40_41xxx.o(.text)
    ADC_IRQHandler                           0x080001cb   Thumb Code     0  startup_stm32f40_41xxx.o(.text)
    CAN1_RX0_IRQHandler                      0x080001cb   Thumb Code     0  startup_stm32f40_41xxx.o(.text)
    CAN1_RX1_IRQHandler                      0x080001cb   Thumb Code     0  startup_stm32f40_41xxx.o(.text)
    CAN1_SCE_IRQHandler                      0x080001cb   Thumb Code     0  startup_stm32f40_41xxx.o(.text)
    CAN1_TX_IRQHandler                       0x080001cb   Thumb Code     0  startup_stm32f40_41xxx.o(.text)
    CAN2_RX0_IRQHandler                      0x080001cb   Thumb Code     0  startup_stm32f40_41xxx.o(.text)
    CAN2_RX1_IRQHandler                      0x080001cb   Thumb Code     0  startup_stm32f40_41xxx.o(.text)
    CAN2_SCE_IRQHandler                      0x080001cb   Thumb Code     0  startup_stm32f40_41xxx.o(.text)
    CAN2_TX_IRQHandler                       0x080001cb   Thumb Code     0  startup_stm32f40_41xxx.o(.text)
    CRYP_IRQHandler                          0x080001cb   Thumb Code     0  startup_stm32f40_41xxx.o(.text)
    DCMI_IRQHandler                          0x080001cb   Thumb Code     0  startup_stm32f40_41xxx.o(.text)
    DMA1_Stream0_IRQHandler                  0x080001cb   Thumb Code     0  startup_stm32f40_41xxx.o(.text)
    DMA1_Stream1_IRQHandler                  0x080001cb   Thumb Code     0  startup_stm32f40_41xxx.o(.text)
    DMA1_Stream2_IRQHandler                  0x080001cb   Thumb Code     0  startup_stm32f40_41xxx.o(.text)
    DMA1_Stream3_IRQHandler                  0x080001cb   Thumb Code     0  startup_stm32f40_41xxx.o(.text)
    DMA1_Stream4_IRQHandler                  0x080001cb   Thumb Code     0  startup_stm32f40_41xxx.o(.text)
    DMA1_Stream5_IRQHandler                  0x080001cb   Thumb Code     0  startup_stm32f40_41xxx.o(.text)
    DMA1_Stream6_IRQHandler                  0x080001cb   Thumb Code     0  startup_stm32f40_41xxx.o(.text)
    DMA1_Stream7_IRQHandler                  0x080001cb   Thumb Code     0  startup_stm32f40_41xxx.o(.text)
    DMA2_Stream0_IRQHandler                  0x080001cb   Thumb Code     0  startup_stm32f40_41xxx.o(.text)
    DMA2_Stream1_IRQHandler                  0x080001cb   Thumb Code     0  startup_stm32f40_41xxx.o(.text)
    DMA2_Stream2_IRQHandler                  0x080001cb   Thumb Code     0  startup_stm32f40_41xxx.o(.text)
    DMA2_Stream3_IRQHandler                  0x080001cb   Thumb Code     0  startup_stm32f40_41xxx.o(.text)
    DMA2_Stream4_IRQHandler                  0x080001cb   Thumb Code     0  startup_stm32f40_41xxx.o(.text)
    DMA2_Stream5_IRQHandler                  0x080001cb   Thumb Code     0  startup_stm32f40_41xxx.o(.text)
    DMA2_Stream6_IRQHandler                  0x080001cb   Thumb Code     0  startup_stm32f40_41xxx.o(.text)
    DMA2_Stream7_IRQHandler                  0x080001cb   Thumb Code     0  startup_stm32f40_41xxx.o(.text)
    ETH_IRQHandler                           0x080001cb   Thumb Code     0  startup_stm32f40_41xxx.o(.text)
    ETH_WKUP_IRQHandler                      0x080001cb   Thumb Code     0  startup_stm32f40_41xxx.o(.text)
    EXTI1_IRQHandler                         0x080001cb   Thumb Code     0  startup_stm32f40_41xxx.o(.text)
    EXTI2_IRQHandler                         0x080001cb   Thumb Code     0  startup_stm32f40_41xxx.o(.text)
    EXTI3_IRQHandler                         0x080001cb   Thumb Code     0  startup_stm32f40_41xxx.o(.text)
    EXTI4_IRQHandler                         0x080001cb   Thumb Code     0  startup_stm32f40_41xxx.o(.text)
    EXTI9_5_IRQHandler                       0x080001cb   Thumb Code     0  startup_stm32f40_41xxx.o(.text)
    FLASH_IRQHandler                         0x080001cb   Thumb Code     0  startup_stm32f40_41xxx.o(.text)
    FPU_IRQHandler                           0x080001cb   Thumb Code     0  startup_stm32f40_41xxx.o(.text)
    FSMC_IRQHandler                          0x080001cb   Thumb Code     0  startup_stm32f40_41xxx.o(.text)
    HASH_RNG_IRQHandler                      0x080001cb   Thumb Code     0  startup_stm32f40_41xxx.o(.text)
    I2C1_ER_IRQHandler                       0x080001cb   Thumb Code     0  startup_stm32f40_41xxx.o(.text)
    I2C1_EV_IRQHandler                       0x080001cb   Thumb Code     0  startup_stm32f40_41xxx.o(.text)
    I2C2_ER_IRQHandler                       0x080001cb   Thumb Code     0  startup_stm32f40_41xxx.o(.text)
    I2C2_EV_IRQHandler                       0x080001cb   Thumb Code     0  startup_stm32f40_41xxx.o(.text)
    I2C3_ER_IRQHandler                       0x080001cb   Thumb Code     0  startup_stm32f40_41xxx.o(.text)
    I2C3_EV_IRQHandler                       0x080001cb   Thumb Code     0  startup_stm32f40_41xxx.o(.text)
    OTG_FS_IRQHandler                        0x080001cb   Thumb Code     0  startup_stm32f40_41xxx.o(.text)
    OTG_FS_WKUP_IRQHandler                   0x080001cb   Thumb Code     0  startup_stm32f40_41xxx.o(.text)
    OTG_HS_EP1_IN_IRQHandler                 0x080001cb   Thumb Code     0  startup_stm32f40_41xxx.o(.text)
    OTG_HS_EP1_OUT_IRQHandler                0x080001cb   Thumb Code     0  startup_stm32f40_41xxx.o(.text)
    OTG_HS_IRQHandler                        0x080001cb   Thumb Code     0  startup_stm32f40_41xxx.o(.text)
    OTG_HS_WKUP_IRQHandler                   0x080001cb   Thumb Code     0  startup_stm32f40_41xxx.o(.text)
    PVD_IRQHandler                           0x080001cb   Thumb Code     0  startup_stm32f40_41xxx.o(.text)
    RCC_IRQHandler                           0x080001cb   Thumb Code     0  startup_stm32f40_41xxx.o(.text)
    RTC_Alarm_IRQHandler                     0x080001cb   Thumb Code     0  startup_stm32f40_41xxx.o(.text)
    RTC_WKUP_IRQHandler                      0x080001cb   Thumb Code     0  startup_stm32f40_41xxx.o(.text)
    SDIO_IRQHandler                          0x080001cb   Thumb Code     0  startup_stm32f40_41xxx.o(.text)
    SPI1_IRQHandler                          0x080001cb   Thumb Code     0  startup_stm32f40_41xxx.o(.text)
    SPI2_IRQHandler                          0x080001cb   Thumb Code     0  startup_stm32f40_41xxx.o(.text)
    SPI3_IRQHandler                          0x080001cb   Thumb Code     0  startup_stm32f40_41xxx.o(.text)
    TAMP_STAMP_IRQHandler                    0x080001cb   Thumb Code     0  startup_stm32f40_41xxx.o(.text)
    TIM1_BRK_TIM9_IRQHandler                 0x080001cb   Thumb Code     0  startup_stm32f40_41xxx.o(.text)
    TIM1_CC_IRQHandler                       0x080001cb   Thumb Code     0  startup_stm32f40_41xxx.o(.text)
    TIM1_TRG_COM_TIM11_IRQHandler            0x080001cb   Thumb Code     0  startup_stm32f40_41xxx.o(.text)
    TIM1_UP_TIM10_IRQHandler                 0x080001cb   Thumb Code     0  startup_stm32f40_41xxx.o(.text)
    TIM3_IRQHandler                          0x080001cb   Thumb Code     0  startup_stm32f40_41xxx.o(.text)
    TIM4_IRQHandler                          0x080001cb   Thumb Code     0  startup_stm32f40_41xxx.o(.text)
    TIM7_IRQHandler                          0x080001cb   Thumb Code     0  startup_stm32f40_41xxx.o(.text)
    TIM8_BRK_TIM12_IRQHandler                0x080001cb   Thumb Code     0  startup_stm32f40_41xxx.o(.text)
    TIM8_CC_IRQHandler                       0x080001cb   Thumb Code     0  startup_stm32f40_41xxx.o(.text)
    TIM8_TRG_COM_TIM14_IRQHandler            0x080001cb   Thumb Code     0  startup_stm32f40_41xxx.o(.text)
    TIM8_UP_TIM13_IRQHandler                 0x080001cb   Thumb Code     0  startup_stm32f40_41xxx.o(.text)
    UART4_IRQHandler                         0x080001cb   Thumb Code     0  startup_stm32f40_41xxx.o(.text)
    UART5_IRQHandler                         0x080001cb   Thumb Code     0  startup_stm32f40_41xxx.o(.text)
    USART2_IRQHandler                        0x080001cb   Thumb Code     0  startup_stm32f40_41xxx.o(.text)
    USART3_IRQHandler                        0x080001cb   Thumb Code     0  startup_stm32f40_41xxx.o(.text)
    WWDG_IRQHandler                          0x080001cb   Thumb Code     0  startup_stm32f40_41xxx.o(.text)
    __aeabi_uldivmod                         0x080001d5   Thumb Code    98  uldiv.o(.text)
    __aeabi_ldivmod                          0x08000237   Thumb Code    98  ldiv.o(.text)
    strlen                                   0x08000299   Thumb Code    14  strlen.o(.text)
    strcmp                                   0x080002a7   Thumb Code    28  strcmp.o(.text)
    strcpy                                   0x080002c3   Thumb Code    18  strcpy.o(.text)
    __aeabi_dadd                             0x080002d5   Thumb Code   322  dadd.o(.text)
    __aeabi_dsub                             0x08000417   Thumb Code     6  dadd.o(.text)
    __aeabi_drsub                            0x0800041d   Thumb Code     6  dadd.o(.text)
    __aeabi_dmul                             0x08000423   Thumb Code   228  dmul.o(.text)
    __aeabi_ddiv                             0x08000507   Thumb Code   222  ddiv.o(.text)
    __aeabi_ul2f                             0x080005e5   Thumb Code    28  ffltul.o(.text)
    __aeabi_ui2d                             0x08000601   Thumb Code    26  dfltui.o(.text)
    __aeabi_ul2d                             0x0800061b   Thumb Code    24  dfltul.o(.text)
    __aeabi_d2uiz                            0x08000633   Thumb Code    50  dfixui.o(.text)
    __aeabi_f2d                              0x08000665   Thumb Code    38  f2d.o(.text)
    __aeabi_uidiv                            0x0800068b   Thumb Code     0  uidiv.o(.text)
    __aeabi_uidivmod                         0x0800068b   Thumb Code    44  uidiv.o(.text)
    __aeabi_llsl                             0x080006b7   Thumb Code    30  llshl.o(.text)
    _ll_shift_l                              0x080006b7   Thumb Code     0  llshl.o(.text)
    __aeabi_llsr                             0x080006d5   Thumb Code    32  llushr.o(.text)
    _ll_ushift_r                             0x080006d5   Thumb Code     0  llushr.o(.text)
    __aeabi_lasr                             0x080006f5   Thumb Code    36  llsshr.o(.text)
    _ll_sshift_r                             0x080006f5   Thumb Code     0  llsshr.o(.text)
    __I$use$fp                               0x08000719   Thumb Code     0  iusefp.o(.text)
    _float_round                             0x08000719   Thumb Code    18  fepilogue.o(.text)
    _float_epilogue                          0x0800072b   Thumb Code    92  fepilogue.o(.text)
    _double_round                            0x08000787   Thumb Code    30  depilogue.o(.text)
    _double_epilogue                         0x080007a5   Thumb Code   156  depilogue.o(.text)
    _dsqrt                                   0x08000841   Thumb Code   162  dsqrt.o(.text)
    __aeabi_d2ulz                            0x080008e3   Thumb Code    48  dfixul.o(.text)
    __aeabi_cdrcmple                         0x08000915   Thumb Code    48  cdrcmple.o(.text)
    __scatterload                            0x08000945   Thumb Code    28  init.o(.text)
    __scatterload_rt2                        0x08000945   Thumb Code     0  init.o(.text)
    __decompress                             0x08000969   Thumb Code     0  __dczerorl2.o(.text)
    __decompress1                            0x08000969   Thumb Code    86  __dczerorl2.o(.text)
    AD5542_Init                              0x080009c1   Thumb Code    82  dac.o(i.AD5542_Init)
    AD5542_Output                            0x08000a19   Thumb Code   106  dac.o(i.AD5542_Output)
    AT24CXX_Init                             0x08000b55   Thumb Code     8  at24c64.o(i.AT24CXX_Init)
    AT24CXX_Read                             0x08000b5d   Thumb Code    34  at24c64.o(i.AT24CXX_Read)
    AT24CXX_ReadOneByte                      0x08000b7f   Thumb Code    84  at24c64.o(i.AT24CXX_ReadOneByte)
    AT24CXX_Write                            0x08000bd3   Thumb Code    36  at24c64.o(i.AT24CXX_Write)
    AT24CXX_WriteOneByte                     0x08000bf7   Thumb Code    76  at24c64.o(i.AT24CXX_WriteOneByte)
    Beep_Init                                0x08001201   Thumb Code    56  beep.o(i.Beep_Init)
    Btn_Init                                 0x0800123d   Thumb Code    78  key.o(i.Btn_Init)
    BusFault_Handler                         0x08001291   Thumb Code     4  stm32f4xx_it.o(i.BusFault_Handler)
    Codec_Init                               0x08001295   Thumb Code   182  codec.o(i.Codec_Init)
    DebugMon_Handler                         0x08001351   Thumb Code     2  stm32f4xx_it.o(i.DebugMon_Handler)
    Delay_ms                                 0x08001355   Thumb Code    20  main.o(i.Delay_ms)
    Disable_Timer5                           0x0800136d   Thumb Code    38  timer.o(i.Disable_Timer5)
    EXTI0_IRQHandler                         0x080013a1   Thumb Code   346  trigger.o(i.EXTI0_IRQHandler)
    EXTI15_10_IRQHandler                     0x0800151d   Thumb Code   112  codec.o(i.EXTI15_10_IRQHandler)
    EXTI_Init                                0x080015a5   Thumb Code   142  stm32f4xx_exti.o(i.EXTI_Init)
    Enable_Timer5                            0x08001639   Thumb Code   196  timer.o(i.Enable_Timer5)
    FSMC_NORSRAMCmd                          0x08001715   Thumb Code    46  stm32f4xx_fsmc.o(i.FSMC_NORSRAMCmd)
    FSMC_NORSRAMInit                         0x08001749   Thumb Code   282  stm32f4xx_fsmc.o(i.FSMC_NORSRAMInit)
    GPIO_Init                                0x0800186d   Thumb Code   144  stm32f4xx_gpio.o(i.GPIO_Init)
    GPIO_PinAFConfig                         0x080018fd   Thumb Code    70  stm32f4xx_gpio.o(i.GPIO_PinAFConfig)
    GPIO_ResetBits                           0x08001943   Thumb Code     4  stm32f4xx_gpio.o(i.GPIO_ResetBits)
    GPIO_SetBits                             0x08001947   Thumb Code     4  stm32f4xx_gpio.o(i.GPIO_SetBits)
    HardFault_Handler                        0x0800194b   Thumb Code     4  stm32f4xx_it.o(i.HardFault_Handler)
    IIC_Ack                                  0x08001951   Thumb Code    66  at24c64iic.o(i.IIC_Ack)
    IIC_Init                                 0x080019a1   Thumb Code    62  at24c64iic.o(i.IIC_Init)
    IIC_NAck                                 0x080019ed   Thumb Code    66  at24c64iic.o(i.IIC_NAck)
    IIC_Read_Byte                            0x08001a3d   Thumb Code    88  at24c64iic.o(i.IIC_Read_Byte)
    IIC_Send_Byte                            0x08001aa1   Thumb Code    90  at24c64iic.o(i.IIC_Send_Byte)
    IIC_Start                                0x08001b09   Thumb Code    64  at24c64iic.o(i.IIC_Start)
    IIC_Stop                                 0x08001b55   Thumb Code    64  at24c64iic.o(i.IIC_Stop)
    IIC_Wait_Ack                             0x08001ba1   Thumb Code    80  at24c64iic.o(i.IIC_Wait_Ack)
    IO_Init                                  0x08001bfd   Thumb Code   142  main.o(i.IO_Init)
    IWDG_Enable                              0x08001c9d   Thumb Code    10  stm32f4xx_iwdg.o(i.IWDG_Enable)
    IWDG_ReloadCounter                       0x08001cad   Thumb Code    10  stm32f4xx_iwdg.o(i.IWDG_ReloadCounter)
    IWDG_SetPrescaler                        0x08001cbd   Thumb Code     6  stm32f4xx_iwdg.o(i.IWDG_SetPrescaler)
    IWDG_SetReload                           0x08001cc9   Thumb Code     6  stm32f4xx_iwdg.o(i.IWDG_SetReload)
    IWDG_WriteAccessCmd                      0x08001cd5   Thumb Code     6  stm32f4xx_iwdg.o(i.IWDG_WriteAccessCmd)
    Init_Devices                             0x08001ce1   Thumb Code   426  main.o(i.Init_Devices)
    Init_SysTick                             0x0800209d   Thumb Code    66  main.o(i.Init_SysTick)
    LCDRST_Init                              0x0800239d   Thumb Code    66  ssd1961.o(i.LCDRST_Init)
    LCD_Clear                                0x080023e5   Thumb Code   100  ssd1961.o(i.LCD_Clear)
    LCD_Display_Dir                          0x08002451   Thumb Code   124  ssd1961.o(i.LCD_Display_Dir)
    LCD_Fast_DrawPoint                       0x080024d1   Thumb Code   112  ssd1961.o(i.LCD_Fast_DrawPoint)
    LCD_Fill                                 0x08002549   Thumb Code    80  ssd1961.o(i.LCD_Fill)
    LCD_Init                                 0x0800259d   Thumb Code   858  ssd1961.o(i.LCD_Init)
    LCD_RD_DATA                              0x08002905   Thumb Code    14  ssd1961.o(i.LCD_RD_DATA)
    LCD_ReadReg                              0x08002919   Thumb Code    22  ssd1961.o(i.LCD_ReadReg)
    LCD_SSD_BackLightSet                     0x08002931   Thumb Code    88  ssd1961.o(i.LCD_SSD_BackLightSet)
    LCD_Scan_Dir                             0x08002991   Thumb Code   744  ssd1961.o(i.LCD_Scan_Dir)
    LCD_SetCursor                            0x08002c7d   Thumb Code   162  ssd1961.o(i.LCD_SetCursor)
    LCD_ShowString_WithColor                 0x08002e41   Thumb Code   106  ssd1961.o(i.LCD_ShowString_WithColor)
    LCD_WR_DATA                              0x08002ead   Thumb Code     6  ssd1961.o(i.LCD_WR_DATA)
    LCD_WR_REG                               0x08002eb9   Thumb Code     6  ssd1961.o(i.LCD_WR_REG)
    LCD_WriteRAM_Prepare                     0x08002ec5   Thumb Code    10  ssd1961.o(i.LCD_WriteRAM_Prepare)
    LCD_WriteReg                             0x08002ed9   Thumb Code    10  ssd1961.o(i.LCD_WriteReg)
    LED_Init                                 0x08002ee9   Thumb Code   158  led.o(i.LED_Init)
    Led_ModePartOff                          0x08002f9d   Thumb Code    26  led.o(i.Led_ModePartOff)
    Led_ParamPartOff                         0x08002fc5   Thumb Code    26  led.o(i.Led_ParamPartOff)
    Led_ShortOn_Poll                         0x08002fe9   Thumb Code   148  led.o(i.Led_ShortOn_Poll)
    Manual_Poll                              0x08003089   Thumb Code  2634  manual.o(i.Manual_Poll)
    MemManage_Handler                        0x08003b4d   Thumb Code     4  stm32f4xx_it.o(i.MemManage_Handler)
    Memory_ConfigLoad                        0x08003b51   Thumb Code  2782  at24c64memdata.o(i.Memory_ConfigLoad)
    Memory_OverLimit_Process                 0x08004659   Thumb Code    22  at24c64memdata.o(i.Memory_OverLimit_Process)
    Memory_Poll                              0x08004671   Thumb Code  1262  at24c64memdata.o(i.Memory_Poll)
    My_Mem_Init                              0x08004b71   Thumb Code    54  malloc.o(i.My_Mem_Init)
    NMI_Handler                              0x08004bb5   Thumb Code     2  stm32f4xx_it.o(i.NMI_Handler)
    NVIC_Init                                0x08004bb9   Thumb Code   106  misc.o(i.NVIC_Init)
    NVIC_PriorityGroupConfig                 0x08004c31   Thumb Code    10  misc.o(i.NVIC_PriorityGroupConfig)
    Output_VorC                              0x08004c6d   Thumb Code   260  output.o(i.Output_VorC)
    ParamEdit_RefreshPre                     0x08004d7d   Thumb Code   324  ui.o(i.ParamEdit_RefreshPre)
    PendSV_Handler                           0x08005115   Thumb Code     2  stm32f4xx_it.o(i.PendSV_Handler)
    Process_COMMAND_CONTINUE                 0x08005119   Thumb Code    24  protocol.o(i.Process_COMMAND_CONTINUE)
    Process_COMMAND_PAUSE                    0x08005139   Thumb Code    24  protocol.o(i.Process_COMMAND_PAUSE)
    Process_COMMAND_START                    0x08005159   Thumb Code   770  protocol.o(i.Process_COMMAND_START)
    Process_COMMAND_STOP                     0x080055ad   Thumb Code    62  protocol.o(i.Process_COMMAND_STOP)
    PulseTran_FreeRun                        0x080055fd   Thumb Code   320  pulsetran.o(i.PulseTran_FreeRun)
    PulseTran_Single                         0x08005751   Thumb Code   356  pulsetran.o(i.PulseTran_Single)
    PulseTran_Train                          0x08005b85   Thumb Code   468  pulsetran.o(i.PulseTran_Train)
    RCC_AHB1PeriphClockCmd                   0x08005d75   Thumb Code    26  stm32f4xx_rcc.o(i.RCC_AHB1PeriphClockCmd)
    RCC_AHB3PeriphClockCmd                   0x08005d95   Thumb Code    26  stm32f4xx_rcc.o(i.RCC_AHB3PeriphClockCmd)
    RCC_APB1PeriphClockCmd                   0x08005db5   Thumb Code    26  stm32f4xx_rcc.o(i.RCC_APB1PeriphClockCmd)
    RCC_APB2PeriphClockCmd                   0x08005dd5   Thumb Code    26  stm32f4xx_rcc.o(i.RCC_APB2PeriphClockCmd)
    RCC_GetClocksFreq                        0x08005df5   Thumb Code   214  stm32f4xx_rcc.o(i.RCC_GetClocksFreq)
    RCC_HSEConfig                            0x08005edd   Thumb Code    12  stm32f4xx_rcc.o(i.RCC_HSEConfig)
    SVC_Handler                              0x08005fb1   Thumb Code     2  stm32f4xx_it.o(i.SVC_Handler)
    SYSCFG_EXTILineConfig                    0x08005fb5   Thumb Code    60  stm32f4xx_syscfg.o(i.SYSCFG_EXTILineConfig)
    SettingInfo_Modify                       0x0800620d   Thumb Code  2352  manual.o(i.SettingInfo_Modify)
    Switch_Ctrl                              0x08006b49   Thumb Code   120  switch.o(i.Switch_Ctrl)
    Switch_Init                              0x08006c6d   Thumb Code    70  switch.o(i.Switch_Init)
    SysTick_Handler                          0x08006cbd   Thumb Code    72  stm32f4xx_it.o(i.SysTick_Handler)
    SystemInit                               0x08006d11   Thumb Code    88  system_stm32f4xx_1.o(i.SystemInit)
    TIM2_IRQHandler                          0x08006d79   Thumb Code    72  timer.o(i.TIM2_IRQHandler)
    TIM5_IRQHandler                          0x08006dd1   Thumb Code   370  timer.o(i.TIM5_IRQHandler)
    TIM6_DAC_IRQHandler                      0x08006f69   Thumb Code    56  timer6.o(i.TIM6_DAC_IRQHandler)
    TIM_ClearITPendingBit                    0x08006fa9   Thumb Code     6  stm32f4xx_tim.o(i.TIM_ClearITPendingBit)
    TIM_Cmd                                  0x08006faf   Thumb Code    24  stm32f4xx_tim.o(i.TIM_Cmd)
    TIM_GetITStatus                          0x08006fc7   Thumb Code    34  stm32f4xx_tim.o(i.TIM_GetITStatus)
    TIM_ITConfig                             0x08006fe9   Thumb Code    18  stm32f4xx_tim.o(i.TIM_ITConfig)
    TIM_TimeBaseInit                         0x08006ffd   Thumb Code   104  stm32f4xx_tim.o(i.TIM_TimeBaseInit)
    Timer2_Init                              0x08007123   Thumb Code    82  timer.o(i.Timer2_Init)
    Timer5_Init                              0x08007175   Thumb Code   136  timer.o(i.Timer5_Init)
    Timer6_Init                              0x08007205   Thumb Code    88  timer6.o(i.Timer6_Init)
    TriggerExIN01_Init                       0x080072cd   Thumb Code   120  trigger.o(i.TriggerExIN01_Init)
    TriggerExIN23_Init                       0x08007361   Thumb Code   120  trigger.o(i.TriggerExIN23_Init)
    TriggerOUT_Init                          0x080073f5   Thumb Code    54  trigger.o(i.TriggerOUT_Init)
    UI_DeskTopInit                           0x08008eed   Thumb Code    30  ui.o(i.UI_DeskTopInit)
    UI_Poll                                  0x0800992d   Thumb Code    30  ui.o(i.UI_Poll)
    UO_Update                                0x08009951   Thumb Code   546  trigger.o(i.UO_Update)
    USART1_IRQHandler                        0x08009b95   Thumb Code   110  usart1.o(i.USART1_IRQHandler)
    USART6_IRQHandler                        0x08009c0d   Thumb Code    82  debug_uart.o(i.USART6_IRQHandler)
    USART_ClearFlag                          0x08009c6d   Thumb Code    18  stm32f4xx_usart.o(i.USART_ClearFlag)
    USART_Cmd                                0x08009c7f   Thumb Code    24  stm32f4xx_usart.o(i.USART_Cmd)
    USART_ITConfig                           0x08009c97   Thumb Code    74  stm32f4xx_usart.o(i.USART_ITConfig)
    USART_Init                               0x08009ce1   Thumb Code   204  stm32f4xx_usart.o(i.USART_Init)
    Uart1_Init                               0x08009db5   Thumb Code   184  usart1.o(i.Uart1_Init)
    UsageFault_Handler                       0x08009e75   Thumb Code     4  stm32f4xx_it.o(i.UsageFault_Handler)
    Usart6_Init                              0x08009e79   Thumb Code   124  debug_uart.o(i.Usart6_Init)
    WDG_Feed                                 0x08009fcd   Thumb Code     8  wdg.o(i.WDG_Feed)
    WDG_Init                                 0x08009fd5   Thumb Code    36  wdg.o(i.WDG_Init)
    __0printf                                0x08009ff9   Thumb Code    22  printfa.o(i.__0printf)
    __1printf                                0x08009ff9   Thumb Code     0  printfa.o(i.__0printf)
    __2printf                                0x08009ff9   Thumb Code     0  printfa.o(i.__0printf)
    __c89printf                              0x08009ff9   Thumb Code     0  printfa.o(i.__0printf)
    printf                                   0x08009ff9   Thumb Code     0  printfa.o(i.__0printf)
    __0sprintf                               0x0800a019   Thumb Code    34  printfa.o(i.__0sprintf)
    __1sprintf                               0x0800a019   Thumb Code     0  printfa.o(i.__0sprintf)
    __2sprintf                               0x0800a019   Thumb Code     0  printfa.o(i.__0sprintf)
    __c89sprintf                             0x0800a019   Thumb Code     0  printfa.o(i.__0sprintf)
    sprintf                                  0x0800a019   Thumb Code     0  printfa.o(i.__0sprintf)
    __hardfp_sqrt                            0x0800a041   Thumb Code   122  sqrt.o(i.__hardfp_sqrt)
    __scatterload_copy                       0x0800a0bb   Thumb Code    14  handlers.o(i.__scatterload_copy)
    __scatterload_null                       0x0800a0c9   Thumb Code     2  handlers.o(i.__scatterload_null)
    __scatterload_zeroinit                   0x0800a0cb   Thumb Code    14  handlers.o(i.__scatterload_zeroinit)
    __set_errno                              0x0800a0d9   Thumb Code     6  errno.o(i.__set_errno)
    bsp_GetKey                               0x0800aa49   Thumb Code    58  key.o(i.bsp_GetKey)
    bsp_InitKeyVar                           0x0800aa89   Thumb Code    88  key.o(i.bsp_InitKeyVar)
    bsp_KeyScan                              0x0800aae9   Thumb Code    22  key.o(i.bsp_KeyScan)
    bsp_PutKey                               0x0800ab01   Thumb Code    36  key.o(i.bsp_PutKey)
    delay_us                                 0x0800ab29   Thumb Code    38  main.o(i.delay_us)
    fputc                                    0x0800ab51   Thumb Code    24  debug_uart.o(i.fputc)
    get_RCCCLOCK                             0x0800ab6d   Thumb Code   166  main.o(i.get_RCCCLOCK)
    main                                     0x0800ac8d   Thumb Code    34  main.o(i.main)
    my_mem_free                              0x0800acb1   Thumb Code    96  malloc.o(i.my_mem_free)
    my_mem_malloc                            0x0800ad1d   Thumb Code   156  malloc.o(i.my_mem_malloc)
    my_mem_perused                           0x0800adc5   Thumb Code    54  malloc.o(i.my_mem_perused)
    myfree                                   0x0800ae05   Thumb Code    30  malloc.o(i.myfree)
    mymalloc                                 0x0800ae29   Thumb Code    34  malloc.o(i.mymalloc)
    mymemset                                 0x0800ae51   Thumb Code    20  malloc.o(i.mymemset)
    memtblsize                               0x0800b40c   Data           8  malloc.o(.constdata)
    memblksize                               0x0800b414   Data           8  malloc.o(.constdata)
    memsize                                  0x0800b41c   Data           8  malloc.o(.constdata)
    asc2_1206                                0x0800b424   Data        1140  ssd1961.o(.constdata)
    asc2_1608                                0x0800b898   Data        1520  ssd1961.o(.constdata)
    asc2_2412                                0x0800be88   Data        3420  ssd1961.o(.constdata)
    Region$$Table$$Base                      0x0800cc6c   Number         0  anon$$obj.o(Region$$Table)
    Region$$Table$$Limit                     0x0800cc8c   Number         0  anon$$obj.o(Region$$Table)
    SysTick_Count                            0x20000004   Data           4  main.o(.data)
    SysTick_Count1                           0x20000008   Data           4  main.o(.data)
    TimingDelay                              0x2000000c   Data           4  main.o(.data)
    UserOperation                            0x20000010   Data         376  manual.o(.data)
    Wave_type                                0x20000188   Data           1  manual.o(.data)
    Ceiling                                  0x20000190   Data          32  manual.o(.data)
    Switch                                   0x200001b0   Data           2  switch.o(.data)
    ex_bnc_flag                              0x200001b4   Data           4  trigger.o(.data)
    Tbl_TIM_CNT                              0x200001b8   Data          32  pulse.o(.data)
    Tbl_TIM_ARR                              0x200001d8   Data          32  pulse.o(.data)
    Tbl_TIM_PSC                              0x200001f8   Data          32  pulse.o(.data)
    Tbl_TIM_CCRx                             0x20000218   Data          32  pulse.o(.data)
    Tbl_TIM_DIER                             0x20000238   Data          32  pulse.o(.data)
    Tbl_TIM_CR1                              0x20000258   Data          32  pulse.o(.data)
    Tbl_TIM_SR                               0x20000278   Data          32  pulse.o(.data)
    Tbl_Flag                                 0x20000298   Data           8  pulse.o(.data)
    DOState                                  0x200002a0   Data          26  pulse.o(.data)
    DOStatue                                 0x200002ba   Data           1  pulse.o(.data)
    pPwmArrayParam                           0x200002c0   Data          32  pulsetran.o(.data)
    Color                                    0x200002e4   Data           4  ui.o(.data)
    T2                                       0x200002ec   Data           4  timer.o(.data)
    TIM5_IRQ_Count                           0x200002f0   Data           4  timer.o(.data)
    Rotate_Increase_Cnt                      0x20000308   Data           1  codec.o(.data)
    Rotate_Decrease_Cnt                      0x20000309   Data           1  codec.o(.data)
    mallco_dev                               0x2000030c   Data          28  malloc.o(.data)
    tim5_arr                                 0x20000330   Data           4  protocol.o(.data)
    train_count                              0x20000334   Data           4  protocol.o(.data)
    train_acount                             0x20000338   Data           4  protocol.o(.data)
    __stdout                                 0x2000033c   Data           4  debug_uart.o(.data)
    SystemCoreClock                          0x20000350   Data           4  system_stm32f4xx_1.o(.data)
    AHBPrescTable                            0x20000354   Data          16  system_stm32f4xx_1.o(.data)
    sAdditionalData                          0x20000368   Data          18  manual.o(.bss)
    TimerRun                                 0x20000442   Data          80  pulse.o(.bss)
    PwmArrayParam                            0x20000492   Data         128  pulsetran.o(.bss)
    UI                                       0x20000512   Data         443  ui.o(.bss)
    T6                                       0x200006d0   Data          16  timer6.o(.bss)
    LedShortOn                               0x200006e0   Data          12  led.o(.bss)
    s_tBtn                                   0x200006ec   Data         360  key.o(.bss)
    U1                                       0x20000889   Data         322  usart1.o(.bss)
    mem1base                                 0x200009e0   Data        8192  malloc.o(.bss)
    mem1mapbase                              0x200029e0   Data         512  malloc.o(.bss)
    PulseConf                                0x20002c00   Data        6016  protocol.o(.bss)
    lcddev                                   0x20004380   Data          14  ssd1961.o(.bss)
    U6                                       0x2000438e   Data          12  debug_uart.o(.bss)
    __initial_sp                             0x200047a0   Data           0  startup_stm32f40_41xxx.o(STACK)
    mem2base                                 0x68000000   Data        1024  malloc.o(.ARM.__AT_0x68000000)
    mem2mapbase                              0x68000400   Data          64  malloc.o(.ARM.__AT_0x68000400)



==============================================================================

Memory Map of the image

  Image Entry point : 0x08000189

  Load Region LR_IROM1 (Base: 0x08000000, Size: 0x0000cff4, Max: 0x00080000, ABSOLUTE, COMPRESSED[0x0000cdac])

    Execution Region ER_IROM1 (Exec base: 0x08000000, Load base: 0x08000000, Size: 0x0000cc8c, Max: 0x00080000, ABSOLUTE)

    Exec Addr    Load Addr    Size         Type   Attr      Idx    E Section Name        Object

    0x08000000   0x08000000   0x00000188   Data   RO         6962    RESET               startup_stm32f40_41xxx.o
    0x08000188   0x08000188   0x00000000   Code   RO         6979  * .ARM.Collect$$$$00000000  mc_w.l(entry.o)
    0x08000188   0x08000188   0x00000004   Code   RO         7269    .ARM.Collect$$$$00000001  mc_w.l(entry2.o)
    0x0800018c   0x0800018c   0x00000004   Code   RO         7272    .ARM.Collect$$$$00000004  mc_w.l(entry5.o)
    0x08000190   0x08000190   0x00000000   Code   RO         7274    .ARM.Collect$$$$00000008  mc_w.l(entry7b.o)
    0x08000190   0x08000190   0x00000000   Code   RO         7276    .ARM.Collect$$$$0000000A  mc_w.l(entry8b.o)
    0x08000190   0x08000190   0x00000008   Code   RO         7277    .ARM.Collect$$$$0000000B  mc_w.l(entry9a.o)
    0x08000198   0x08000198   0x00000004   Code   RO         7284    .ARM.Collect$$$$0000000E  mc_w.l(entry12b.o)
    0x0800019c   0x0800019c   0x00000000   Code   RO         7279    .ARM.Collect$$$$0000000F  mc_w.l(entry10a.o)
    0x0800019c   0x0800019c   0x00000000   Code   RO         7281    .ARM.Collect$$$$00000011  mc_w.l(entry11a.o)
    0x0800019c   0x0800019c   0x00000004   Code   RO         7270    .ARM.Collect$$$$00002712  mc_w.l(entry2.o)
    0x080001a0   0x080001a0   0x00000010   Code   RO         1818    .emb_text           sys.o
    0x080001b0   0x080001b0   0x00000024   Code   RO         6963    .text               startup_stm32f40_41xxx.o
    0x080001d4   0x080001d4   0x00000062   Code   RO         6982    .text               mc_w.l(uldiv.o)
    0x08000236   0x08000236   0x00000062   Code   RO         6984    .text               mc_w.l(ldiv.o)
    0x08000298   0x08000298   0x0000000e   Code   RO         6986    .text               mc_w.l(strlen.o)
    0x080002a6   0x080002a6   0x0000001c   Code   RO         6988    .text               mc_w.l(strcmp.o)
    0x080002c2   0x080002c2   0x00000012   Code   RO         6990    .text               mc_w.l(strcpy.o)
    0x080002d4   0x080002d4   0x0000014e   Code   RO         7253    .text               mf_w.l(dadd.o)
    0x08000422   0x08000422   0x000000e4   Code   RO         7255    .text               mf_w.l(dmul.o)
    0x08000506   0x08000506   0x000000de   Code   RO         7257    .text               mf_w.l(ddiv.o)
    0x080005e4   0x080005e4   0x0000001c   Code   RO         7259    .text               mf_w.l(ffltul.o)
    0x08000600   0x08000600   0x0000001a   Code   RO         7261    .text               mf_w.l(dfltui.o)
    0x0800061a   0x0800061a   0x00000018   Code   RO         7263    .text               mf_w.l(dfltul.o)
    0x08000632   0x08000632   0x00000032   Code   RO         7265    .text               mf_w.l(dfixui.o)
    0x08000664   0x08000664   0x00000026   Code   RO         7267    .text               mf_w.l(f2d.o)
    0x0800068a   0x0800068a   0x0000002c   Code   RO         7285    .text               mc_w.l(uidiv.o)
    0x080006b6   0x080006b6   0x0000001e   Code   RO         7287    .text               mc_w.l(llshl.o)
    0x080006d4   0x080006d4   0x00000020   Code   RO         7289    .text               mc_w.l(llushr.o)
    0x080006f4   0x080006f4   0x00000024   Code   RO         7291    .text               mc_w.l(llsshr.o)
    0x08000718   0x08000718   0x00000000   Code   RO         7300    .text               mc_w.l(iusefp.o)
    0x08000718   0x08000718   0x0000006e   Code   RO         7301    .text               mf_w.l(fepilogue.o)
    0x08000786   0x08000786   0x000000ba   Code   RO         7303    .text               mf_w.l(depilogue.o)
    0x08000840   0x08000840   0x000000a2   Code   RO         7305    .text               mf_w.l(dsqrt.o)
    0x080008e2   0x080008e2   0x00000030   Code   RO         7307    .text               mf_w.l(dfixul.o)
    0x08000912   0x08000912   0x00000002   PAD
    0x08000914   0x08000914   0x00000030   Code   RO         7311    .text               mf_w.l(cdrcmple.o)
    0x08000944   0x08000944   0x00000024   Code   RO         7313    .text               mc_w.l(init.o)
    0x08000968   0x08000968   0x00000056   Code   RO         7323    .text               mc_w.l(__dczerorl2.o)
    0x080009be   0x080009be   0x00000002   PAD
    0x080009c0   0x080009c0   0x00000058   Code   RO         1022    i.AD5542_Init       dac.o
    0x08000a18   0x08000a18   0x00000074   Code   RO         1023    i.AD5542_Output     dac.o
    0x08000a8c   0x08000a8c   0x00000064   Code   RO         1024    i.AD5542_WriteA     dac.o
    0x08000af0   0x08000af0   0x00000064   Code   RO         1025    i.AD5542_WriteB     dac.o
    0x08000b54   0x08000b54   0x00000008   Code   RO         1254    i.AT24CXX_Init      at24c64.o
    0x08000b5c   0x08000b5c   0x00000022   Code   RO         1255    i.AT24CXX_Read      at24c64.o
    0x08000b7e   0x08000b7e   0x00000054   Code   RO         1256    i.AT24CXX_ReadOneByte  at24c64.o
    0x08000bd2   0x08000bd2   0x00000024   Code   RO         1257    i.AT24CXX_Write     at24c64.o
    0x08000bf6   0x08000bf6   0x0000004c   Code   RO         1258    i.AT24CXX_WriteOneByte  at24c64.o
    0x08000c42   0x08000c42   0x00000002   PAD
    0x08000c44   0x08000c44   0x00000280   Code   RO          580    i.Array_Read        at24c64memdata.o
    0x08000ec4   0x08000ec4   0x0000033c   Code   RO          581    i.Array_Write       at24c64memdata.o
    0x08001200   0x08001200   0x0000003c   Code   RO          986    i.Beep_Init         beep.o
    0x0800123c   0x0800123c   0x00000054   Code   RO         1063    i.Btn_Init          key.o
    0x08001290   0x08001290   0x00000004   Code   RO          290    i.BusFault_Handler  stm32f4xx_it.o
    0x08001294   0x08001294   0x000000bc   Code   RO         1151    i.Codec_Init        codec.o
    0x08001350   0x08001350   0x00000002   Code   RO          291    i.DebugMon_Handler  stm32f4xx_it.o
    0x08001352   0x08001352   0x00000002   PAD
    0x08001354   0x08001354   0x00000018   Code   RO            4    i.Delay_ms          main.o
    0x0800136c   0x0800136c   0x00000034   Code   RO          805    i.Disable_Timer5    timer.o
    0x080013a0   0x080013a0   0x0000017c   Code   RO          526    i.EXTI0_IRQHandler  trigger.o
    0x0800151c   0x0800151c   0x00000088   Code   RO         1152    i.EXTI15_10_IRQHandler  codec.o
    0x080015a4   0x080015a4   0x00000094   Code   RO         3284    i.EXTI_Init         stm32f4xx_exti.o
    0x08001638   0x08001638   0x000000dc   Code   RO          806    i.Enable_Timer5     timer.o
    0x08001714   0x08001714   0x00000034   Code   RO         3667    i.FSMC_NORSRAMCmd   stm32f4xx_fsmc.o
    0x08001748   0x08001748   0x00000124   Code   RO         3669    i.FSMC_NORSRAMInit  stm32f4xx_fsmc.o
    0x0800186c   0x0800186c   0x00000090   Code   RO         3792    i.GPIO_Init         stm32f4xx_gpio.o
    0x080018fc   0x080018fc   0x00000046   Code   RO         3793    i.GPIO_PinAFConfig  stm32f4xx_gpio.o
    0x08001942   0x08001942   0x00000004   Code   RO         3799    i.GPIO_ResetBits    stm32f4xx_gpio.o
    0x08001946   0x08001946   0x00000004   Code   RO         3800    i.GPIO_SetBits      stm32f4xx_gpio.o
    0x0800194a   0x0800194a   0x00000004   Code   RO          292    i.HardFault_Handler  stm32f4xx_it.o
    0x0800194e   0x0800194e   0x00000002   PAD
    0x08001950   0x08001950   0x00000050   Code   RO         1187    i.IIC_Ack           at24c64iic.o
    0x080019a0   0x080019a0   0x0000004c   Code   RO         1188    i.IIC_Init          at24c64iic.o
    0x080019ec   0x080019ec   0x00000050   Code   RO         1189    i.IIC_NAck          at24c64iic.o
    0x08001a3c   0x08001a3c   0x00000064   Code   RO         1190    i.IIC_Read_Byte     at24c64iic.o
    0x08001aa0   0x08001aa0   0x00000068   Code   RO         1191    i.IIC_Send_Byte     at24c64iic.o
    0x08001b08   0x08001b08   0x0000004c   Code   RO         1192    i.IIC_Start         at24c64iic.o
    0x08001b54   0x08001b54   0x0000004c   Code   RO         1193    i.IIC_Stop          at24c64iic.o
    0x08001ba0   0x08001ba0   0x0000005c   Code   RO         1194    i.IIC_Wait_Ack      at24c64iic.o
    0x08001bfc   0x08001bfc   0x000000a0   Code   RO            5    i.IO_Init           main.o
    0x08001c9c   0x08001c9c   0x00000010   Code   RO         4307    i.IWDG_Enable       stm32f4xx_iwdg.o
    0x08001cac   0x08001cac   0x00000010   Code   RO         4309    i.IWDG_ReloadCounter  stm32f4xx_iwdg.o
    0x08001cbc   0x08001cbc   0x0000000c   Code   RO         4310    i.IWDG_SetPrescaler  stm32f4xx_iwdg.o
    0x08001cc8   0x08001cc8   0x0000000c   Code   RO         4311    i.IWDG_SetReload    stm32f4xx_iwdg.o
    0x08001cd4   0x08001cd4   0x0000000c   Code   RO         4312    i.IWDG_WriteAccessCmd  stm32f4xx_iwdg.o
    0x08001ce0   0x08001ce0   0x000003bc   Code   RO            6    i.Init_Devices      main.o
    0x0800209c   0x0800209c   0x00000048   Code   RO            7    i.Init_SysTick      main.o
    0x080020e4   0x080020e4   0x000002b8   Code   RO         1064    i.IsKeyDown         key.o
    0x0800239c   0x0800239c   0x00000048   Code   RO         1524    i.LCDRST_Init       ssd1961.o
    0x080023e4   0x080023e4   0x0000006c   Code   RO         1526    i.LCD_Clear         ssd1961.o
    0x08002450   0x08002450   0x00000080   Code   RO         1530    i.LCD_Display_Dir   ssd1961.o
    0x080024d0   0x080024d0   0x00000078   Code   RO         1535    i.LCD_Fast_DrawPoint  ssd1961.o
    0x08002548   0x08002548   0x00000054   Code   RO         1536    i.LCD_Fill          ssd1961.o
    0x0800259c   0x0800259c   0x00000368   Code   RO         1537    i.LCD_Init          ssd1961.o
    0x08002904   0x08002904   0x00000014   Code   RO         1539    i.LCD_RD_DATA       ssd1961.o
    0x08002918   0x08002918   0x00000016   Code   RO         1541    i.LCD_ReadReg       ssd1961.o
    0x0800292e   0x0800292e   0x00000002   PAD
    0x08002930   0x08002930   0x00000060   Code   RO         1542    i.LCD_SSD_BackLightSet  ssd1961.o
    0x08002990   0x08002990   0x000002ec   Code   RO         1543    i.LCD_Scan_Dir      ssd1961.o
    0x08002c7c   0x08002c7c   0x000000a8   Code   RO         1544    i.LCD_SetCursor     ssd1961.o
    0x08002d24   0x08002d24   0x0000011c   Code   RO         1547    i.LCD_ShowChar_WithColor  ssd1961.o
    0x08002e40   0x08002e40   0x0000006a   Code   RO         1550    i.LCD_ShowString_WithColor  ssd1961.o
    0x08002eaa   0x08002eaa   0x00000002   PAD
    0x08002eac   0x08002eac   0x0000000c   Code   RO         1552    i.LCD_WR_DATA       ssd1961.o
    0x08002eb8   0x08002eb8   0x0000000c   Code   RO         1553    i.LCD_WR_REG        ssd1961.o
    0x08002ec4   0x08002ec4   0x00000014   Code   RO         1555    i.LCD_WriteRAM_Prepare  ssd1961.o
    0x08002ed8   0x08002ed8   0x00000010   Code   RO         1556    i.LCD_WriteReg      ssd1961.o
    0x08002ee8   0x08002ee8   0x000000b4   Code   RO          926    i.LED_Init          led.o
    0x08002f9c   0x08002f9c   0x00000028   Code   RO          927    i.Led_ModePartOff   led.o
    0x08002fc4   0x08002fc4   0x00000024   Code   RO          928    i.Led_ParamPartOff  led.o
    0x08002fe8   0x08002fe8   0x000000a0   Code   RO          929    i.Led_ShortOn_Poll  led.o
    0x08003088   0x08003088   0x00000ac4   Code   RO          373    i.Manual_Poll       manual.o
    0x08003b4c   0x08003b4c   0x00000004   Code   RO          293    i.MemManage_Handler  stm32f4xx_it.o
    0x08003b50   0x08003b50   0x00000b08   Code   RO          582    i.Memory_ConfigLoad  at24c64memdata.o
    0x08004658   0x08004658   0x00000016   Code   RO          583    i.Memory_OverLimit_Process  at24c64memdata.o
    0x0800466e   0x0800466e   0x00000002   PAD
    0x08004670   0x08004670   0x00000500   Code   RO          584    i.Memory_Poll       at24c64memdata.o
    0x08004b70   0x08004b70   0x00000044   Code   RO         1349    i.My_Mem_Init       malloc.o
    0x08004bb4   0x08004bb4   0x00000002   Code   RO          294    i.NMI_Handler       stm32f4xx_it.o
    0x08004bb6   0x08004bb6   0x00000002   PAD
    0x08004bb8   0x08004bb8   0x00000078   Code   RO         1917    i.NVIC_Init         misc.o
    0x08004c30   0x08004c30   0x00000014   Code   RO         1918    i.NVIC_PriorityGroupConfig  misc.o
    0x08004c44   0x08004c44   0x00000028   Code   RO            8    i.NVIC_SetPriority  main.o
    0x08004c6c   0x08004c6c   0x00000110   Code   RO          502    i.Output_VorC       output.o
    0x08004d7c   0x08004d7c   0x00000150   Code   RO          737    i.ParamEdit_RefreshPre  ui.o
    0x08004ecc   0x08004ecc   0x00000248   Code   RO          738    i.PartialArea_Refresh  ui.o
    0x08005114   0x08005114   0x00000002   Code   RO          295    i.PendSV_Handler    stm32f4xx_it.o
    0x08005116   0x08005116   0x00000002   PAD
    0x08005118   0x08005118   0x00000020   Code   RO         1458    i.Process_COMMAND_CONTINUE  protocol.o
    0x08005138   0x08005138   0x00000020   Code   RO         1459    i.Process_COMMAND_PAUSE  protocol.o
    0x08005158   0x08005158   0x00000454   Code   RO         1460    i.Process_COMMAND_START  protocol.o
    0x080055ac   0x080055ac   0x00000050   Code   RO         1461    i.Process_COMMAND_STOP  protocol.o
    0x080055fc   0x080055fc   0x00000154   Code   RO          657    i.PulseTran_FreeRun  pulsetran.o
    0x08005750   0x08005750   0x0000017c   Code   RO          659    i.PulseTran_Single  pulsetran.o
    0x080058cc   0x080058cc   0x000002b8   Code   RO          660    i.PulseTran_Sub_CalcPwmPara  pulsetran.o
    0x08005b84   0x08005b84   0x000001f0   Code   RO          662    i.PulseTran_Train   pulsetran.o
    0x08005d74   0x08005d74   0x00000020   Code   RO         4718    i.RCC_AHB1PeriphClockCmd  stm32f4xx_rcc.o
    0x08005d94   0x08005d94   0x00000020   Code   RO         4724    i.RCC_AHB3PeriphClockCmd  stm32f4xx_rcc.o
    0x08005db4   0x08005db4   0x00000020   Code   RO         4727    i.RCC_APB1PeriphClockCmd  stm32f4xx_rcc.o
    0x08005dd4   0x08005dd4   0x00000020   Code   RO         4730    i.RCC_APB2PeriphClockCmd  stm32f4xx_rcc.o
    0x08005df4   0x08005df4   0x000000e8   Code   RO         4739    i.RCC_GetClocksFreq  stm32f4xx_rcc.o
    0x08005edc   0x08005edc   0x00000010   Code   RO         4744    i.RCC_HSEConfig     stm32f4xx_rcc.o
    0x08005eec   0x08005eec   0x000000c4   Code   RO          374    i.SUB_SettingInfo_Get  manual.o
    0x08005fb0   0x08005fb0   0x00000002   Code   RO          296    i.SVC_Handler       stm32f4xx_it.o
    0x08005fb2   0x08005fb2   0x00000002   PAD
    0x08005fb4   0x08005fb4   0x00000040   Code   RO         6041    i.SYSCFG_EXTILineConfig  stm32f4xx_syscfg.o
    0x08005ff4   0x08005ff4   0x000000f4   Code   RO         6922    i.SetSysClock       system_stm32f4xx_1.o
    0x080060e8   0x080060e8   0x00000124   Code   RO          375    i.SettingInfo_Get   manual.o
    0x0800620c   0x0800620c   0x0000093c   Code   RO          376    i.SettingInfo_Modify  manual.o
    0x08006b48   0x08006b48   0x00000124   Code   RO          466    i.Switch_Ctrl       switch.o
    0x08006c6c   0x08006c6c   0x00000050   Code   RO          467    i.Switch_Init       switch.o
    0x08006cbc   0x08006cbc   0x00000054   Code   RO          297    i.SysTick_Handler   stm32f4xx_it.o
    0x08006d10   0x08006d10   0x00000068   Code   RO         6924    i.SystemInit        system_stm32f4xx_1.o
    0x08006d78   0x08006d78   0x00000058   Code   RO          807    i.TIM2_IRQHandler   timer.o
    0x08006dd0   0x08006dd0   0x00000198   Code   RO          808    i.TIM5_IRQHandler   timer.o
    0x08006f68   0x08006f68   0x00000040   Code   RO          865    i.TIM6_DAC_IRQHandler  timer6.o
    0x08006fa8   0x08006fa8   0x00000006   Code   RO         6109    i.TIM_ClearITPendingBit  stm32f4xx_tim.o
    0x08006fae   0x08006fae   0x00000018   Code   RO         6114    i.TIM_Cmd           stm32f4xx_tim.o
    0x08006fc6   0x08006fc6   0x00000022   Code   RO         6135    i.TIM_GetITStatus   stm32f4xx_tim.o
    0x08006fe8   0x08006fe8   0x00000012   Code   RO         6139    i.TIM_ITConfig      stm32f4xx_tim.o
    0x08006ffa   0x08006ffa   0x00000002   PAD
    0x08006ffc   0x08006ffc   0x00000084   Code   RO         6186    i.TIM_TimeBaseInit  stm32f4xx_tim.o
    0x08007080   0x08007080   0x00000080   Code   RO          866    i.T_Codec_Process   timer6.o
    0x08007100   0x08007100   0x00000014   Code   RO          867    i.T_SelfAddition    timer6.o
    0x08007114   0x08007114   0x0000000e   Code   RO          868    i.T_SelfSubtraction  timer6.o
    0x08007122   0x08007122   0x00000052   Code   RO          809    i.Timer2_Init       timer.o
    0x08007174   0x08007174   0x00000090   Code   RO          810    i.Timer5_Init       timer.o
    0x08007204   0x08007204   0x0000005c   Code   RO          869    i.Timer6_Init       timer6.o
    0x08007260   0x08007260   0x00000008   Code   RO          870    i.Timer_Execute_Per10ms  timer6.o
    0x08007268   0x08007268   0x00000064   Code   RO          871    i.Timer_Execute_Per1ms  timer6.o
    0x080072cc   0x080072cc   0x00000094   Code   RO          527    i.TriggerExIN01_Init  trigger.o
    0x08007360   0x08007360   0x00000094   Code   RO          528    i.TriggerExIN23_Init  trigger.o
    0x080073f4   0x080073f4   0x00000040   Code   RO          529    i.TriggerOUT_Init   trigger.o
    0x08007434   0x08007434   0x00001ab8   Code   RO          739    i.UI_ContentScan    ui.o
    0x08008eec   0x08008eec   0x0000001e   Code   RO          740    i.UI_DeskTopInit    ui.o
    0x08008f0a   0x08008f0a   0x00000002   PAD
    0x08008f0c   0x08008f0c   0x00000a20   Code   RO          741    i.UI_DisplayFlush   ui.o
    0x0800992c   0x0800992c   0x00000024   Code   RO          742    i.UI_Poll           ui.o
    0x08009950   0x08009950   0x00000244   Code   RO          530    i.UO_Update         trigger.o
    0x08009b94   0x08009b94   0x00000078   Code   RO         1307    i.USART1_IRQHandler  usart1.o
    0x08009c0c   0x08009c0c   0x00000060   Code   RO         1858    i.USART6_IRQHandler  debug_uart.o
    0x08009c6c   0x08009c6c   0x00000012   Code   RO         6664    i.USART_ClearFlag   stm32f4xx_usart.o
    0x08009c7e   0x08009c7e   0x00000018   Code   RO         6668    i.USART_Cmd         stm32f4xx_usart.o
    0x08009c96   0x08009c96   0x0000004a   Code   RO         6674    i.USART_ITConfig    stm32f4xx_usart.o
    0x08009ce0   0x08009ce0   0x000000d4   Code   RO         6675    i.USART_Init        stm32f4xx_usart.o
    0x08009db4   0x08009db4   0x000000c0   Code   RO         1308    i.Uart1_Init        usart1.o
    0x08009e74   0x08009e74   0x00000004   Code   RO          298    i.UsageFault_Handler  stm32f4xx_it.o
    0x08009e78   0x08009e78   0x00000084   Code   RO         1859    i.Usart6_Init       debug_uart.o
    0x08009efc   0x08009efc   0x000000d0   Code   RO          743    i.ValueDisplay_Control  ui.o
    0x08009fcc   0x08009fcc   0x00000008   Code   RO         1756    i.WDG_Feed          wdg.o
    0x08009fd4   0x08009fd4   0x00000024   Code   RO         1757    i.WDG_Init          wdg.o
    0x08009ff8   0x08009ff8   0x00000020   Code   RO         7225    i.__0printf         mc_w.l(printfa.o)
    0x0800a018   0x0800a018   0x00000028   Code   RO         7227    i.__0sprintf        mc_w.l(printfa.o)
    0x0800a040   0x0800a040   0x0000007a   Code   RO         6967    i.__hardfp_sqrt     m_wm.l(sqrt.o)
    0x0800a0ba   0x0800a0ba   0x0000000e   Code   RO         7317    i.__scatterload_copy  mc_w.l(handlers.o)
    0x0800a0c8   0x0800a0c8   0x00000002   Code   RO         7318    i.__scatterload_null  mc_w.l(handlers.o)
    0x0800a0ca   0x0800a0ca   0x0000000e   Code   RO         7319    i.__scatterload_zeroinit  mc_w.l(handlers.o)
    0x0800a0d8   0x0800a0d8   0x0000000c   Code   RO         7295    i.__set_errno       mc_w.l(errno.o)
    0x0800a0e4   0x0800a0e4   0x00000184   Code   RO         7232    i._fp_digits        mc_w.l(printfa.o)
    0x0800a268   0x0800a268   0x000006b4   Code   RO         7233    i._printf_core      mc_w.l(printfa.o)
    0x0800a91c   0x0800a91c   0x00000024   Code   RO         7234    i._printf_post_padding  mc_w.l(printfa.o)
    0x0800a940   0x0800a940   0x0000002e   Code   RO         7235    i._printf_pre_padding  mc_w.l(printfa.o)
    0x0800a96e   0x0800a96e   0x0000000a   Code   RO         7237    i._sputc            mc_w.l(printfa.o)
    0x0800a978   0x0800a978   0x000000d0   Code   RO         1066    i.bsp_DetectKey     key.o
    0x0800aa48   0x0800aa48   0x00000040   Code   RO         1067    i.bsp_GetKey        key.o
    0x0800aa88   0x0800aa88   0x00000060   Code   RO         1070    i.bsp_InitKeyVar    key.o
    0x0800aae8   0x0800aae8   0x00000016   Code   RO         1071    i.bsp_KeyScan       key.o
    0x0800aafe   0x0800aafe   0x00000002   PAD
    0x0800ab00   0x0800ab00   0x00000028   Code   RO         1072    i.bsp_PutKey        key.o
    0x0800ab28   0x0800ab28   0x00000026   Code   RO            9    i.delay_us          main.o
    0x0800ab4e   0x0800ab4e   0x00000002   PAD
    0x0800ab50   0x0800ab50   0x0000001c   Code   RO         1862    i.fputc             debug_uart.o
    0x0800ab6c   0x0800ab6c   0x00000120   Code   RO           10    i.get_RCCCLOCK      main.o
    0x0800ac8c   0x0800ac8c   0x00000022   Code   RO           11    i.main              main.o
    0x0800acae   0x0800acae   0x00000002   PAD
    0x0800acb0   0x0800acb0   0x0000006c   Code   RO         1350    i.my_mem_free       malloc.o
    0x0800ad1c   0x0800ad1c   0x000000a8   Code   RO         1351    i.my_mem_malloc     malloc.o
    0x0800adc4   0x0800adc4   0x00000040   Code   RO         1352    i.my_mem_perused    malloc.o
    0x0800ae04   0x0800ae04   0x00000024   Code   RO         1353    i.myfree            malloc.o
    0x0800ae28   0x0800ae28   0x00000028   Code   RO         1354    i.mymalloc          malloc.o
    0x0800ae50   0x0800ae50   0x00000014   Code   RO         1356    i.mymemset          malloc.o
    0x0800ae64   0x0800ae64   0x000005a8   Code   RO          744    i.sprintf_value     ui.o
    0x0800b40c   0x0800b40c   0x00000018   Data   RO         1361    .constdata          malloc.o
    0x0800b424   0x0800b424   0x000017c0   Data   RO         1559    .constdata          ssd1961.o
    0x0800cbe4   0x0800cbe4   0x00000043   Data   RO           13    .conststring        main.o
    0x0800cc27   0x0800cc27   0x00000001   PAD
    0x0800cc28   0x0800cc28   0x00000041   Data   RO         1466    .conststring        protocol.o
    0x0800cc69   0x0800cc69   0x00000003   PAD
    0x0800cc6c   0x0800cc6c   0x00000020   Data   RO         7315    Region$$Table       anon$$obj.o


    Execution Region RW_IRAM1 (Exec base: 0x20000000, Load base: 0x0800cc8c, Size: 0x000047a0, Max: 0x00020000, ABSOLUTE, COMPRESSED[0x00000120])

    Exec Addr    Load Addr    Size         Type   Attr      Idx    E Section Name        Object

    0x20000000   COMPRESSED   0x00000010   Data   RW           14    .data               main.o
    0x20000010   COMPRESSED   0x000001a0   Data   RW          378    .data               manual.o
    0x200001b0   COMPRESSED   0x00000003   Data   RW          468    .data               switch.o
    0x200001b3   COMPRESSED   0x00000001   PAD
    0x200001b4   COMPRESSED   0x00000004   Data   RW          531    .data               trigger.o
    0x200001b8   COMPRESSED   0x00000103   Data   RW          629    .data               pulse.o
    0x200002bb   COMPRESSED   0x00000005   PAD
    0x200002c0   COMPRESSED   0x00000024   Data   RW          665    .data               pulsetran.o
    0x200002e4   COMPRESSED   0x00000005   Data   RW          746    .data               ui.o
    0x200002e9   COMPRESSED   0x00000003   PAD
    0x200002ec   COMPRESSED   0x00000008   Data   RW          811    .data               timer.o
    0x200002f4   COMPRESSED   0x00000004   PAD
    0x200002f8   COMPRESSED   0x00000010   Data   RW         1026    .data               dac.o
    0x20000308   COMPRESSED   0x00000002   Data   RW         1153    .data               codec.o
    0x2000030a   COMPRESSED   0x00000002   PAD
    0x2000030c   COMPRESSED   0x0000001c   Data   RW         1362    .data               malloc.o
    0x20000328   COMPRESSED   0x00000014   Data   RW         1467    .data               protocol.o
    0x2000033c   COMPRESSED   0x00000004   Data   RW         1864    .data               debug_uart.o
    0x20000340   COMPRESSED   0x00000010   Data   RW         4771    .data               stm32f4xx_rcc.o
    0x20000350   COMPRESSED   0x00000014   Data   RW         6925    .data               system_stm32f4xx_1.o
    0x20000364   COMPRESSED   0x00000004   Data   RW         7296    .data               mc_w.l(errno.o)
    0x20000368        -       0x00000012   Zero   RW          377    .bss                manual.o
    0x2000037a        -       0x000000c8   Zero   RW          585    .bss                at24c64memdata.o
    0x20000442        -       0x00000050   Zero   RW          628    .bss                pulse.o
    0x20000492        -       0x00000080   Zero   RW          664    .bss                pulsetran.o
    0x20000512        -       0x000001bb   Zero   RW          745    .bss                ui.o
    0x200006cd   COMPRESSED   0x00000003   PAD
    0x200006d0        -       0x00000010   Zero   RW          872    .bss                timer6.o
    0x200006e0        -       0x0000000c   Zero   RW          932    .bss                led.o
    0x200006ec        -       0x0000019d   Zero   RW         1074    .bss                key.o
    0x20000889        -       0x00000142   Zero   RW         1310    .bss                usart1.o
    0x200009cb   COMPRESSED   0x00000015   PAD
    0x200009e0        -       0x00002200   Zero   RW         1360    .bss                malloc.o
    0x20002be0        -       0x000017a0   Zero   RW         1465    .bss                protocol.o
    0x20004380        -       0x0000000e   Zero   RW         1558    .bss                ssd1961.o
    0x2000438e        -       0x0000000c   Zero   RW         1863    .bss                debug_uart.o
    0x2000439a   COMPRESSED   0x00000006   PAD
    0x200043a0        -       0x00000400   Zero   RW         6960    STACK               startup_stm32f40_41xxx.o



  Load Region LR$$.ARM.__AT_0x68000000 (Base: 0x68000000, Size: 0x00000000, Max: 0x00000400, ABSOLUTE)

    Execution Region ER$$.ARM.__AT_0x68000000 (Exec base: 0x68000000, Load base: 0x68000000, Size: 0x00000400, Max: 0x00000400, ABSOLUTE, UNINIT)

    Exec Addr    Load Addr    Size         Type   Attr      Idx    E Section Name        Object

    0x68000000        -       0x00000400   Zero   RW         1358    .ARM.__AT_0x68000000  malloc.o



  Load Region LR$$.ARM.__AT_0x68000400 (Base: 0x68000400, Size: 0x00000000, Max: 0x00000040, ABSOLUTE)

    Execution Region ER$$.ARM.__AT_0x68000400 (Exec base: 0x68000400, Load base: 0x68000400, Size: 0x00000040, Max: 0x00000040, ABSOLUTE, UNINIT)

    Exec Addr    Load Addr    Size         Type   Attr      Idx    E Section Name        Object

    0x68000400        -       0x00000040   Zero   RW         1359    .ARM.__AT_0x68000400  malloc.o


==============================================================================

Image component sizes


      Code (inc. data)   RO Data    RW Data    ZI Data      Debug   Object Name

       238          0          0          0          0       3383   at24c64.o
       684        104          0          0          0       4518   at24c64iic.o
      5594        102          0          0        200       4569   at24c64memdata.o
        60          4          0          0          0        520   beep.o
       324         30          0          2          0       1534   codec.o
       404         24          0         16          0       2442   dac.o
       256         26          0          4         12       4051   debug_uart.o
      1210         38          0          0        413      10857   key.o
       416         58          0          0         12       3308   led.o
      1612        688         67         16          0     334318   main.o
       504         60         24         28       9792       6261   malloc.o
      5608        384          0        416         18     248197   manual.o
       140         24          0          0          0       1447   misc.o
       272         12          0          0          0        698   output.o
      1252        372         65         20       6048       6188   protocol.o
         0          0          0        259         80       1793   pulse.o
      1912        148          0         36        128       5040   pulsetran.o
      2888        136       6080          0         14      14563   ssd1961.o
        36          8        392          0       1024        836   startup_stm32f40_41xxx.o
       148          6          0          0          0        900   stm32f4xx_exti.o
       344         16          0          0          0       1913   stm32f4xx_fsmc.o
       222          0          0          0          0       2731   stm32f4xx_gpio.o
       108         12          0          0          0       3982   stm32f4xx_it.o
        68         30          0          0          0       2410   stm32f4xx_iwdg.o
       376         46          0         16          0       5540   stm32f4xx_rcc.o
        64          4          0          0          0        624   stm32f4xx_syscfg.o
       214         28          0          0          0       3490   stm32f4xx_tim.o
       328          8          0          0          0       3332   stm32f4xx_usart.o
       372        182          0          3          0       1941   switch.o
        16          0          0          0          0        468   sys.o
       348         34          0         20          0       1705   system_stm32f4xx_1.o
       994        100          0          8          0       4857   timer.o
       426         38          0          0         16       4733   timer6.o
      1320        140          0          4          0       3753   trigger.o
     12074        406          0          5        443      18637   ui.o
       312         18          0          0        322       1970   usart1.o
        44          0          0          0          0       1030   wdg.o

    ----------------------------------------------------------------------
     41216       3286       6664        868      18552     718539   Object Totals
         0          0         32          0          0          0   (incl. Generated)
        28          0          4         15         30          0   (incl. Padding)

    ----------------------------------------------------------------------

      Code (inc. data)   RO Data    RW Data    ZI Data      Debug   Library Member Name

       122          0          0          0          0        148   sqrt.o
        86          0          0          0          0          0   __dczerorl2.o
         0          0          0          0          0          0   entry.o
         0          0          0          0          0          0   entry10a.o
         0          0          0          0          0          0   entry11a.o
         4          0          0          0          0          0   entry12b.o
         8          4          0          0          0          0   entry2.o
         4          0          0          0          0          0   entry5.o
         0          0          0          0          0          0   entry7b.o
         0          0          0          0          0          0   entry8b.o
         8          4          0          0          0          0   entry9a.o
        12          6          0          4          0         68   errno.o
        30          0          0          0          0          0   handlers.o
        36          8          0          0          0         68   init.o
         0          0          0          0          0          0   iusefp.o
        98          0          0          0          0         84   ldiv.o
        30          0          0          0          0         68   llshl.o
        36          0          0          0          0         68   llsshr.o
        32          0          0          0          0         68   llushr.o
      2268         96          0          0          0        616   printfa.o
        28          0          0          0          0         76   strcmp.o
        18          0          0          0          0         68   strcpy.o
        14          0          0          0          0         68   strlen.o
        44          0          0          0          0         80   uidiv.o
        98          0          0          0          0         92   uldiv.o
        48          0          0          0          0         68   cdrcmple.o
       334          0          0          0          0        148   dadd.o
       222          0          0          0          0        100   ddiv.o
       186          0          0          0          0        176   depilogue.o
        50          0          0          0          0         76   dfixui.o
        48          0          0          0          0         68   dfixul.o
        26          0          0          0          0         76   dfltui.o
        24          0          0          0          0         76   dfltul.o
       228          0          0          0          0         96   dmul.o
       162          0          0          0          0        100   dsqrt.o
        38          0          0          0          0         68   f2d.o
       110          0          0          0          0        168   fepilogue.o
        28          0          0          0          0         84   ffltul.o

    ----------------------------------------------------------------------
      4484        118          0          4          0       2876   Library Totals
         4          0          0          0          0          0   (incl. Padding)

    ----------------------------------------------------------------------

      Code (inc. data)   RO Data    RW Data    ZI Data      Debug   Library Name

       122          0          0          0          0        148   m_wm.l
      2854        118          0          4          0       1424   mc_w.l
      1504          0          0          0          0       1304   mf_w.l

    ----------------------------------------------------------------------
      4484        118          0          4          0       2876   Library Totals

    ----------------------------------------------------------------------

==============================================================================


      Code (inc. data)   RO Data    RW Data    ZI Data      Debug   

     45700       3404       6664        872      18552     705043   Grand Totals
     45700       3404       6664        288      18552     705043   ELF Image Totals (compressed)
     45700       3404       6664        288          0          0   ROM Totals

==============================================================================

    Total RO  Size (Code + RO Data)                52364 (  51.14kB)
    Total RW  Size (RW Data + ZI Data)             19424 (  18.97kB)
    Total ROM Size (Code + RO Data + RW Data)      52652 (  51.42kB)

==============================================================================

