Component: ARM Compiler 5.06 update 7 (build 960) Tool: armlink [4d3601]

==============================================================================

Section Cross References

    main.o(i.Delay_ms) refers to main.o(.data) for TimingDelay
    main.o(i.IO_Init) refers to stm32f4xx_rcc.o(i.RCC_AHB1PeriphClockCmd) for RCC_AHB1PeriphClockCmd
    main.o(i.IO_Init) refers to stm32f4xx_gpio.o(i.GPIO_Init) for GPIO_Init
    main.o(i.IO_Init) refers to stm32f4xx_gpio.o(i.GPIO_SetBits) for GPIO_SetBits
    main.o(i.Init_Devices) refers to misc.o(i.NVIC_PriorityGroupConfig) for NVIC_PriorityGroupConfig
    main.o(i.Init_Devices) refers to main.o(i.Init_SysTick) for Init_SysTick
    main.o(i.Init_Devices) refers to main.o(i.IO_Init) for IO_Init
    main.o(i.Init_Devices) refers to debug_uart.o(i.Usart6_Init) for Usart6_Init
    main.o(i.Init_Devices) refers to printfa.o(i.__0printf) for __2printf
    main.o(i.Init_Devices) refers to main.o(i.get_RCCCLOCK) for get_RCCCLOCK
    main.o(i.Init_Devices) refers to main.o(i.Delay_ms) for Delay_ms
    main.o(i.Init_Devices) refers to led.o(i.LED_Init) for LED_Init
    main.o(i.Init_Devices) refers to beep.o(i.Beep_Init) for Beep_Init
    main.o(i.Init_Devices) refers to at24c64iic.o(i.IIC_Init) for IIC_Init
    main.o(i.Init_Devices) refers to key.o(i.Btn_Init) for Btn_Init
    main.o(i.Init_Devices) refers to dac.o(i.AD5542_Init) for AD5542_Init
    main.o(i.Init_Devices) refers to dac.o(i.AD5542_Output) for AD5542_Output
    main.o(i.Init_Devices) refers to codec.o(i.Codec_Init) for Codec_Init
    main.o(i.Init_Devices) refers to trigger.o(i.TriggerEx_Init) for TriggerEx_Init
    main.o(i.Init_Devices) refers to at24c64.o(i.AT24CXX_Init) for AT24CXX_Init
    main.o(i.Init_Devices) refers to pulse.o(i.DO_ALL_SYNC_Init) for DO_ALL_SYNC_Init
    main.o(i.Init_Devices) refers to usart1.o(i.Uart1_Init) for Uart1_Init
    main.o(i.Init_Devices) refers to malloc.o(i.My_Mem_Init) for My_Mem_Init
    main.o(i.Init_Devices) refers to switch.o(i.Switch_Init) for Switch_Init
    main.o(i.Init_Devices) refers to ssd1961.o(i.LCDRST_Init) for LCDRST_Init
    main.o(i.Init_Devices) refers to ssd1961.o(i.LCD_Init) for LCD_Init
    main.o(i.Init_Devices) refers to at24c64memdata.o(i.Memory_ConfigLoad) for Memory_ConfigLoad
    main.o(i.Init_Devices) refers to ui.o(i.UI_DeskTopInit) for UI_DeskTopInit
    main.o(i.Init_Devices) refers to timer2.o(i.Timer2_Init) for Timer2_Init
    main.o(i.Init_Devices) refers to timer6.o(i.Timer6_Init) for Timer6_Init
    main.o(i.Init_Devices) refers to main.o(.conststring) for .conststring
    main.o(i.Init_Devices) refers to ssd1961.o(.bss) for lcddev
    main.o(i.Init_SysTick) refers to main.o(i.NVIC_SetPriority) for NVIC_SetPriority
    main.o(i.Init_SysTick) refers to system_stm32f4xx_1.o(.data) for SystemCoreClock
    main.o(i.get_RCCCLOCK) refers to stm32f4xx_rcc.o(i.RCC_GetClocksFreq) for RCC_GetClocksFreq
    main.o(i.get_RCCCLOCK) refers to dfltui.o(.text) for __aeabi_ui2d
    main.o(i.get_RCCCLOCK) refers to ddiv.o(.text) for __aeabi_ddiv
    main.o(i.get_RCCCLOCK) refers to printfa.o(i.__0printf) for __2printf
    main.o(i.main) refers to main.o(i.Init_Devices) for Init_Devices
    main.o(i.main) refers to manual.o(i.Manual_Poll) for Manual_Poll
    main.o(i.main) refers to at24c64memdata.o(i.Memory_Poll) for Memory_Poll
    main.o(i.main) refers to ui.o(i.UI_Poll) for UI_Poll
    main.o(i.main) refers to led.o(i.Led_ShortOn_Poll) for Led_ShortOn_Poll
    main.o(i.main) refers to main.o(i.Delay_ms) for Delay_ms
    stm32f4xx_it.o(i.SysTick_Handler) refers to main.o(.data) for TimingDelay
    timer6.o(i.TIM6_DAC_IRQHandler) refers to timer6.o(i.Timer_Execute_Per1ms) for Timer_Execute_Per1ms
    timer6.o(i.TIM6_DAC_IRQHandler) refers to timer6.o(i.Timer_Execute_Per10ms) for Timer_Execute_Per10ms
    timer6.o(i.TIM6_DAC_IRQHandler) refers to timer6.o(.bss) for T6
    timer6.o(i.T_Codec_Process) refers to manual.o(i.SettingInfo_Modify) for SettingInfo_Modify
    timer6.o(i.T_Codec_Process) refers to timer6.o(.bss) for T6
    timer6.o(i.T_Codec_Process) refers to codec.o(.data) for Rotate_Increase_Cnt
    timer6.o(i.Timer6_Init) refers to stm32f4xx_rcc.o(i.RCC_APB1PeriphClockCmd) for RCC_APB1PeriphClockCmd
    timer6.o(i.Timer6_Init) refers to stm32f4xx_tim.o(i.TIM_TimeBaseInit) for TIM_TimeBaseInit
    timer6.o(i.Timer6_Init) refers to stm32f4xx_tim.o(i.TIM_ITConfig) for TIM_ITConfig
    timer6.o(i.Timer6_Init) refers to stm32f4xx_tim.o(i.TIM_Cmd) for TIM_Cmd
    timer6.o(i.Timer6_Init) refers to misc.o(i.NVIC_Init) for NVIC_Init
    timer6.o(i.Timer_Execute_Per10ms) refers to key.o(i.bsp_KeyScan) for bsp_KeyScan
    timer6.o(i.Timer_Execute_Per1ms) refers to timer6.o(i.T_Codec_Process) for T_Codec_Process
    timer6.o(i.Timer_Execute_Per1ms) refers to timer6.o(i.T_SelfSubtraction) for T_SelfSubtraction
    timer6.o(i.Timer_Execute_Per1ms) refers to timer6.o(i.T_SelfAddition) for T_SelfAddition
[...]
    i.DO0_PB9_TIM11_CH1                      0x080013c4   Section        0  pulse.o(i.DO0_PB9_TIM11_CH1)
    i.DO1_PB8_TIM4_CH3                       0x080013c8   Section        0  pulse.o(i.DO1_PB8_TIM4_CH3)
    i.DO2_PA6_TIM3_CH1                       0x0800148c   Section        0  pulse.o(i.DO2_PA6_TIM3_CH1)
    i.DO3_PA2_TIM9_CH1                       0x0800148e   Section        0  pulse.o(i.DO3_PA2_TIM9_CH1)
    i.DO4_PB10_TIM2_CH3_F                    0x08001490   Section        0  pulse.o(i.DO4_PB10_TIM2_CH3_F)
    i.DO5_PC6_TIM8_CH1                       0x08001492   Section        0  pulse.o(i.DO5_PC6_TIM8_CH1)
    i.DO6_PA11_TIM1_CH4                      0x08001494   Section        0  pulse.o(i.DO6_PA11_TIM1_CH4)
    i.DO7_PA3_TIM5_CH4                       0x08001496   Section        0  pulse.o(i.DO7_PA3_TIM5_CH4)
    i.DO_ALL_SYNC_Init                       0x08001498   Section        0  pulse.o(i.DO_ALL_SYNC_Init)
    i.DebugMon_Handler                       0x080014e8   Section        0  stm32f4xx_it.o(i.DebugMon_Handler)
    i.Delay_ms                               0x080014ec   Section        0  main.o(i.Delay_ms)
    i.EXTI0_IRQHandler                       0x08001504   Section        0  trigger.o(i.EXTI0_IRQHandler)
    i.EXTI15_10_IRQHandler                   0x080015c0   Section        0  codec.o(i.EXTI15_10_IRQHandler)
    i.EXTI_Init                              0x080016a0   Section        0  stm32f4xx_exti.o(i.EXTI_Init)
    i.FSMC_NORSRAMCmd                        0x08001734   Section        0  stm32f4xx_fsmc.o(i.FSMC_NORSRAMCmd)
    i.FSMC_NORSRAMInit                       0x08001768   Section        0  stm32f4xx_fsmc.o(i.FSMC_NORSRAMInit)
    i.GPIO_Init                              0x0800188c   Section        0  stm32f4xx_gpio.o(i.GPIO_Init)
    i.GPIO_PinAFConfig                       0x0800191c   Section        0  stm32f4xx_gpio.o(i.GPIO_PinAFConfig)
    i.GPIO_SetBits                           0x08001962   Section        0  stm32f4xx_gpio.o(i.GPIO_SetBits)
    i.HardFault_Handler                      0x08001966   Section        0  stm32f4xx_it.o(i.HardFault_Handler)
    i.IIC_Ack                                0x0800196c   Section        0  at24c64iic.o(i.IIC_Ack)
    i.IIC_Init                               0x080019bc   Section        0  at24c64iic.o(i.IIC_Init)
    i.IIC_NAck                               0x08001a08   Section        0  at24c64iic.o(i.IIC_NAck)
    i.IIC_Read_Byte                          0x08001a58   Section        0  at24c64iic.o(i.IIC_Read_Byte)
    i.IIC_Send_Byte                          0x08001abc   Section        0  at24c64iic.o(i.IIC_Send_Byte)
    i.IIC_Start                              0x08001b24   Section        0  at24c64iic.o(i.IIC_Start)
    i.IIC_Stop                               0x08001b70   Section        0  at24c64iic.o(i.IIC_Stop)
    i.IIC_Wait_Ack                           0x08001bbc   Section        0  at24c64iic.o(i.IIC_Wait_Ack)
    i.IO_Init                                0x08001c18   Section        0  main.o(i.IO_Init)
    i.Init_Devices                           0x08001cb8   Section        0  main.o(i.Init_Devices)
    i.Init_SysTick                           0x08002094   Section        0  main.o(i.Init_SysTick)
    i.IsKeyDown                              0x080020dc   Section        0  key.o(i.IsKeyDown)
    IsKeyDown                                0x080020dd   Thumb Code   686  key.o(i.IsKeyDown)
    i.LCDRST_Init                            0x08002394   Section        0  ssd1961.o(i.LCDRST_Init)
    i.LCD_Clear                              0x080023dc   Section        0  ssd1961.o(i.LCD_Clear)
    i.LCD_Display_Dir                        0x08002448   Section        0  ssd1961.o(i.LCD_Display_Dir)
    i.LCD_Fast_DrawPoint                     0x080024c8   Section        0  ssd1961.o(i.LCD_Fast_DrawPoint)
    i.LCD_Fill                               0x08002540   Section        0  ssd1961.o(i.LCD_Fill)
    i.LCD_Init                               0x08002594   Section        0  ssd1961.o(i.LCD_Init)
    i.LCD_RD_DATA                            0x080028fc   Section        0  ssd1961.o(i.LCD_RD_DATA)
    i.LCD_ReadReg                            0x08002910   Section        0  ssd1961.o(i.LCD_ReadReg)
    i.LCD_SSD_BackLightSet                   0x08002928   Section        0  ssd1961.o(i.LCD_SSD_BackLightSet)
    i.LCD_Scan_Dir                           0x08002988   Section        0  ssd1961.o(i.LCD_Scan_Dir)
    i.LCD_SetCursor                          0x08002c74   Section        0  ssd1961.o(i.LCD_SetCursor)
    i.LCD_ShowChar_WithColor                 0x08002d1c   Section        0  ssd1961.o(i.LCD_ShowChar_WithColor)
    LCD_ShowChar_WithColor                   0x08002d1d   Thumb Code   268  ssd1961.o(i.LCD_ShowChar_WithColor)
    i.LCD_ShowString_WithColor               0x08002e38   Section        0  ssd1961.o(i.LCD_ShowString_WithColor)
    i.LCD_WR_DATA                            0x08002ea4   Section        0  ssd1961.o(i.LCD_WR_DATA)
    i.LCD_WR_REG                             0x08002eb0   Section        0  ssd1961.o(i.LCD_WR_REG)
    i.LCD_WriteRAM_Prepare                   0x08002ebc   Section        0  ssd1961.o(i.LCD_WriteRAM_Prepare)
    i.LCD_WriteReg                           0x08002ed0   Section        0  ssd1961.o(i.LCD_WriteReg)
    i.LED_Init                               0x08002ee0   Section        0  led.o(i.LED_Init)
    i.Led_ModePartOff                        0x08002f94   Section        0  led.o(i.Led_ModePartOff)
    i.Led_ParamPartOff                       0x08002fbc   Section        0  led.o(i.Led_ParamPartOff)
    i.Led_ShortOn_Poll                       0x08002fe0   Section        0  led.o(i.Led_ShortOn_Poll)
    i.Manual_Poll                            0x08003080   Section        0  manual.o(i.Manual_Poll)
    i.MemManage_Handler                      0x08003978   Section        0  stm32f4xx_it.o(i.MemManage_Handler)
    i.Memory_ConfigLoad                      0x0800397c   Section        0  at24c64memdata.o(i.Memory_ConfigLoad)
    i.Memory_OverLimit_Process               0x0800441c   Section        0  at24c64memdata.o(i.Memory_OverLimit_Process)
    i.Memory_Poll                            0x08004434   Section        0  at24c64memdata.o(i.Memory_Poll)
    i.My_Mem_Init                            0x08004934   Section        0  malloc.o(i.My_Mem_Init)
    i.NMI_Handler                            0x08004978   Section        0  stm32f4xx_it.o(i.NMI_Handler)
    i.NVIC_Init                              0x0800497c   Section        0  misc.o(i.NVIC_Init)
    i.NVIC_PriorityGroupConfig               0x080049f4   Section        0  misc.o(i.NVIC_PriorityGroupConfig)
    i.NVIC_SetPriority                       0x08004a08   Section        0  main.o(i.NVIC_SetPriority)
    NVIC_SetPriority                         0x08004a09   Thumb Code    32  main.o(i.NVIC_SetPriority)
    i.Output_VorC                            0x08004a30   Section        0  output.o(i.Output_VorC)
    i.ParamEdit_RefreshPre                   0x08004b80   Section        0  ui.o(i.ParamEdit_RefreshPre)
    i.PartialArea_Refresh                    0x08004cd0   Section        0  ui.o(i.PartialArea_Refresh)
    PartialArea_Refresh                      0x08004cd1   Thumb Code   594  ui.o(i.PartialArea_Refresh)
    i.PendSV_Handler                         0x08004f34   Section        0  stm32f4xx_it.o(i.PendSV_Handler)
    i.Process_COMMAND_CONTINUE               0x08004f38   Section        0  protocol.o(i.Process_COMMAND_CONTINUE)
    i.Process_COMMAND_PAUSE                  0x0800503c   Section        0  protocol.o(i.Process_COMMAND_PAUSE)
    i.Process_COMMAND_START                  0x080051a0   Section        0  protocol.o(i.Process_COMMAND_START)
    i.Process_COMMAND_STOP                   0x0800532c   Section        0  protocol.o(i.Process_COMMAND_STOP)
    i.PulseTran_FreeRun                      0x08005570   Section        0  pulsetran.o(i.PulseTran_FreeRun)
    i.PulseTran_Single                       0x080056c4   Section        0  pulsetran.o(i.PulseTran_Single)
    i.PulseTran_Sub_CalcPwmPara              0x08005840   Section        0  pulsetran.o(i.PulseTran_Sub_CalcPwmPara)
    PulseTran_Sub_CalcPwmPara                0x08005841   Thumb Code   610  pulsetran.o(i.PulseTran_Sub_CalcPwmPara)
    i.PulseTran_Train                        0x08005adc   Section        0  pulsetran.o(i.PulseTran_Train)
    i.RCC_AHB1PeriphClockCmd                 0x08005ccc   Section        0  stm32f4xx_rcc.o(i.RCC_AHB1PeriphClockCmd)
    i.RCC_AHB3PeriphClockCmd                 0x08005cec   Section        0  stm32f4xx_rcc.o(i.RCC_AHB3PeriphClockCmd)
    i.RCC_APB1PeriphClockCmd                 0x08005d0c   Section        0  stm32f4xx_rcc.o(i.RCC_APB1PeriphClockCmd)
    i.RCC_APB2PeriphClockCmd                 0x08005d2c   Section        0  stm32f4xx_rcc.o(i.RCC_APB2PeriphClockCmd)
    i.RCC_GetClocksFreq                      0x08005d4c   Section        0  stm32f4xx_rcc.o(i.RCC_GetClocksFreq)
    i.RCC_HSEConfig                          0x08005e34   Section        0  stm32f4xx_rcc.o(i.RCC_HSEConfig)
    i.SUB_SettingInfo_Get                    0x08005e44   Section        0  manual.o(i.SUB_SettingInfo_Get)
    SUB_SettingInfo_Get                      0x08005e45   Thumb Code   172  manual.o(i.SUB_SettingInfo_Get)
    i.SVC_Handler                            0x08005efc   Section        0  stm32f4xx_it.o(i.SVC_Handler)
    i.SYSCFG_EXTILineConfig                  0x08005f00   Section        0  stm32f4xx_syscfg.o(i.SYSCFG_EXTILineConfig)
    i.SetSysClock                            0x08005f40   Section        0  system_stm32f4xx_1.o(i.SetSysClock)
    SetSysClock                              0x08005f41   Thumb Code   226  system_stm32f4xx_1.o(i.SetSysClock)
    i.SettingInfo_Get                        0x08006034   Section        0  manual.o(i.SettingInfo_Get)
    SettingInfo_Get                          0x08006035   Thumb Code   270  manual.o(i.SettingInfo_Get)
    i.SettingInfo_Modify                     0x08006158   Section        0  manual.o(i.SettingInfo_Modify)
    i.Switch_Ctrl                            0x08006a94   Section        0  switch.o(i.Switch_Ctrl)
    i.Switch_Init                            0x08006be8   Section        0  switch.o(i.Switch_Init)
    i.SysTick_Handler                        0x08006c38   Section        0  stm32f4xx_it.o(i.SysTick_Handler)
    i.SystemInit                             0x08006c8c   Section        0  system_stm32f4xx_1.o(i.SystemInit)
    i.TIM2_IRQHandler                        0x08006cf4   Section        0  timer2.o(i.TIM2_IRQHandler)
    i.TIM4_IRQHandler                        0x08006ea0   Section        0  pulse.o(i.TIM4_IRQHandler)
    i.TIM6_DAC_IRQHandler                    0x08006eac   Section        0  timer6.o(i.TIM6_DAC_IRQHandler)
    i.TIM_Cmd                                0x08006eec   Section        0  stm32f4xx_tim.o(i.TIM_Cmd)
    i.TIM_ITConfig                           0x08006f04   Section        0  stm32f4xx_tim.o(i.TIM_ITConfig)
    i.TIM_TimeBaseInit                       0x08006f18   Section        0  stm32f4xx_tim.o(i.TIM_TimeBaseInit)
    i.TIMx_IRQHandler_Call                   0x08006f9c   Section        0  pulse.o(i.TIMx_IRQHandler_Call)
    TIMx_IRQHandler_Call                     0x08006f9d   Thumb Code   656  pulse.o(i.TIMx_IRQHandler_Call)
    i.T_Codec_Process                        0x0800725c   Section        0  timer6.o(i.T_Codec_Process)
    T_Codec_Process                          0x0800725d   Thumb Code   116  timer6.o(i.T_Codec_Process)
    i.T_SelfAddition                         0x080072dc   Section        0  timer6.o(i.T_SelfAddition)
    T_SelfAddition                           0x080072dd   Thumb Code    20  timer6.o(i.T_SelfAddition)
    i.T_SelfSubtraction                      0x080072f0   Section        0  timer6.o(i.T_SelfSubtraction)
    T_SelfSubtraction                        0x080072f1   Thumb Code    14  timer6.o(i.T_SelfSubtraction)
    i.Timer2_Init                            0x080072fe   Section        0  timer2.o(i.Timer2_Init)
    i.Timer6_Init                            0x08007358   Section        0  timer6.o(i.Timer6_Init)
    i.Timer_Execute_Per10ms                  0x080073b4   Section        0  timer6.o(i.Timer_Execute_Per10ms)
    Timer_Execute_Per10ms                    0x080073b5   Thumb Code     8  timer6.o(i.Timer_Execute_Per10ms)
    i.Timer_Execute_Per1ms                   0x080073bc   Section        0  timer6.o(i.Timer_Execute_Per1ms)
    Timer_Execute_Per1ms                     0x080073bd   Thumb Code    86  timer6.o(i.Timer_Execute_Per1ms)
    i.TriggerEx_Init                         0x08007420   Section        0  trigger.o(i.TriggerEx_Init)
    i.UI_ContentScan                         0x080074b8   Section        0  ui.o(i.UI_ContentScan)
    UI_ContentScan                           0x080074b9   Thumb Code  5298  ui.o(i.UI_ContentScan)
    i.UI_DeskTopInit                         0x0800896a   Section        0  ui.o(i.UI_DeskTopInit)
    i.UI_DisplayFlush                        0x08008988   Section        0  ui.o(i.UI_DisplayFlush)
    UI_DisplayFlush                          0x08008989   Thumb Code  2574  ui.o(i.UI_DisplayFlush)
    i.UI_Poll                                0x080093a8   Section        0  ui.o(i.UI_Poll)
    i.UO_Update                              0x080093cc   Section        0  trigger.o(i.UO_Update)
    i.USART1_IRQHandler                      0x08009674   Section        0  usart1.o(i.USART1_IRQHandler)
    i.USART6_IRQHandler                      0x080096ec   Section        0  debug_uart.o(i.USART6_IRQHandler)
    i.USART_ClearFlag                        0x0800974c   Section        0  stm32f4xx_usart.o(i.USART_ClearFlag)
    i.USART_Cmd                              0x0800975e   Section        0  stm32f4xx_usart.o(i.USART_Cmd)
    i.USART_ITConfig                         0x08009776   Section        0  stm32f4xx_usart.o(i.USART_ITConfig)
    i.USART_Init                             0x080097c0   Section        0  stm32f4xx_usart.o(i.USART_Init)
    i.Uart1_Init                             0x08009894   Section        0  usart1.o(i.Uart1_Init)
    i.UsageFault_Handler                     0x08009954   Section        0  stm32f4xx_it.o(i.UsageFault_Handler)
    i.Usart6_Init                            0x08009958   Section        0  debug_uart.o(i.Usart6_Init)
    i.ValueDisplay_Control                   0x080099dc   Section        0  ui.o(i.ValueDisplay_Control)
    ValueDisplay_Control                     0x080099dd   Thumb Code   194  ui.o(i.ValueDisplay_Control)
    i.__0printf                              0x08009aac   Section        0  printfa.o(i.__0printf)
    i.__0sprintf                             0x08009acc   Section        0  printfa.o(i.__0sprintf)
    i.__hardfp_sqrt                          0x08009af4   Section        0  sqrt.o(i.__hardfp_sqrt)
    i.__scatterload_copy                     0x08009b6e   Section       14  handlers.o(i.__scatterload_copy)
    i.__scatterload_null                     0x08009b7c   Section        2  handlers.o(i.__scatterload_null)
    i.__scatterload_zeroinit                 0x08009b7e   Section       14  handlers.o(i.__scatterload_zeroinit)
    i.__set_errno                            0x08009b8c   Section        0  errno.o(i.__set_errno)
    i._fp_digits                             0x08009b98   Section        0  printfa.o(i._fp_digits)
    _fp_digits                               0x08009b99   Thumb Code   366  printfa.o(i._fp_digits)
    i._printf_core                           0x08009d1c   Section        0  printfa.o(i._printf_core)
    _printf_core                             0x08009d1d   Thumb Code  1704  printfa.o(i._printf_core)
    i._printf_post_padding                   0x0800a3d0   Section        0  printfa.o(i._printf_post_padding)
    _printf_post_padding                     0x0800a3d1   Thumb Code    36  printfa.o(i._printf_post_padding)
    i._printf_pre_padding                    0x0800a3f4   Section        0  printfa.o(i._printf_pre_padding)
    _printf_pre_padding                      0x0800a3f5   Thumb Code    46  printfa.o(i._printf_pre_padding)
    i._sputc                                 0x0800a422   Section        0  printfa.o(i._sputc)
    _sputc                                   0x0800a423   Thumb Code    10  printfa.o(i._sputc)
    i.bsp_DetectKey                          0x0800a42c   Section        0  key.o(i.bsp_DetectKey)
    bsp_DetectKey                            0x0800a42d   Thumb Code   204  key.o(i.bsp_DetectKey)
    i.bsp_GetKey                             0x0800a4fc   Section        0  key.o(i.bsp_GetKey)
    i.bsp_InitKeyVar                         0x0800a53c   Section        0  key.o(i.bsp_InitKeyVar)
    i.bsp_KeyScan                            0x0800a59c   Section        0  key.o(i.bsp_KeyScan)
    i.bsp_PutKey                             0x0800a5b4   Section        0  key.o(i.bsp_PutKey)
    i.delay_us                               0x0800a5dc   Section        0  main.o(i.delay_us)
    i.fputc                                  0x0800a604   Section        0  debug_uart.o(i.fputc)
    i.get_RCCCLOCK                           0x0800a620   Section        0  main.o(i.get_RCCCLOCK)
    i.main                                   0x0800a740   Section        0  main.o(i.main)
    i.my_mem_free                            0x0800a760   Section        0  malloc.o(i.my_mem_free)
    i.my_mem_malloc                          0x0800a7cc   Section        0  malloc.o(i.my_mem_malloc)
    i.my_mem_perused                         0x0800a874   Section        0  malloc.o(i.my_mem_perused)
    i.myfree                                 0x0800a8b4   Section        0  malloc.o(i.myfree)
    i.mymalloc                               0x0800a8d8   Section        0  malloc.o(i.mymalloc)
    i.mymemset                               0x0800a900   Section        0  malloc.o(i.mymemset)
    i.sprintf_value                          0x0800a914   Section        0  ui.o(i.sprintf_value)
    sprintf_value                            0x0800a915   Thumb Code  1448  ui.o(i.sprintf_value)
    .constdata                               0x0800aebc   Section       24  malloc.o(.constdata)
    .constdata                               0x0800aed4   Section     6080  ssd1961.o(.constdata)
    .conststring                             0x0800c694   Section       67  main.o(.conststring)
    .data                                    0x20000000   Section       18  main.o(.data)
    uwTimingDelay                            0x20000000   Data           4  main.o(.data)
    .data                                    0x20000014   Section        4  timer2.o(.data)
    .data                                    0x20000018   Section        8  dac.o(.data)
    ch_pre                                   0x20000018   Data           1  dac.o(.data)
    value_pre                                0x2000001c   Data           4  dac.o(.data)
    .data                                    0x20000020   Section        2  codec.o(.data)
    .data                                    0x20000028   Section      408  manual.o(.data)
    .data                                    0x200001c0   Section        3  switch.o(.data)
    bphase_pre                               0x200001c2   Data           1  switch.o(.data)
    .data                                    0x200001c4   Section      290  pulse.o(.data)
    .data                                    0x200002e8   Section       28  malloc.o(.data)
    .data                                    0x20000304   Section        8  protocol.o(.data)
    statusbar                                0x20000304   Data           1  protocol.o(.data)
    temp_runcnt                              0x20000308   Data           4  protocol.o(.data)
    .data                                    0x20000310   Section       36  pulsetran.o(.data)
    dTempVar                                 0x20000330   Data           4  pulsetran.o(.data)
    .data                                    0x20000334   Section        5  ui.o(.data)
    firstin                                  0x20000338   Data           1  ui.o(.data)
    .data                                    0x2000033c   Section        4  debug_uart.o(.data)
    .data                                    0x20000340   Section       16  stm32f4xx_rcc.o(.data)
    APBAHBPrescTable                         0x20000340   Data          16  stm32f4xx_rcc.o(.data)
    .data                                    0x20000350   Section       20  system_stm32f4xx_1.o(.data)
    .data                                    0x20000364   Section        4  errno.o(.data)
    _errno                                   0x20000364   Data           4  errno.o(.data)
    .bss                                     0x20000368   Section       16  timer6.o(.bss)
    .bss                                     0x20000378   Section       12  led.o(.bss)
    .bss                                     0x20000384   Section      413  key.o(.bss)
    s_tKey                                   0x200004ec   Data          53  key.o(.bss)
    .bss                                     0x20000521   Section      200  at24c64memdata.o(.bss)
    Tbl_MemData                              0x20000521   Data         200  at24c64memdata.o(.bss)
    .bss                                     0x200005e9   Section       80  pulse.o(.bss)
    .bss                                     0x20000639   Section      322  usart1.o(.bss)
    .bss                                     0x20000780   Section     8704  malloc.o(.bss)
    .bss                                     0x20002980   Section     6048  protocol.o(.bss)
    Tbl_Temp_CCRx                            0x20002980   Data          16  protocol.o(.bss)
    Tbl_Temp_CNT                             0x20002990   Data          16  protocol.o(.bss)
    .bss                                     0x20004120   Section      128  pulsetran.o(.bss)
    .bss                                     0x200041a0   Section       14  ssd1961.o(.bss)
    .bss                                     0x200041ae   Section      443  ui.o(.bss)
    .bss                                     0x2000436a   Section       12  debug_uart.o(.bss)
    STACK                                    0x20004378   Section     1024  startup_stm32f40_41xxx.o(STACK)
    .ARM.__AT_0x68000000                     0x68000000   Section     1024  malloc.o(.ARM.__AT_0x68000000)
    .ARM.__AT_0x68000400                     0x68000400   Section       64  malloc.o(.ARM.__AT_0x68000400)

    Global Symbols

    Symbol Name                              Value     Ov Type        Size  Object(Section)

    BuildAttributes$$THM_ISAv4$E$P$D$K$B$S$7EM$VFPi3$EXTD16$VFPS$VFMA$PE$A:L22UL41UL21$X:L11$S22US41US21$IEEE1$IW$USESV6$~STKCKD$USESV7$~SHL$OTIME$ROPI$IEEEJ$EBA8$MICROLIB$REQ8$PRES8$EABIv2 0x00000000   Number         0  anon$$obj.o ABSOLUTE
    __ARM_use_no_argv                        0x00000000   Number         0  main.o ABSOLUTE
    _printf_a                                0x00000000   Number         0  stubs.o ABSOLUTE
    _printf_c                                0x00000000   Number         0  stubs.o ABSOLUTE
    _printf_charcount                        0x00000000   Number         0  stubs.o ABSOLUTE
    _printf_d                                0x00000000   Number         0  stubs.o ABSOLUTE
    _printf_e                                0x00000000   Number         0  stubs.o ABSOLUTE
    _printf_f                                0x00000000   Number         0  stubs.o ABSOLUTE
    _printf_flags                            0x00000000   Number         0  stubs.o ABSOLUTE
    _printf_fp_dec                           0x00000000   Number         0  stubs.o ABSOLUTE
    _printf_fp_hex                           0x00000000   Number         0  stubs.o ABSOLUTE
    _printf_g                                0x00000000   Number         0  stubs.o ABSOLUTE
    _printf_i                                0x00000000   Number         0  stubs.o ABSOLUTE
    _printf_int_dec                          0x00000000   Number         0  stubs.o ABSOLUTE
    _printf_l                                0x00000000   Number         0  stubs.o ABSOLUTE
    _printf_lc                               0x00000000   Number         0  stubs.o ABSOLUTE
    _printf_ll                               0x00000000   Number         0  stubs.o ABSOLUTE
    _printf_lld                              0x00000000   Number         0  stubs.o ABSOLUTE
    _printf_lli                              0x00000000   Number         0  stubs.o ABSOLUTE
    _printf_llo                              0x00000000   Number         0  stubs.o ABSOLUTE
    _printf_llu                              0x00000000   Number         0  stubs.o ABSOLUTE
    _printf_llx                              0x00000000   Number         0  stubs.o ABSOLUTE
    _printf_longlong_dec                     0x00000000   Number         0  stubs.o ABSOLUTE
    _printf_longlong_hex                     0x00000000   Number         0  stubs.o ABSOLUTE
    _printf_longlong_oct                     0x00000000   Number         0  stubs.o ABSOLUTE
    _printf_ls                               0x00000000   Number         0  stubs.o ABSOLUTE
    _printf_mbtowc                           0x00000000   Number         0  stubs.o ABSOLUTE
    _printf_n                                0x00000000   Number         0  stubs.o ABSOLUTE
    _printf_o                                0x00000000   Number         0  stubs.o ABSOLUTE
    _printf_p                                0x00000000   Number         0  stubs.o ABSOLUTE
    _printf_percent                          0x00000000   Number         0  stubs.o ABSOLUTE
    _printf_pre_padding                      0x00000000   Number         0  stubs.o ABSOLUTE
    _printf_return_value                     0x00000000   Number         0  stubs.o ABSOLUTE
    _printf_s                                0x00000000   Number         0  stubs.o ABSOLUTE
    _printf_sizespec                         0x00000000   Number         0  stubs.o ABSOLUTE
    _printf_str                              0x00000000   Number         0  stubs.o ABSOLUTE
    _printf_truncate_signed                  0x00000000   Number         0  stubs.o ABSOLUTE
    _printf_truncate_unsigned                0x00000000   Number         0  stubs.o ABSOLUTE
    _printf_u                                0x00000000   Number         0  stubs.o ABSOLUTE
    _printf_wc                               0x00000000   Number         0  stubs.o ABSOLUTE
    _printf_wctomb                           0x00000000   Number         0  stubs.o ABSOLUTE
    _printf_widthprec                        0x00000000   Number         0  stubs.o ABSOLUTE
    _printf_x                                0x00000000   Number         0  stubs.o ABSOLUTE
    __arm_fini_                               - Undefined Weak Reference
    __cpp_initialize__aeabi_                  - Undefined Weak Reference
    __cxa_finalize                            - Undefined Weak Reference
    _clock_init                               - Undefined Weak Reference
    _microlib_exit                            - Undefined Weak Reference
    __Vectors_Size                           0x00000188   Number         0  startup_stm32f40_41xxx.o ABSOLUTE
    __Vectors                                0x08000000   Data           4  startup_stm32f40_41xxx.o(RESET)
    __Vectors_End                            0x08000188   Data           0  startup_stm32f40_41xxx.o(RESET)
    __main                                   0x08000189   Thumb Code     0  entry.o(.ARM.Collect$$$$00000000)
    _main_stk                                0x08000189   Thumb Code     0  entry2.o(.ARM.Collect$$$$00000001)
    _main_scatterload                        0x0800018d   Thumb Code     0  entry5.o(.ARM.Collect$$$$00000004)
    __main_after_scatterload                 0x08000191   Thumb Code     0  entry5.o(.ARM.Collect$$$$00000004)
    _main_clock                              0x08000191   Thumb Code     0  entry7b.o(.ARM.Collect$$$$00000008)
    _main_cpp_init                           0x08000191   Thumb Code     0  entry8b.o(.ARM.Collect$$$$0000000A)
    _main_init                               0x08000191   Thumb Code     0  entry9a.o(.ARM.Collect$$$$0000000B)
    __rt_lib_shutdown_fini                   0x08000199   Thumb Code     0  entry12b.o(.ARM.Collect$$$$0000000E)
    __rt_final_cpp                           0x0800019d   Thumb Code     0  entry10a.o(.ARM.Collect$$$$0000000F)
    __rt_final_exit                          0x0800019d   Thumb Code     0  entry11a.o(.ARM.Collect$$$$00000011)
    WFI_SET                                  0x080001a1   Thumb Code     2  sys.o(.emb_text)
    INTX_DISABLE                             0x080001a3   Thumb Code     4  sys.o(.emb_text)
    INTX_ENABLE                              0x080001a7   Thumb Code     4  sys.o(.emb_text)
    MSR_MSP                                  0x080001ab   Thumb Code     6  sys.o(.emb_text)
    Reset_Handler                            0x080001b1   Thumb Code     8  startup_stm32f40_41xxx.o(.text)
    ADC_IRQHandler                           0x080001cb   Thumb Code     0  startup_stm32f40_41xxx.o(.text)
    CAN1_RX0_IRQHandler                      0x080001cb   Thumb Code     0  startup_stm32f40_41xxx.o(.text)
    CAN1_RX1_IRQHandler                      0x080001cb   Thumb Code     0  startup_stm32f40_41xxx.o(.text)
    CAN1_SCE_IRQHandler                      0x080001cb   Thumb Code     0  startup_stm32f40_41xxx.o(.text)
    CAN1_TX_IRQHandler                       0x080001cb   Thumb Code     0  startup_stm32f40_41xxx.o(.text)
    CAN2_RX0_IRQHandler                      0x080001cb   Thumb Code     0  startup_stm32f40_41xxx.o(.text)
    CAN2_RX1_IRQHandler                      0x080001cb   Thumb Code     0  startup_stm32f40_41xxx.o(.text)
    CAN2_SCE_IRQHandler                      0x080001cb   Thumb Code     0  startup_stm32f40_41xxx.o(.text)
    CAN2_TX_IRQHandler                       0x080001cb   Thumb Code     0  startup_stm32f40_41xxx.o(.text)
    CRYP_IRQHandler                          0x080001cb   Thumb Code     0  startup_stm32f40_41xxx.o(.text)
    DCMI_IRQHandler                          0x080001cb   Thumb Code     0  startup_stm32f40_41xxx.o(.text)
    DMA1_Stream0_IRQHandler                  0x080001cb   Thumb Code     0  startup_stm32f40_41xxx.o(.text)
    DMA1_Stream1_IRQHandler                  0x080001cb   Thumb Code     0  startup_stm32f40_41xxx.o(.text)
    DMA1_Stream2_IRQHandler                  0x080001cb   Thumb Code     0  startup_stm32f40_41xxx.o(.text)
    DMA1_Stream3_IRQHandler                  0x080001cb   Thumb Code     0  startup_stm32f40_41xxx.o(.text)
    DMA1_Stream4_IRQHandler                  0x080001cb   Thumb Code     0  startup_stm32f40_41xxx.o(.text)
    DMA1_Stream5_IRQHandler                  0x080001cb   Thumb Code     0  startup_stm32f40_41xxx.o(.text)
    DMA1_Stream6_IRQHandler                  0x080001cb   Thumb Code     0  startup_stm32f40_41xxx.o(.text)
    DMA1_Stream7_IRQHandler                  0x080001cb   Thumb Code     0  startup_stm32f40_41xxx.o(.text)
    DMA2_Stream0_IRQHandler                  0x080001cb   Thumb Code     0  startup_stm32f40_41xxx.o(.text)
    DMA2_Stream1_IRQHandler                  0x080001cb   Thumb Code     0  startup_stm32f40_41xxx.o(.text)
    DMA2_Stream2_IRQHandler                  0x080001cb   Thumb Code     0  startup_stm32f40_41xxx.o(.text)
    DMA2_Stream3_IRQHandler                  0x080001cb   Thumb Code     0  startup_stm32f40_41xxx.o(.text)
    DMA2_Stream4_IRQHandler                  0x080001cb   Thumb Code     0  startup_stm32f40_41xxx.o(.text)
    DMA2_Stream5_IRQHandler                  0x080001cb   Thumb Code     0  startup_stm32f40_41xxx.o(.text)
    DMA2_Stream6_IRQHandler                  0x080001cb   Thumb Code     0  startup_stm32f40_41xxx.o(.text)
    DMA2_Stream7_IRQHandler                  0x080001cb   Thumb Code     0  startup_stm32f40_41xxx.o(.text)
    ETH_IRQHandler                           0x080001cb   Thumb Code     0  startup_stm32f40_41xxx.o(.text)
    ETH_WKUP_IRQHandler                      0x080001cb   Thumb Code     0  startup_stm32f40_41xxx.o(.text)
    EXTI1_IRQHandler                         0x080001cb   Thumb Code     0  startup_stm32f40_41xxx.o(.text)
    EXTI2_IRQHandler                         0x080001cb   Thumb Code     0  startup_stm32f40_41xxx.o(.text)
    EXTI3_IRQHandler                         0x080001cb   Thumb Code     0  startup_stm32f40_41xxx.o(.text)
    EXTI4_IRQHandler                         0x080001cb   Thumb Code     0  startup_stm32f40_41xxx.o(.text)
    EXTI9_5_IRQHandler                       0x080001cb   Thumb Code     0  startup_stm32f40_41xxx.o(.text)
    FLASH_IRQHandler                         0x080001cb   Thumb Code     0  startup_stm32f40_41xxx.o(.text)
    FPU_IRQHandler                           0x080001cb   Thumb Code     0  startup_stm32f40_41xxx.o(.text)
    FSMC_IRQHandler                          0x080001cb   Thumb Code     0  startup_stm32f40_41xxx.o(.text)
    HASH_RNG_IRQHandler                      0x080001cb   Thumb Code     0  startup_stm32f40_41xxx.o(.text)
    I2C1_ER_IRQHandler                       0x080001cb   Thumb Code     0  startup_stm32f40_41xxx.o(.text)
    I2C1_EV_IRQHandler                       0x080001cb   Thumb Code     0  startup_stm32f40_41xxx.o(.text)
    I2C2_ER_IRQHandler                       0x080001cb   Thumb Code     0  startup_stm32f40_41xxx.o(.text)
    I2C2_EV_IRQHandler                       0x080001cb   Thumb Code     0  startup_stm32f40_41xxx.o(.text)
    I2C3_ER_IRQHandler                       0x080001cb   Thumb Code     0  startup_stm32f40_41xxx.o(.text)
    I2C3_EV_IRQHandler                       0x080001cb   Thumb Code     0  startup_stm32f40_41xxx.o(.text)
    OTG_FS_IRQHandler                        0x080001cb   Thumb Code     0  startup_stm32f40_41xxx.o(.text)
    OTG_FS_WKUP_IRQHandler                   0x080001cb   Thumb Code     0  startup_stm32f40_41xxx.o(.text)
    OTG_HS_EP1_IN_IRQHandler                 0x080001cb   Thumb Code     0  startup_stm32f40_41xxx.o(.text)
    OTG_HS_EP1_OUT_IRQHandler                0x080001cb   Thumb Code     0  startup_stm32f40_41xxx.o(.text)
    OTG_HS_IRQHandler                        0x080001cb   Thumb Code     0  startup_stm32f40_41xxx.o(.text)
    OTG_HS_WKUP_IRQHandler                   0x080001cb   Thumb Code     0  startup_stm32f40_41xxx.o(.text)
    PVD_IRQHandler                           0x080001cb   Thumb Code     0  startup_stm32f40_41xxx.o(.text)
    RCC_IRQHandler                           0x080001cb   Thumb Code     0  startup_stm32f40_41xxx.o(.text)
    RTC_Alarm_IRQHandler                     0x080001cb   Thumb Code     0  startup_stm32f40_41xxx.o(.text)
    RTC_WKUP_IRQHandler                      0x080001cb   Thumb Code     0  startup_stm32f40_41xxx.o(.text)
    SDIO_IRQHandler                          0x080001cb   Thumb Code     0  startup_stm32f40_41xxx.o(.text)
    SPI1_IRQHandler                          0x080001cb   Thumb Code     0  startup_stm32f40_41xxx.o(.text)
    SPI2_IRQHandler                          0x080001cb   Thumb Code     0  startup_stm32f40_41xxx.o(.text)
    SPI3_IRQHandler                          0x080001cb   Thumb Code     0  startup_stm32f40_41xxx.o(.text)
    TAMP_STAMP_IRQHandler                    0x080001cb   Thumb Code     0  startup_stm32f40_41xxx.o(.text)
    TIM1_BRK_TIM9_IRQHandler                 0x080001cb   Thumb Code     0  startup_stm32f40_41xxx.o(.text)
    TIM1_CC_IRQHandler                       0x080001cb   Thumb Code     0  startup_stm32f40_41xxx.o(.text)
    TIM1_TRG_COM_TIM11_IRQHandler            0x080001cb   Thumb Code     0  startup_stm32f40_41xxx.o(.text)
    TIM1_UP_TIM10_IRQHandler                 0x080001cb   Thumb Code     0  startup_stm32f40_41xxx.o(.text)
    TIM3_IRQHandler                          0x080001cb   Thumb Code     0  startup_stm32f40_41xxx.o(.text)
    TIM5_IRQHandler                          0x080001cb   Thumb Code     0  startup_stm32f40_41xxx.o(.text)
    TIM7_IRQHandler                          0x080001cb   Thumb Code     0  startup_stm32f40_41xxx.o(.text)
    TIM8_BRK_TIM12_IRQHandler                0x080001cb   Thumb Code     0  startup_stm32f40_41xxx.o(.text)
    TIM8_CC_IRQHandler                       0x080001cb   Thumb Code     0  startup_stm32f40_41xxx.o(.text)
    TIM8_TRG_COM_TIM14_IRQHandler            0x080001cb   Thumb Code     0  startup_stm32f40_41xxx.o(.text)
    TIM8_UP_TIM13_IRQHandler                 0x080001cb   Thumb Code     0  startup_stm32f40_41xxx.o(.text)
    UART4_IRQHandler                         0x080001cb   Thumb Code     0  startup_stm32f40_41xxx.o(.text)
    UART5_IRQHandler                         0x080001cb   Thumb Code     0  startup_stm32f40_41xxx.o(.text)
    USART2_IRQHandler                        0x080001cb   Thumb Code     0  startup_stm32f40_41xxx.o(.text)
    USART3_IRQHandler                        0x080001cb   Thumb Code     0  startup_stm32f40_41xxx.o(.text)
    WWDG_IRQHandler                          0x080001cb   Thumb Code     0  startup_stm32f40_41xxx.o(.text)
    __aeabi_uldivmod                         0x080001d5   Thumb Code    98  uldiv.o(.text)
    strlen                                   0x08000237   Thumb Code    14  strlen.o(.text)
    strcmp                                   0x08000245   Thumb Code    28  strcmp.o(.text)
    strcpy                                   0x08000261   Thumb Code    18  strcpy.o(.text)
    __aeabi_dadd                             0x08000273   Thumb Code   322  dadd.o(.text)
    __aeabi_dsub                             0x080003b5   Thumb Code     6  dadd.o(.text)
    __aeabi_drsub                            0x080003bb   Thumb Code     6  dadd.o(.text)
    __aeabi_dmul                             0x080003c1   Thumb Code   228  dmul.o(.text)
    __aeabi_ddiv                             0x080004a5   Thumb Code   222  ddiv.o(.text)
    __aeabi_ul2f                             0x08000583   Thumb Code    28  ffltul.o(.text)
    __aeabi_i2d                              0x0800059f   Thumb Code    34  dflti.o(.text)
    __aeabi_ui2d                             0x080005c1   Thumb Code    26  dfltui.o(.text)
    __aeabi_d2iz                             0x080005db   Thumb Code    62  dfixi.o(.text)
    __aeabi_d2uiz                            0x08000619   Thumb Code    50  dfixui.o(.text)
    __aeabi_f2d                              0x0800064b   Thumb Code    38  f2d.o(.text)
    __aeabi_uidiv                            0x08000671   Thumb Code     0  uidiv.o(.text)
    __aeabi_uidivmod                         0x08000671   Thumb Code    44  uidiv.o(.text)
    __aeabi_llsl                             0x0800069d   Thumb Code    30  llshl.o(.text)
    _ll_shift_l                              0x0800069d   Thumb Code     0  llshl.o(.text)
    __aeabi_llsr                             0x080006bb   Thumb Code    32  llushr.o(.text)
    _ll_ushift_r                             0x080006bb   Thumb Code     0  llushr.o(.text)
    __aeabi_lasr                             0x080006db   Thumb Code    36  llsshr.o(.text)
    _ll_sshift_r                             0x080006db   Thumb Code     0  llsshr.o(.text)
    __I$use$fp                               0x080006ff   Thumb Code     0  iusefp.o(.text)
    _float_round                             0x080006ff   Thumb Code    18  fepilogue.o(.text)
    _float_epilogue                          0x08000711   Thumb Code    92  fepilogue.o(.text)
    _double_round                            0x0800076d   Thumb Code    30  depilogue.o(.text)
    _double_epilogue                         0x0800078b   Thumb Code   156  depilogue.o(.text)
    _dsqrt                                   0x08000827   Thumb Code   162  dsqrt.o(.text)
    __aeabi_d2ulz                            0x080008c9   Thumb Code    48  dfixul.o(.text)
    __aeabi_cdrcmple                         0x080008f9   Thumb Code    48  cdrcmple.o(.text)
    __scatterload                            0x08000929   Thumb Code    28  init.o(.text)
    __scatterload_rt2                        0x08000929   Thumb Code     0  init.o(.text)
    __decompress                             0x0800094d   Thumb Code     0  __dczerorl2.o(.text)
    __decompress1                            0x0800094d   Thumb Code    86  __dczerorl2.o(.text)
    AD5542_Init                              0x080009a5   Thumb Code    82  dac.o(i.AD5542_Init)
    AD5542_Output                            0x080009fd   Thumb Code    88  dac.o(i.AD5542_Output)
    AT24CXX_Init                             0x08000bb5   Thumb Code     8  at24c64.o(i.AT24CXX_Init)
    AT24CXX_Read                             0x08000bbd   Thumb Code    34  at24c64.o(i.AT24CXX_Read)
    AT24CXX_ReadOneByte                      0x08000bdf   Thumb Code    84  at24c64.o(i.AT24CXX_ReadOneByte)
    AT24CXX_Write                            0x08000c33   Thumb Code    36  at24c64.o(i.AT24CXX_Write)
    AT24CXX_WriteOneByte                     0x08000c57   Thumb Code    76  at24c64.o(i.AT24CXX_WriteOneByte)
    Beep_Init                                0x08001261   Thumb Code    70  beep.o(i.Beep_Init)
    Btn_Init                                 0x080012b1   Thumb Code    78  key.o(i.Btn_Init)
    BusFault_Handler                         0x08001305   Thumb Code     4  stm32f4xx_it.o(i.BusFault_Handler)
    Codec_Init                               0x08001309   Thumb Code   182  codec.o(i.Codec_Init)
    DO0_PB9_TIM11_CH1                        0x080013c5   Thumb Code     2  pulse.o(i.DO0_PB9_TIM11_CH1)
    DO1_PB8_TIM4_CH3                         0x080013c9   Thumb Code   188  pulse.o(i.DO1_PB8_TIM4_CH3)
    DO2_PA6_TIM3_CH1                         0x0800148d   Thumb Code     2  pulse.o(i.DO2_PA6_TIM3_CH1)
    DO3_PA2_TIM9_CH1                         0x0800148f   Thumb Code     2  pulse.o(i.DO3_PA2_TIM9_CH1)
    DO4_PB10_TIM2_CH3_F                      0x08001491   Thumb Code     2  pulse.o(i.DO4_PB10_TIM2_CH3_F)
    DO5_PC6_TIM8_CH1                         0x08001493   Thumb Code     2  pulse.o(i.DO5_PC6_TIM8_CH1)
    DO6_PA11_TIM1_CH4                        0x08001495   Thumb Code     2  pulse.o(i.DO6_PA11_TIM1_CH4)
    DO7_PA3_TIM5_CH4                         0x08001497   Thumb Code     2  pulse.o(i.DO7_PA3_TIM5_CH4)
    DO_ALL_SYNC_Init                         0x08001499   Thumb Code    70  pulse.o(i.DO_ALL_SYNC_Init)
    DebugMon_Handler                         0x080014e9   Thumb Code     2  stm32f4xx_it.o(i.DebugMon_Handler)
    Delay_ms                                 0x080014ed   Thumb Code    20  main.o(i.Delay_ms)
    EXTI0_IRQHandler                         0x08001505   Thumb Code   168  trigger.o(i.EXTI0_IRQHandler)
    EXTI15_10_IRQHandler                     0x080015c1   Thumb Code   190  codec.o(i.EXTI15_10_IRQHandler)
    EXTI_Init                                0x080016a1   Thumb Code   142  stm32f4xx_exti.o(i.EXTI_Init)
    FSMC_NORSRAMCmd                          0x08001735   Thumb Code    46  stm32f4xx_fsmc.o(i.FSMC_NORSRAMCmd)
    FSMC_NORSRAMInit                         0x08001769   Thumb Code   282  stm32f4xx_fsmc.o(i.FSMC_NORSRAMInit)
    GPIO_Init                                0x0800188d   Thumb Code   144  stm32f4xx_gpio.o(i.GPIO_Init)
    GPIO_PinAFConfig                         0x0800191d   Thumb Code    70  stm32f4xx_gpio.o(i.GPIO_PinAFConfig)
    GPIO_SetBits                             0x08001963   Thumb Code     4  stm32f4xx_gpio.o(i.GPIO_SetBits)
    HardFault_Handler                        0x08001967   Thumb Code     4  stm32f4xx_it.o(i.HardFault_Handler)
    IIC_Ack                                  0x0800196d   Thumb Code    66  at24c64iic.o(i.IIC_Ack)
    IIC_Init                                 0x080019bd   Thumb Code    62  at24c64iic.o(i.IIC_Init)
    IIC_NAck                                 0x08001a09   Thumb Code    66  at24c64iic.o(i.IIC_NAck)
    IIC_Read_Byte                            0x08001a59   Thumb Code    88  at24c64iic.o(i.IIC_Read_Byte)
    IIC_Send_Byte                            0x08001abd   Thumb Code    90  at24c64iic.o(i.IIC_Send_Byte)
    IIC_Start                                0x08001b25   Thumb Code    64  at24c64iic.o(i.IIC_Start)
    IIC_Stop                                 0x08001b71   Thumb Code    64  at24c64iic.o(i.IIC_Stop)
    IIC_Wait_Ack                             0x08001bbd   Thumb Code    80  at24c64iic.o(i.IIC_Wait_Ack)
    IO_Init                                  0x08001c19   Thumb Code   142  main.o(i.IO_Init)
    Init_Devices                             0x08001cb9   Thumb Code   398  main.o(i.Init_Devices)
    Init_SysTick                             0x08002095   Thumb Code    66  main.o(i.Init_SysTick)
    LCDRST_Init                              0x08002395   Thumb Code    66  ssd1961.o(i.LCDRST_Init)
    LCD_Clear                                0x080023dd   Thumb Code   100  ssd1961.o(i.LCD_Clear)
    LCD_Display_Dir                          0x08002449   Thumb Code   124  ssd1961.o(i.LCD_Display_Dir)
    LCD_Fast_DrawPoint                       0x080024c9   Thumb Code   112  ssd1961.o(i.LCD_Fast_DrawPoint)
    LCD_Fill                                 0x08002541   Thumb Code    80  ssd1961.o(i.LCD_Fill)
    LCD_Init                                 0x08002595   Thumb Code   858  ssd1961.o(i.LCD_Init)
    LCD_RD_DATA                              0x080028fd   Thumb Code    14  ssd1961.o(i.LCD_RD_DATA)
    LCD_ReadReg                              0x08002911   Thumb Code    22  ssd1961.o(i.LCD_ReadReg)
    LCD_SSD_BackLightSet                     0x08002929   Thumb Code    88  ssd1961.o(i.LCD_SSD_BackLightSet)
    LCD_Scan_Dir                             0x08002989   Thumb Code   744  ssd1961.o(i.LCD_Scan_Dir)
    LCD_SetCursor                            0x08002c75   Thumb Code   162  ssd1961.o(i.LCD_SetCursor)
    LCD_ShowString_WithColor                 0x08002e39   Thumb Code   106  ssd1961.o(i.LCD_ShowString_WithColor)
    LCD_WR_DATA                              0x08002ea5   Thumb Code     6  ssd1961.o(i.LCD_WR_DATA)
    LCD_WR_REG                               0x08002eb1   Thumb Code     6  ssd1961.o(i.LCD_WR_REG)
    LCD_WriteRAM_Prepare                     0x08002ebd   Thumb Code    10  ssd1961.o(i.LCD_WriteRAM_Prepare)
    LCD_WriteReg                             0x08002ed1   Thumb Code    10  ssd1961.o(i.LCD_WriteReg)
    LED_Init                                 0x08002ee1   Thumb Code   158  led.o(i.LED_Init)
    Led_ModePartOff                          0x08002f95   Thumb Code    26  led.o(i.Led_ModePartOff)
    Led_ParamPartOff                         0x08002fbd   Thumb Code    26  led.o(i.Led_ParamPartOff)
    Led_ShortOn_Poll                         0x08002fe1   Thumb Code   148  led.o(i.Led_ShortOn_Poll)
    Manual_Poll                              0x08003081   Thumb Code  2292  manual.o(i.Manual_Poll)
    MemManage_Handler                        0x08003979   Thumb Code     4  stm32f4xx_it.o(i.MemManage_Handler)
    Memory_ConfigLoad                        0x0800397d   Thumb Code  2686  at24c64memdata.o(i.Memory_ConfigLoad)
    Memory_OverLimit_Process                 0x0800441d   Thumb Code    22  at24c64memdata.o(i.Memory_OverLimit_Process)
    Memory_Poll                              0x08004435   Thumb Code  1262  at24c64memdata.o(i.Memory_Poll)
    My_Mem_Init                              0x08004935   Thumb Code    54  malloc.o(i.My_Mem_Init)
    NMI_Handler                              0x08004979   Thumb Code     2  stm32f4xx_it.o(i.NMI_Handler)
    NVIC_Init                                0x0800497d   Thumb Code   106  misc.o(i.NVIC_Init)
    NVIC_PriorityGroupConfig                 0x080049f5   Thumb Code    10  misc.o(i.NVIC_PriorityGroupConfig)
    Output_VorC                              0x08004a31   Thumb Code   320  output.o(i.Output_VorC)
    ParamEdit_RefreshPre                     0x08004b81   Thumb Code   324  ui.o(i.ParamEdit_RefreshPre)
    PendSV_Handler                           0x08004f35   Thumb Code     2  stm32f4xx_it.o(i.PendSV_Handler)
    Process_COMMAND_CONTINUE                 0x08004f39   Thumb Code   232  protocol.o(i.Process_COMMAND_CONTINUE)
    Process_COMMAND_PAUSE                    0x0800503d   Thumb Code   318  protocol.o(i.Process_COMMAND_PAUSE)
    Process_COMMAND_START                    0x080051a1   Thumb Code   358  protocol.o(i.Process_COMMAND_START)
    Process_COMMAND_STOP                     0x0800532d   Thumb Code   530  protocol.o(i.Process_COMMAND_STOP)
    PulseTran_FreeRun                        0x08005571   Thumb Code   320  pulsetran.o(i.PulseTran_FreeRun)
    PulseTran_Single                         0x080056c5   Thumb Code   356  pulsetran.o(i.PulseTran_Single)
    PulseTran_Train                          0x08005add   Thumb Code   468  pulsetran.o(i.PulseTran_Train)
    RCC_AHB1PeriphClockCmd                   0x08005ccd   Thumb Code    26  stm32f4xx_rcc.o(i.RCC_AHB1PeriphClockCmd)
    RCC_AHB3PeriphClockCmd                   0x08005ced   Thumb Code    26  stm32f4xx_rcc.o(i.RCC_AHB3PeriphClockCmd)
    RCC_APB1PeriphClockCmd                   0x08005d0d   Thumb Code    26  stm32f4xx_rcc.o(i.RCC_APB1PeriphClockCmd)
    RCC_APB2PeriphClockCmd                   0x08005d2d   Thumb Code    26  stm32f4xx_rcc.o(i.RCC_APB2PeriphClockCmd)
    RCC_GetClocksFreq                        0x08005d4d   Thumb Code   214  stm32f4xx_rcc.o(i.RCC_GetClocksFreq)
    RCC_HSEConfig                            0x08005e35   Thumb Code    12  stm32f4xx_rcc.o(i.RCC_HSEConfig)
    SVC_Handler                              0x08005efd   Thumb Code     2  stm32f4xx_it.o(i.SVC_Handler)
    SYSCFG_EXTILineConfig                    0x08005f01   Thumb Code    60  stm32f4xx_syscfg.o(i.SYSCFG_EXTILineConfig)
    SettingInfo_Modify                       0x08006159   Thumb Code  2352  manual.o(i.SettingInfo_Modify)
    Switch_Ctrl                              0x08006a95   Thumb Code   160  switch.o(i.Switch_Ctrl)
    Switch_Init                              0x08006be9   Thumb Code    70  switch.o(i.Switch_Init)
    SysTick_Handler                          0x08006c39   Thumb Code    72  stm32f4xx_it.o(i.SysTick_Handler)
    SystemInit                               0x08006c8d   Thumb Code    88  system_stm32f4xx_1.o(i.SystemInit)
    TIM2_IRQHandler                          0x08006cf5   Thumb Code   410  timer2.o(i.TIM2_IRQHandler)
    TIM4_IRQHandler                          0x08006ea1   Thumb Code    10  pulse.o(i.TIM4_IRQHandler)
    TIM6_DAC_IRQHandler                      0x08006ead   Thumb Code    56  timer6.o(i.TIM6_DAC_IRQHandler)
    TIM_Cmd                                  0x08006eed   Thumb Code    24  stm32f4xx_tim.o(i.TIM_Cmd)
    TIM_ITConfig                             0x08006f05   Thumb Code    18  stm32f4xx_tim.o(i.TIM_ITConfig)
    TIM_TimeBaseInit                         0x08006f19   Thumb Code   104  stm32f4xx_tim.o(i.TIM_TimeBaseInit)
    Timer2_Init                              0x080072ff   Thumb Code    90  timer2.o(i.Timer2_Init)
    Timer6_Init                              0x08007359   Thumb Code    88  timer6.o(i.Timer6_Init)
    TriggerEx_Init                           0x08007421   Thumb Code   148  trigger.o(i.TriggerEx_Init)
    UI_DeskTopInit                           0x0800896b   Thumb Code    30  ui.o(i.UI_DeskTopInit)
    UI_Poll                                  0x080093a9   Thumb Code    30  ui.o(i.UI_Poll)
    UO_Update                                0x080093cd   Thumb Code   642  trigger.o(i.UO_Update)
    USART1_IRQHandler                        0x08009675   Thumb Code   110  usart1.o(i.USART1_IRQHandler)
    USART6_IRQHandler                        0x080096ed   Thumb Code    82  debug_uart.o(i.USART6_IRQHandler)
    USART_ClearFlag                          0x0800974d   Thumb Code    18  stm32f4xx_usart.o(i.USART_ClearFlag)
    USART_Cmd                                0x0800975f   Thumb Code    24  stm32f4xx_usart.o(i.USART_Cmd)
    USART_ITConfig                           0x08009777   Thumb Code    74  stm32f4xx_usart.o(i.USART_ITConfig)
    USART_Init                               0x080097c1   Thumb Code   204  stm32f4xx_usart.o(i.USART_Init)
    Uart1_Init                               0x08009895   Thumb Code   184  usart1.o(i.Uart1_Init)
    UsageFault_Handler                       0x08009955   Thumb Code     4  stm32f4xx_it.o(i.UsageFault_Handler)
    Usart6_Init                              0x08009959   Thumb Code   124  debug_uart.o(i.Usart6_Init)
    __0printf                                0x08009aad   Thumb Code    22  printfa.o(i.__0printf)
    __1printf                                0x08009aad   Thumb Code     0  printfa.o(i.__0printf)
    __2printf                                0x08009aad   Thumb Code     0  printfa.o(i.__0printf)
    __c89printf                              0x08009aad   Thumb Code     0  printfa.o(i.__0printf)
    printf                                   0x08009aad   Thumb Code     0  printfa.o(i.__0printf)
    __0sprintf                               0x08009acd   Thumb Code    34  printfa.o(i.__0sprintf)
    __1sprintf                               0x08009acd   Thumb Code     0  printfa.o(i.__0sprintf)
    __2sprintf                               0x08009acd   Thumb Code     0  printfa.o(i.__0sprintf)
    __c89sprintf                             0x08009acd   Thumb Code     0  printfa.o(i.__0sprintf)
    sprintf                                  0x08009acd   Thumb Code     0  printfa.o(i.__0sprintf)
    __hardfp_sqrt                            0x08009af5   Thumb Code   122  sqrt.o(i.__hardfp_sqrt)
    __scatterload_copy                       0x08009b6f   Thumb Code    14  handlers.o(i.__scatterload_copy)
    __scatterload_null                       0x08009b7d   Thumb Code     2  handlers.o(i.__scatterload_null)
    __scatterload_zeroinit                   0x08009b7f   Thumb Code    14  handlers.o(i.__scatterload_zeroinit)
    __set_errno                              0x08009b8d   Thumb Code     6  errno.o(i.__set_errno)
    bsp_GetKey                               0x0800a4fd   Thumb Code    58  key.o(i.bsp_GetKey)
    bsp_InitKeyVar                           0x0800a53d   Thumb Code    88  key.o(i.bsp_InitKeyVar)
    bsp_KeyScan                              0x0800a59d   Thumb Code    22  key.o(i.bsp_KeyScan)
    bsp_PutKey                               0x0800a5b5   Thumb Code    36  key.o(i.bsp_PutKey)
    delay_us                                 0x0800a5dd   Thumb Code    38  main.o(i.delay_us)
    fputc                                    0x0800a605   Thumb Code    24  debug_uart.o(i.fputc)
    get_RCCCLOCK                             0x0800a621   Thumb Code   166  main.o(i.get_RCCCLOCK)
    main                                     0x0800a741   Thumb Code    30  main.o(i.main)
    my_mem_free                              0x0800a761   Thumb Code    96  malloc.o(i.my_mem_free)
    my_mem_malloc                            0x0800a7cd   Thumb Code   156  malloc.o(i.my_mem_malloc)
    my_mem_perused                           0x0800a875   Thumb Code    54  malloc.o(i.my_mem_perused)
    myfree                                   0x0800a8b5   Thumb Code    30  malloc.o(i.myfree)
    mymalloc                                 0x0800a8d9   Thumb Code    34  malloc.o(i.mymalloc)
    mymemset                                 0x0800a901   Thumb Code    20  malloc.o(i.mymemset)
    memtblsize                               0x0800aebc   Data           8  malloc.o(.constdata)
    memblksize                               0x0800aec4   Data           8  malloc.o(.constdata)
    memsize                                  0x0800aecc   Data           8  malloc.o(.constdata)
    asc2_1206                                0x0800aed4   Data        1140  ssd1961.o(.constdata)
    asc2_1608                                0x0800b348   Data        1520  ssd1961.o(.constdata)
    asc2_2412                                0x0800b938   Data        3420  ssd1961.o(.constdata)
    Region$$Table$$Base                      0x0800c6d8   Number         0  anon$$obj.o(Region$$Table)
    Region$$Table$$Limit                     0x0800c6f8   Number         0  anon$$obj.o(Region$$Table)
    SysTick_Count                            0x20000004   Data           4  main.o(.data)
    SysTick_Count1                           0x20000008   Data           4  main.o(.data)
    TimingDelay                              0x2000000c   Data           4  main.o(.data)
    Voltage_Ploar_Flag                       0x20000010   Data           1  main.o(.data)
    Current_Ploar_Flag                       0x20000011   Data           1  main.o(.data)
    T2                                       0x20000014   Data           4  timer2.o(.data)
    Rotate_Increase_Cnt                      0x20000020   Data           1  codec.o(.data)
    Rotate_Decrease_Cnt                      0x20000021   Data           1  codec.o(.data)
    UserOperation                            0x20000028   Data         376  manual.o(.data)
    Ceiling                                  0x200001a0   Data          32  manual.o(.data)
    Switch                                   0x200001c0   Data           2  switch.o(.data)
    Tbl_TIM_CNT                              0x200001c4   Data          32  pulse.o(.data)
    Tbl_TIM_ARR                              0x200001e4   Data          32  pulse.o(.data)
    Tbl_TIM_PSC                              0x20000204   Data          32  pulse.o(.data)
    Tbl_TIM_CCRx                             0x20000224   Data          32  pulse.o(.data)
    Tbl_TIM_DIER                             0x20000244   Data          32  pulse.o(.data)
    Tbl_TIM_CR1                              0x20000264   Data          32  pulse.o(.data)
    Tbl_TIM_SR                               0x20000284   Data          32  pulse.o(.data)
    Tbl_DOX_TIM_Init                         0x200002a4   Data          32  pulse.o(.data)
    Tbl_Flag                                 0x200002c4   Data           8  pulse.o(.data)
    DOState                                  0x200002cc   Data          26  pulse.o(.data)
    mallco_dev                               0x200002e8   Data          28  malloc.o(.data)
    pPwmArrayParam                           0x20000310   Data          32  pulsetran.o(.data)
    Color                                    0x20000334   Data           4  ui.o(.data)
    __stdout                                 0x2000033c   Data           4  debug_uart.o(.data)
    SystemCoreClock                          0x20000350   Data           4  system_stm32f4xx_1.o(.data)
    AHBPrescTable                            0x20000354   Data          16  system_stm32f4xx_1.o(.data)
    T6                                       0x20000368   Data          16  timer6.o(.bss)
    LedShortOn                               0x20000378   Data          12  led.o(.bss)
    s_tBtn                                   0x20000384   Data         360  key.o(.bss)
    TimerRun                                 0x200005e9   Data          80  pulse.o(.bss)
    U1                                       0x20000639   Data         322  usart1.o(.bss)
    mem1base                                 0x20000780   Data        8192  malloc.o(.bss)
    mem1mapbase                              0x20002780   Data         512  malloc.o(.bss)
    PulseConf                                0x200029a0   Data        6016  protocol.o(.bss)
    PwmArrayParam                            0x20004120   Data         128  pulsetran.o(.bss)
    lcddev                                   0x200041a0   Data          14  ssd1961.o(.bss)
    UI                                       0x200041ae   Data         443  ui.o(.bss)
    U6                                       0x2000436a   Data          12  debug_uart.o(.bss)
    __initial_sp                             0x20004778   Data           0  startup_stm32f40_41xxx.o(STACK)
    mem2base                                 0x68000000   Data        1024  malloc.o(.ARM.__AT_0x68000000)
    mem2mapbase                              0x68000400   Data          64  malloc.o(.ARM.__AT_0x68000400)



==============================================================================

Memory Map of the image

  Image Entry point : 0x08000189

  Load Region LR_IROM1 (Base: 0x08000000, Size: 0x0000ca60, Max: 0x00080000, ABSOLUTE, COMPRESSED[0x0000c830])

    Execution Region ER_IROM1 (Exec base: 0x08000000, Load base: 0x08000000, Size: 0x0000c6f8, Max: 0x00080000, ABSOLUTE)

    Exec Addr    Load Addr    Size         Type   Attr      Idx    E Section Name        Object

    0x08000000   0x08000000   0x00000188   Data   RO         7113    RESET               startup_stm32f40_41xxx.o
    0x08000188   0x08000188   0x00000000   Code   RO         7130  * .ARM.Collect$$$$00000000  mc_w.l(entry.o)
    0x08000188   0x08000188   0x00000004   Code   RO         7420    .ARM.Collect$$$$00000001  mc_w.l(entry2.o)
    0x0800018c   0x0800018c   0x00000004   Code   RO         7423    .ARM.Collect$$$$00000004  mc_w.l(entry5.o)
    0x08000190   0x08000190   0x00000000   Code   RO         7425    .ARM.Collect$$$$00000008  mc_w.l(entry7b.o)
    0x08000190   0x08000190   0x00000000   Code   RO         7427    .ARM.Collect$$$$0000000A  mc_w.l(entry8b.o)
    0x08000190   0x08000190   0x00000008   Code   RO         7428    .ARM.Collect$$$$0000000B  mc_w.l(entry9a.o)
    0x08000198   0x08000198   0x00000004   Code   RO         7435    .ARM.Collect$$$$0000000E  mc_w.l(entry12b.o)
    0x0800019c   0x0800019c   0x00000000   Code   RO         7430    .ARM.Collect$$$$0000000F  mc_w.l(entry10a.o)
    0x0800019c   0x0800019c   0x00000000   Code   RO         7432    .ARM.Collect$$$$00000011  mc_w.l(entry11a.o)
    0x0800019c   0x0800019c   0x00000004   Code   RO         7421    .ARM.Collect$$$$00002712  mc_w.l(entry2.o)
    0x080001a0   0x080001a0   0x00000010   Code   RO         1944    .emb_text           sys.o
    0x080001b0   0x080001b0   0x00000024   Code   RO         7114    .text               startup_stm32f40_41xxx.o
    0x080001d4   0x080001d4   0x00000062   Code   RO         7133    .text               mc_w.l(uldiv.o)
    0x08000236   0x08000236   0x0000000e   Code   RO         7135    .text               mc_w.l(strlen.o)
    0x08000244   0x08000244   0x0000001c   Code   RO         7137    .text               mc_w.l(strcmp.o)
    0x08000260   0x08000260   0x00000012   Code   RO         7139    .text               mc_w.l(strcpy.o)
    0x08000272   0x08000272   0x0000014e   Code   RO         7402    .text               mf_w.l(dadd.o)
    0x080003c0   0x080003c0   0x000000e4   Code   RO         7404    .text               mf_w.l(dmul.o)
    0x080004a4   0x080004a4   0x000000de   Code   RO         7406    .text               mf_w.l(ddiv.o)
    0x08000582   0x08000582   0x0000001c   Code   RO         7408    .text               mf_w.l(ffltul.o)
    0x0800059e   0x0800059e   0x00000022   Code   RO         7410    .text               mf_w.l(dflti.o)
    0x080005c0   0x080005c0   0x0000001a   Code   RO         7412    .text               mf_w.l(dfltui.o)
    0x080005da   0x080005da   0x0000003e   Code   RO         7414    .text               mf_w.l(dfixi.o)
    0x08000618   0x08000618   0x00000032   Code   RO         7416    .text               mf_w.l(dfixui.o)
    0x0800064a   0x0800064a   0x00000026   Code   RO         7418    .text               mf_w.l(f2d.o)
    0x08000670   0x08000670   0x0000002c   Code   RO         7436    .text               mc_w.l(uidiv.o)
    0x0800069c   0x0800069c   0x0000001e   Code   RO         7438    .text               mc_w.l(llshl.o)
    0x080006ba   0x080006ba   0x00000020   Code   RO         7440    .text               mc_w.l(llushr.o)
    0x080006da   0x080006da   0x00000024   Code   RO         7442    .text               mc_w.l(llsshr.o)
    0x080006fe   0x080006fe   0x00000000   Code   RO         7451    .text               mc_w.l(iusefp.o)
    0x080006fe   0x080006fe   0x0000006e   Code   RO         7452    .text               mf_w.l(fepilogue.o)
    0x0800076c   0x0800076c   0x000000ba   Code   RO         7454    .text               mf_w.l(depilogue.o)
    0x08000826   0x08000826   0x000000a2   Code   RO         7456    .text               mf_w.l(dsqrt.o)
    0x080008c8   0x080008c8   0x00000030   Code   RO         7458    .text               mf_w.l(dfixul.o)
    0x080008f8   0x080008f8   0x00000030   Code   RO         7462    .text               mf_w.l(cdrcmple.o)
    0x08000928   0x08000928   0x00000024   Code   RO         7464    .text               mc_w.l(init.o)
    0x0800094c   0x0800094c   0x00000056   Code   RO         7474    .text               mc_w.l(__dczerorl2.o)
    0x080009a2   0x080009a2   0x00000002   PAD
    0x080009a4   0x080009a4   0x00000058   Code   RO          611    i.AD5542_Init       dac.o
    0x080009fc   0x080009fc   0x00000060   Code   RO          612    i.AD5542_Output     dac.o
    0x08000a5c   0x08000a5c   0x000000ac   Code   RO          613    i.AD5542_WriteA     dac.o
    0x08000b08   0x08000b08   0x000000ac   Code   RO          614    i.AD5542_WriteB     dac.o
    0x08000bb4   0x08000bb4   0x00000008   Code   RO          985    i.AT24CXX_Init      at24c64.o
    0x08000bbc   0x08000bbc   0x00000022   Code   RO          986    i.AT24CXX_Read      at24c64.o
    0x08000bde   0x08000bde   0x00000054   Code   RO          987    i.AT24CXX_ReadOneByte  at24c64.o
    0x08000c32   0x08000c32   0x00000024   Code   RO          988    i.AT24CXX_Write     at24c64.o
    0x08000c56   0x08000c56   0x0000004c   Code   RO          989    i.AT24CXX_WriteOneByte  at24c64.o
    0x08000ca2   0x08000ca2   0x00000002   PAD
    0x08000ca4   0x08000ca4   0x00000280   Code   RO         1038    i.Array_Read        at24c64memdata.o
    0x08000f24   0x08000f24   0x0000033c   Code   RO         1039    i.Array_Write       at24c64memdata.o
    0x08001260   0x08001260   0x00000050   Code   RO          575    i.Beep_Init         beep.o
    0x080012b0   0x080012b0   0x00000054   Code   RO          652    i.Btn_Init          key.o
    0x08001304   0x08001304   0x00000004   Code   RO          289    i.BusFault_Handler  stm32f4xx_it.o
    0x08001308   0x08001308   0x000000bc   Code   RO          740    i.Codec_Init        codec.o
    0x080013c4   0x080013c4   0x00000002   Code   RO         1086    i.DO0_PB9_TIM11_CH1  pulse.o
    0x080013c6   0x080013c6   0x00000002   PAD
    0x080013c8   0x080013c8   0x000000c4   Code   RO         1087    i.DO1_PB8_TIM4_CH3  pulse.o
    0x0800148c   0x0800148c   0x00000002   Code   RO         1088    i.DO2_PA6_TIM3_CH1  pulse.o
    0x0800148e   0x0800148e   0x00000002   Code   RO         1089    i.DO3_PA2_TIM9_CH1  pulse.o
    0x08001490   0x08001490   0x00000002   Code   RO         1090    i.DO4_PB10_TIM2_CH3_F  pulse.o
    0x08001492   0x08001492   0x00000002   Code   RO         1091    i.DO5_PC6_TIM8_CH1  pulse.o
    0x08001494   0x08001494   0x00000002   Code   RO         1092    i.DO6_PA11_TIM1_CH4  pulse.o
    0x08001496   0x08001496   0x00000002   Code   RO         1093    i.DO7_PA3_TIM5_CH4  pulse.o
    0x08001498   0x08001498   0x00000050   Code   RO         1094    i.DO_ALL_SYNC_Init  pulse.o
    0x080014e8   0x080014e8   0x00000002   Code   RO          290    i.DebugMon_Handler  stm32f4xx_it.o
    0x080014ea   0x080014ea   0x00000002   PAD
    0x080014ec   0x080014ec   0x00000018   Code   RO            4    i.Delay_ms          main.o
    0x08001504   0x08001504   0x000000bc   Code   RO          882    i.EXTI0_IRQHandler  trigger.o
    0x080015c0   0x080015c0   0x000000e0   Code   RO          741    i.EXTI15_10_IRQHandler  codec.o
    0x080016a0   0x080016a0   0x00000094   Code   RO         3413    i.EXTI_Init         stm32f4xx_exti.o
    0x08001734   0x08001734   0x00000034   Code   RO         3796    i.FSMC_NORSRAMCmd   stm32f4xx_fsmc.o
    0x08001768   0x08001768   0x00000124   Code   RO         3798    i.FSMC_NORSRAMInit  stm32f4xx_fsmc.o
    0x0800188c   0x0800188c   0x00000090   Code   RO         3921    i.GPIO_Init         stm32f4xx_gpio.o
    0x0800191c   0x0800191c   0x00000046   Code   RO         3922    i.GPIO_PinAFConfig  stm32f4xx_gpio.o
    0x08001962   0x08001962   0x00000004   Code   RO         3929    i.GPIO_SetBits      stm32f4xx_gpio.o
    0x08001966   0x08001966   0x00000004   Code   RO          291    i.HardFault_Handler  stm32f4xx_it.o
    0x0800196a   0x0800196a   0x00000002   PAD
    0x0800196c   0x0800196c   0x00000050   Code   RO          918    i.IIC_Ack           at24c64iic.o
    0x080019bc   0x080019bc   0x0000004c   Code   RO          919    i.IIC_Init          at24c64iic.o
    0x08001a08   0x08001a08   0x00000050   Code   RO          920    i.IIC_NAck          at24c64iic.o
    0x08001a58   0x08001a58   0x00000064   Code   RO          921    i.IIC_Read_Byte     at24c64iic.o
    0x08001abc   0x08001abc   0x00000068   Code   RO          922    i.IIC_Send_Byte     at24c64iic.o
    0x08001b24   0x08001b24   0x0000004c   Code   RO          923    i.IIC_Start         at24c64iic.o
    0x08001b70   0x08001b70   0x0000004c   Code   RO          924    i.IIC_Stop          at24c64iic.o
    0x08001bbc   0x08001bbc   0x0000005c   Code   RO          925    i.IIC_Wait_Ack      at24c64iic.o
    0x08001c18   0x08001c18   0x000000a0   Code   RO            5    i.IO_Init           main.o
    0x08001cb8   0x08001cb8   0x000003dc   Code   RO            6    i.Init_Devices      main.o
    0x08002094   0x08002094   0x00000048   Code   RO            7    i.Init_SysTick      main.o
    0x080020dc   0x080020dc   0x000002b8   Code   RO          653    i.IsKeyDown         key.o
    0x08002394   0x08002394   0x00000048   Code   RO         1475    i.LCDRST_Init       ssd1961.o
    0x080023dc   0x080023dc   0x0000006c   Code   RO         1477    i.LCD_Clear         ssd1961.o
    0x08002448   0x08002448   0x00000080   Code   RO         1481    i.LCD_Display_Dir   ssd1961.o
    0x080024c8   0x080024c8   0x00000078   Code   RO         1486    i.LCD_Fast_DrawPoint  ssd1961.o
    0x08002540   0x08002540   0x00000054   Code   RO         1487    i.LCD_Fill          ssd1961.o
    0x08002594   0x08002594   0x00000368   Code   RO         1488    i.LCD_Init          ssd1961.o
    0x080028fc   0x080028fc   0x00000014   Code   RO         1490    i.LCD_RD_DATA       ssd1961.o
    0x08002910   0x08002910   0x00000016   Code   RO         1492    i.LCD_ReadReg       ssd1961.o
    0x08002926   0x08002926   0x00000002   PAD
    0x08002928   0x08002928   0x00000060   Code   RO         1493    i.LCD_SSD_BackLightSet  ssd1961.o
    0x08002988   0x08002988   0x000002ec   Code   RO         1494    i.LCD_Scan_Dir      ssd1961.o
    0x08002c74   0x08002c74   0x000000a8   Code   RO         1495    i.LCD_SetCursor     ssd1961.o
    0x08002d1c   0x08002d1c   0x0000011c   Code   RO         1498    i.LCD_ShowChar_WithColor  ssd1961.o
    0x08002e38   0x08002e38   0x0000006a   Code   RO         1501    i.LCD_ShowString_WithColor  ssd1961.o
    0x08002ea2   0x08002ea2   0x00000002   PAD
    0x08002ea4   0x08002ea4   0x0000000c   Code   RO         1503    i.LCD_WR_DATA       ssd1961.o
    0x08002eb0   0x08002eb0   0x0000000c   Code   RO         1504    i.LCD_WR_REG        ssd1961.o
    0x08002ebc   0x08002ebc   0x00000014   Code   RO         1506    i.LCD_WriteRAM_Prepare  ssd1961.o
    0x08002ed0   0x08002ed0   0x00000010   Code   RO         1507    i.LCD_WriteReg      ssd1961.o
    0x08002ee0   0x08002ee0   0x000000b4   Code   RO          515    i.LED_Init          led.o
    0x08002f94   0x08002f94   0x00000028   Code   RO          516    i.Led_ModePartOff   led.o
    0x08002fbc   0x08002fbc   0x00000024   Code   RO          517    i.Led_ParamPartOff  led.o
    0x08002fe0   0x08002fe0   0x000000a0   Code   RO          518    i.Led_ShortOn_Poll  led.o
    0x08003080   0x08003080   0x000008f8   Code   RO          776    i.Manual_Poll       manual.o
    0x08003978   0x08003978   0x00000004   Code   RO          292    i.MemManage_Handler  stm32f4xx_it.o
    0x0800397c   0x0800397c   0x00000aa0   Code   RO         1040    i.Memory_ConfigLoad  at24c64memdata.o
    0x0800441c   0x0800441c   0x00000016   Code   RO         1041    i.Memory_OverLimit_Process  at24c64memdata.o
    0x08004432   0x08004432   0x00000002   PAD
    0x08004434   0x08004434   0x00000500   Code   RO         1042    i.Memory_Poll       at24c64memdata.o
    0x08004934   0x08004934   0x00000044   Code   RO         1218    i.My_Mem_Init       malloc.o
    0x08004978   0x08004978   0x00000002   Code   RO          293    i.NMI_Handler       stm32f4xx_it.o
    0x0800497a   0x0800497a   0x00000002   PAD
    0x0800497c   0x0800497c   0x00000078   Code   RO         2046    i.NVIC_Init         misc.o
    0x080049f4   0x080049f4   0x00000014   Code   RO         2047    i.NVIC_PriorityGroupConfig  misc.o
    0x08004a08   0x08004a08   0x00000028   Code   RO            8    i.NVIC_SetPriority  main.o
    0x08004a30   0x08004a30   0x00000150   Code   RO          858    i.Output_VorC       output.o
    0x08004b80   0x08004b80   0x00000150   Code   RO         1707    i.ParamEdit_RefreshPre  ui.o
    0x08004cd0   0x08004cd0   0x00000264   Code   RO         1708    i.PartialArea_Refresh  ui.o
    0x08004f34   0x08004f34   0x00000002   Code   RO          294    i.PendSV_Handler    stm32f4xx_it.o
    0x08004f36   0x08004f36   0x00000002   PAD
    0x08004f38   0x08004f38   0x00000104   Code   RO         1327    i.Process_COMMAND_CONTINUE  protocol.o
    0x0800503c   0x0800503c   0x00000164   Code   RO         1328    i.Process_COMMAND_PAUSE  protocol.o
    0x080051a0   0x080051a0   0x0000018c   Code   RO         1329    i.Process_COMMAND_START  protocol.o
    0x0800532c   0x0800532c   0x00000244   Code   RO         1330    i.Process_COMMAND_STOP  protocol.o
    0x08005570   0x08005570   0x00000154   Code   RO         1395    i.PulseTran_FreeRun  pulsetran.o
    0x080056c4   0x080056c4   0x0000017c   Code   RO         1397    i.PulseTran_Single  pulsetran.o
    0x08005840   0x08005840   0x0000029c   Code   RO         1398    i.PulseTran_Sub_CalcPwmPara  pulsetran.o
    0x08005adc   0x08005adc   0x000001f0   Code   RO         1400    i.PulseTran_Train   pulsetran.o
    0x08005ccc   0x08005ccc   0x00000020   Code   RO         4847    i.RCC_AHB1PeriphClockCmd  stm32f4xx_rcc.o
    0x08005cec   0x08005cec   0x00000020   Code   RO         4853    i.RCC_AHB3PeriphClockCmd  stm32f4xx_rcc.o
    0x08005d0c   0x08005d0c   0x00000020   Code   RO         4856    i.RCC_APB1PeriphClockCmd  stm32f4xx_rcc.o
    0x08005d2c   0x08005d2c   0x00000020   Code   RO         4859    i.RCC_APB2PeriphClockCmd  stm32f4xx_rcc.o
    0x08005d4c   0x08005d4c   0x000000e8   Code   RO         4868    i.RCC_GetClocksFreq  stm32f4xx_rcc.o
    0x08005e34   0x08005e34   0x00000010   Code   RO         4873    i.RCC_HSEConfig     stm32f4xx_rcc.o
    0x08005e44   0x08005e44   0x000000b8   Code   RO          777    i.SUB_SettingInfo_Get  manual.o
    0x08005efc   0x08005efc   0x00000002   Code   RO          295    i.SVC_Handler       stm32f4xx_it.o
    0x08005efe   0x08005efe   0x00000002   PAD
    0x08005f00   0x08005f00   0x00000040   Code   RO         6170    i.SYSCFG_EXTILineConfig  stm32f4xx_syscfg.o
    0x08005f40   0x08005f40   0x000000f4   Code   RO         7051    i.SetSysClock       system_stm32f4xx_1.o
    0x08006034   0x08006034   0x00000124   Code   RO          778    i.SettingInfo_Get   manual.o
    0x08006158   0x08006158   0x0000093c   Code   RO          779    i.SettingInfo_Modify  manual.o
    0x08006a94   0x08006a94   0x00000154   Code   RO          822    i.Switch_Ctrl       switch.o
    0x08006be8   0x08006be8   0x00000050   Code   RO          823    i.Switch_Init       switch.o
    0x08006c38   0x08006c38   0x00000054   Code   RO          296    i.SysTick_Handler   stm32f4xx_it.o
    0x08006c8c   0x08006c8c   0x00000068   Code   RO         7053    i.SystemInit        system_stm32f4xx_1.o
    0x08006cf4   0x08006cf4   0x000001ac   Code   RO          479    i.TIM2_IRQHandler   timer2.o
    0x08006ea0   0x08006ea0   0x0000000a   Code   RO         1095    i.TIM4_IRQHandler   pulse.o
    0x08006eaa   0x08006eaa   0x00000002   PAD
    0x08006eac   0x08006eac   0x00000040   Code   RO          372    i.TIM6_DAC_IRQHandler  timer6.o
    0x08006eec   0x08006eec   0x00000018   Code   RO         6243    i.TIM_Cmd           stm32f4xx_tim.o
    0x08006f04   0x08006f04   0x00000012   Code   RO         6268    i.TIM_ITConfig      stm32f4xx_tim.o
    0x08006f16   0x08006f16   0x00000002   PAD
    0x08006f18   0x08006f18   0x00000084   Code   RO         6315    i.TIM_TimeBaseInit  stm32f4xx_tim.o
    0x08006f9c   0x08006f9c   0x000002c0   Code   RO         1096    i.TIMx_IRQHandler_Call  pulse.o
    0x0800725c   0x0800725c   0x00000080   Code   RO          373    i.T_Codec_Process   timer6.o
    0x080072dc   0x080072dc   0x00000014   Code   RO          374    i.T_SelfAddition    timer6.o
    0x080072f0   0x080072f0   0x0000000e   Code   RO          375    i.T_SelfSubtraction  timer6.o
    0x080072fe   0x080072fe   0x0000005a   Code   RO          480    i.Timer2_Init       timer2.o
    0x08007358   0x08007358   0x0000005c   Code   RO          376    i.Timer6_Init       timer6.o
    0x080073b4   0x080073b4   0x00000008   Code   RO          377    i.Timer_Execute_Per10ms  timer6.o
    0x080073bc   0x080073bc   0x00000064   Code   RO          378    i.Timer_Execute_Per1ms  timer6.o
    0x08007420   0x08007420   0x00000098   Code   RO          883    i.TriggerEx_Init    trigger.o
    0x080074b8   0x080074b8   0x000014b2   Code   RO         1709    i.UI_ContentScan    ui.o
    0x0800896a   0x0800896a   0x0000001e   Code   RO         1710    i.UI_DeskTopInit    ui.o
    0x08008988   0x08008988   0x00000a20   Code   RO         1711    i.UI_DisplayFlush   ui.o
    0x080093a8   0x080093a8   0x00000024   Code   RO         1712    i.UI_Poll           ui.o
    0x080093cc   0x080093cc   0x000002a8   Code   RO          884    i.UO_Update         trigger.o
    0x08009674   0x08009674   0x00000078   Code   RO         1176    i.USART1_IRQHandler  usart1.o
    0x080096ec   0x080096ec   0x00000060   Code   RO         1984    i.USART6_IRQHandler  debug_uart.o
    0x0800974c   0x0800974c   0x00000012   Code   RO         6793    i.USART_ClearFlag   stm32f4xx_usart.o
    0x0800975e   0x0800975e   0x00000018   Code   RO         6797    i.USART_Cmd         stm32f4xx_usart.o
    0x08009776   0x08009776   0x0000004a   Code   RO         6803    i.USART_ITConfig    stm32f4xx_usart.o
    0x080097c0   0x080097c0   0x000000d4   Code   RO         6804    i.USART_Init        stm32f4xx_usart.o
    0x08009894   0x08009894   0x000000c0   Code   RO         1177    i.Uart1_Init        usart1.o
    0x08009954   0x08009954   0x00000004   Code   RO          297    i.UsageFault_Handler  stm32f4xx_it.o
    0x08009958   0x08009958   0x00000084   Code   RO         1985    i.Usart6_Init       debug_uart.o
    0x080099dc   0x080099dc   0x000000d0   Code   RO         1713    i.ValueDisplay_Control  ui.o
    0x08009aac   0x08009aac   0x00000020   Code   RO         7374    i.__0printf         mc_w.l(printfa.o)
    0x08009acc   0x08009acc   0x00000028   Code   RO         7376    i.__0sprintf        mc_w.l(printfa.o)
    0x08009af4   0x08009af4   0x0000007a   Code   RO         7118    i.__hardfp_sqrt     m_wm.l(sqrt.o)
    0x08009b6e   0x08009b6e   0x0000000e   Code   RO         7468    i.__scatterload_copy  mc_w.l(handlers.o)
    0x08009b7c   0x08009b7c   0x00000002   Code   RO         7469    i.__scatterload_null  mc_w.l(handlers.o)
    0x08009b7e   0x08009b7e   0x0000000e   Code   RO         7470    i.__scatterload_zeroinit  mc_w.l(handlers.o)
    0x08009b8c   0x08009b8c   0x0000000c   Code   RO         7446    i.__set_errno       mc_w.l(errno.o)
    0x08009b98   0x08009b98   0x00000184   Code   RO         7381    i._fp_digits        mc_w.l(printfa.o)
    0x08009d1c   0x08009d1c   0x000006b4   Code   RO         7382    i._printf_core      mc_w.l(printfa.o)
    0x0800a3d0   0x0800a3d0   0x00000024   Code   RO         7383    i._printf_post_padding  mc_w.l(printfa.o)
    0x0800a3f4   0x0800a3f4   0x0000002e   Code   RO         7384    i._printf_pre_padding  mc_w.l(printfa.o)
    0x0800a422   0x0800a422   0x0000000a   Code   RO         7386    i._sputc            mc_w.l(printfa.o)
    0x0800a42c   0x0800a42c   0x000000d0   Code   RO          655    i.bsp_DetectKey     key.o
    0x0800a4fc   0x0800a4fc   0x00000040   Code   RO          656    i.bsp_GetKey        key.o
    0x0800a53c   0x0800a53c   0x00000060   Code   RO          659    i.bsp_InitKeyVar    key.o
    0x0800a59c   0x0800a59c   0x00000016   Code   RO          660    i.bsp_KeyScan       key.o
    0x0800a5b2   0x0800a5b2   0x00000002   PAD
    0x0800a5b4   0x0800a5b4   0x00000028   Code   RO          661    i.bsp_PutKey        key.o
    0x0800a5dc   0x0800a5dc   0x00000026   Code   RO            9    i.delay_us          main.o
    0x0800a602   0x0800a602   0x00000002   PAD
    0x0800a604   0x0800a604   0x0000001c   Code   RO         1988    i.fputc             debug_uart.o
    0x0800a620   0x0800a620   0x00000120   Code   RO           10    i.get_RCCCLOCK      main.o
    0x0800a740   0x0800a740   0x0000001e   Code   RO           11    i.main              main.o
    0x0800a75e   0x0800a75e   0x00000002   PAD
    0x0800a760   0x0800a760   0x0000006c   Code   RO         1219    i.my_mem_free       malloc.o
    0x0800a7cc   0x0800a7cc   0x000000a8   Code   RO         1220    i.my_mem_malloc     malloc.o
    0x0800a874   0x0800a874   0x00000040   Code   RO         1221    i.my_mem_perused    malloc.o
    0x0800a8b4   0x0800a8b4   0x00000024   Code   RO         1222    i.myfree            malloc.o
    0x0800a8d8   0x0800a8d8   0x00000028   Code   RO         1223    i.mymalloc          malloc.o
    0x0800a900   0x0800a900   0x00000014   Code   RO         1225    i.mymemset          malloc.o
    0x0800a914   0x0800a914   0x000005a8   Code   RO         1714    i.sprintf_value     ui.o
    0x0800aebc   0x0800aebc   0x00000018   Data   RO         1230    .constdata          malloc.o
    0x0800aed4   0x0800aed4   0x000017c0   Data   RO         1510    .constdata          ssd1961.o
    0x0800c694   0x0800c694   0x00000043   Data   RO           13    .conststring        main.o
    0x0800c6d7   0x0800c6d7   0x00000001   PAD
    0x0800c6d8   0x0800c6d8   0x00000020   Data   RO         7466    Region$$Table       anon$$obj.o


    Execution Region RW_IRAM1 (Exec base: 0x20000000, Load base: 0x0800c6f8, Size: 0x00004778, Max: 0x00020000, ABSOLUTE, COMPRESSED[0x00000138])

    Exec Addr    Load Addr    Size         Type   Attr      Idx    E Section Name        Object

    0x20000000   COMPRESSED   0x00000012   Data   RW           14    .data               main.o
    0x20000012   COMPRESSED   0x00000002   PAD
    0x20000014   COMPRESSED   0x00000004   Data   RW          481    .data               timer2.o
    0x20000018   COMPRESSED   0x00000008   Data   RW          615    .data               dac.o
    0x20000020   COMPRESSED   0x00000002   Data   RW          742    .data               codec.o
    0x20000022   COMPRESSED   0x00000006   PAD
    0x20000028   COMPRESSED   0x00000198   Data   RW          780    .data               manual.o
    0x200001c0   COMPRESSED   0x00000003   Data   RW          824    .data               switch.o
    0x200001c3   COMPRESSED   0x00000001   PAD
    0x200001c4   COMPRESSED   0x00000122   Data   RW         1098    .data               pulse.o
    0x200002e6   COMPRESSED   0x00000002   PAD
    0x200002e8   COMPRESSED   0x0000001c   Data   RW         1231    .data               malloc.o
    0x20000304   COMPRESSED   0x00000008   Data   RW         1335    .data               protocol.o
    0x2000030c   COMPRESSED   0x00000004   PAD
    0x20000310   COMPRESSED   0x00000024   Data   RW         1403    .data               pulsetran.o
    0x20000334   COMPRESSED   0x00000005   Data   RW         1716    .data               ui.o
    0x20000339   COMPRESSED   0x00000003   PAD
    0x2000033c   COMPRESSED   0x00000004   Data   RW         1990    .data               debug_uart.o
    0x20000340   COMPRESSED   0x00000010   Data   RW         4900    .data               stm32f4xx_rcc.o
    0x20000350   COMPRESSED   0x00000014   Data   RW         7054    .data               system_stm32f4xx_1.o
    0x20000364   COMPRESSED   0x00000004   Data   RW         7447    .data               mc_w.l(errno.o)
    0x20000368        -       0x00000010   Zero   RW          379    .bss                timer6.o
    0x20000378        -       0x0000000c   Zero   RW          521    .bss                led.o
    0x20000384        -       0x0000019d   Zero   RW          663    .bss                key.o
    0x20000521        -       0x000000c8   Zero   RW         1043    .bss                at24c64memdata.o
    0x200005e9        -       0x00000050   Zero   RW         1097    .bss                pulse.o
    0x20000639        -       0x00000142   Zero   RW         1179    .bss                usart1.o
    0x2000077b   COMPRESSED   0x00000005   PAD
    0x20000780        -       0x00002200   Zero   RW         1229    .bss                malloc.o
    0x20002980        -       0x000017a0   Zero   RW         1334    .bss                protocol.o
    0x20004120        -       0x00000080   Zero   RW         1402    .bss                pulsetran.o
    0x200041a0        -       0x0000000e   Zero   RW         1509    .bss                ssd1961.o
    0x200041ae        -       0x000001bb   Zero   RW         1715    .bss                ui.o
    0x20004369   COMPRESSED   0x00000001   PAD
    0x2000436a        -       0x0000000c   Zero   RW         1989    .bss                debug_uart.o
    0x20004376   COMPRESSED   0x00000002   PAD
    0x20004378        -       0x00000400   Zero   RW         7111    STACK               startup_stm32f40_41xxx.o



  Load Region LR$$.ARM.__AT_0x68000000 (Base: 0x68000000, Size: 0x00000000, Max: 0x00000400, ABSOLUTE)

    Execution Region ER$$.ARM.__AT_0x68000000 (Exec base: 0x68000000, Load base: 0x68000000, Size: 0x00000400, Max: 0x00000400, ABSOLUTE, UNINIT)

    Exec Addr    Load Addr    Size         Type   Attr      Idx    E Section Name        Object

    0x68000000        -       0x00000400   Zero   RW         1227    .ARM.__AT_0x68000000  malloc.o



  Load Region LR$$.ARM.__AT_0x68000400 (Base: 0x68000400, Size: 0x00000000, Max: 0x00000040, ABSOLUTE)

    Execution Region ER$$.ARM.__AT_0x68000400 (Exec base: 0x68000400, Load base: 0x68000400, Size: 0x00000040, Max: 0x00000040, ABSOLUTE, UNINIT)

    Exec Addr    Load Addr    Size         Type   Attr      Idx    E Section Name        Object

    0x68000400        -       0x00000040   Zero   RW         1228    .ARM.__AT_0x68000400  malloc.o


==============================================================================

Image component sizes


      Code (inc. data)   RO Data    RW Data    ZI Data      Debug   Object Name

       238          0          0          0          0       3383   at24c64.o
       684        104          0          0          0       4518   at24c64iic.o
      5490         96          0          0        200       4513   at24c64memdata.o
        80         10          0          0          0        528   beep.o
       412         40          0          2          0       1566   codec.o
       528         58          0          8          0       2578   dac.o
       256         26          0          4         12       4075   debug_uart.o
         0          0          0          0          0     295908   delay.o
      1210         38          0          0        413      10853   key.o
       416         58          0          0         12       3308   led.o
      1640        748         67         18          0     334274   main.o
       504         60         24         28       9792       6261   malloc.o
      5136        184          0        408          0       7651   manual.o
       140         24          0          0          0       1447   misc.o
       336         16          0          0          0        738   output.o
      1592        154          0          8       6048       5850   protocol.o
      1004         66          0        290         80       7920   pulse.o
      1884        130          0         36        128       5036   pulsetran.o
      2888        136       6080          0         14      14563   ssd1961.o
        36          8        392          0       1024        836   startup_stm32f40_41xxx.o
       148          6          0          0          0        900   stm32f4xx_exti.o
       344         16          0          0          0       1913   stm32f4xx_fsmc.o
       218          0          0          0          0       2202   stm32f4xx_gpio.o
       108         12          0          0          0       3982   stm32f4xx_it.o
       376         46          0         16          0       5540   stm32f4xx_rcc.o
        64          4          0          0          0        624   stm32f4xx_syscfg.o
       174         28          0          0          0       2276   stm32f4xx_tim.o
       328          8          0          0          0       3332   stm32f4xx_usart.o
       420        190          0          3          0       1969   switch.o
        16          0          0          0          0        468   sys.o
       348         34          0         20          0       1705   system_stm32f4xx_1.o
       518         18          0          4          0       2233   timer2.o
       426         38          0          0         16     244873   timer6.o
      1020         68          0          0          0       2136   trigger.o
     10560        366          0          5        443      17561   ui.o
       312         18          0          0        322       1970   usart1.o

    ----------------------------------------------------------------------
     39884       2808       6596        868      18512    1009490   Object Totals
         0          0         32          0          0          0   (incl. Generated)
        30          0          1         18          8          0   (incl. Padding)

    ----------------------------------------------------------------------

      Code (inc. data)   RO Data    RW Data    ZI Data      Debug   Library Member Name

       122          0          0          0          0        148   sqrt.o
        86          0          0          0          0          0   __dczerorl2.o
         0          0          0          0          0          0   entry.o
         0          0          0          0          0          0   entry10a.o
         0          0          0          0          0          0   entry11a.o
         4          0          0          0          0          0   entry12b.o
         8          4          0          0          0          0   entry2.o
         4          0          0          0          0          0   entry5.o
         0          0          0          0          0          0   entry7b.o
         0          0          0          0          0          0   entry8b.o
         8          4          0          0          0          0   entry9a.o
        12          6          0          4          0         68   errno.o
        30          0          0          0          0          0   handlers.o
        36          8          0          0          0         68   init.o
         0          0          0          0          0          0   iusefp.o
        30          0          0          0          0         68   llshl.o
        36          0          0          0          0         68   llsshr.o
        32          0          0          0          0         68   llushr.o
      2268         96          0          0          0        616   printfa.o
        28          0          0          0          0         76   strcmp.o
        18          0          0          0          0         68   strcpy.o
        14          0          0          0          0         68   strlen.o
        44          0          0          0          0         80   uidiv.o
        98          0          0          0          0         92   uldiv.o
        48          0          0          0          0         68   cdrcmple.o
       334          0          0          0          0        148   dadd.o
       222          0          0          0          0        100   ddiv.o
       186          0          0          0          0        176   depilogue.o
        62          0          0          0          0         80   dfixi.o
        50          0          0          0          0         76   dfixui.o
        48          0          0          0          0         68   dfixul.o
        34          0          0          0          0         76   dflti.o
        26          0          0          0          0         76   dfltui.o
       228          0          0          0          0         96   dmul.o
       162          0          0          0          0        100   dsqrt.o
        38          0          0          0          0         68   f2d.o
       110          0          0          0          0        168   fepilogue.o
        28          0          0          0          0         84   ffltul.o

    ----------------------------------------------------------------------
      4456        118          0          4          0       2872   Library Totals
         2          0          0          0          0          0   (incl. Padding)

    ----------------------------------------------------------------------

      Code (inc. data)   RO Data    RW Data    ZI Data      Debug   Library Name

       122          0          0          0          0        148   m_wm.l
      2756        118          0          4          0       1340   mc_w.l
      1576          0          0          0          0       1384   mf_w.l

    ----------------------------------------------------------------------
      4456        118          0          4          0       2872   Library Totals

    ----------------------------------------------------------------------

==============================================================================


      Code (inc. data)   RO Data    RW Data    ZI Data      Debug   

     44340       2926       6596        872      18512     996490   Grand Totals
     44340       2926       6596        312      18512     996490   ELF Image Totals (compressed)
     44340       2926       6596        312          0          0   ROM Totals

==============================================================================

    Total RO  Size (Code + RO Data)                50936 (  49.74kB)
    Total RW  Size (RW Data + ZI Data)             19384 (  18.93kB)
    Total ROM Size (Code + RO Data + RW Data)      51248 (  50.05kB)

==============================================================================

